ELF Header:
  Magic:   7f 45 4c 46 02 01 01 00 00 00 00 00 00 00 00 00
  Class:                             ELF64
  Data:                              2's complement, little endian
  Version:                           1 (current)
  OS/ABI:                            UNIX - System V
  ABI Version:                       0
  Type:                              DYN (Shared object file)
  Machine:                           AArch64
  Version:                           0x1
  Entry point address:               0x0
  Start of program headers:          64 (bytes into file)
  Start of section headers:          2537752 (bytes into file)
  Flags:                             0x0
  Size of this header:               64 (bytes)
  Size of program headers:           56 (bytes)
  Number of program headers:         11
  Size of section headers:           64 (bytes)
  Number of section headers:         40
  Section header string table index: 38
Dynamic section at offset 0x80c80 contains 27 entries:
  Tag                Type           Name/Value
  0x0000000000000001 (NEEDED)       Shared library: [libdeviceinfo_ndk.z.so]
  0x0000000000000001 (NEEDED)       Shared library: [libace_napi.z.so]
  0x0000000000000001 (NEEDED)       Shared library: [libc.so]
  0x000000000000000e (SONAME)       Library soname: [libmoonohos.so]
  0x000000000000001e (FLAGS)        BIND_NOW
  0x000000006ffffffb (FLAGS_1)      NOW
  0x0000000000000007 (RELA)         0xeb20
  0x0000000000000008 (RELASZ)       43128 (bytes)
  0x0000000000000009 (RELAENT)      24 (bytes)
  0x000000006ffffff9 (RELACOUNT)    1219
  0x0000000000000017 (JMPREL)       0x19398
  0x0000000000000002 (PLTRELSZ)     6096 (bytes)
  0x0000000000000003 (PLTGOT)       0x83010
  0x0000000000000014 (PLTREL)       RELA
  0x0000000000000006 (SYMTAB)       0x2e8
  0x000000000000000b (SYMENT)       24 (bytes)
  0x0000000000000005 (STRTAB)       0x8428
  0x000000000000000a (STRSZ)        26356 (bytes)
  0x000000006ffffef5 (GNU_HASH)     0x5358
  0x0000000000000004 (HASH)         0x6950
  0x0000000000000019 (INIT_ARRAY)   0x7eea0
  0x000000000000001b (INIT_ARRAYSZ) 24 (bytes)
  0x000000000000001a (FINI_ARRAY)   0x7eeb8
  0x000000000000001c (FINI_ARRAYSZ) 16 (bytes)
  0x000000000000000c (INIT)         0x7ce6c
  0x000000000000000d (FINI)         0x7ce80
  0x0000000000000000 (NULL)         0x0

Symbol table '.dynsym' contains 858 entries:
   Num:    Value          Size Type    Bind   Vis       Ndx Name
     0: 0000000000000000     0 NOTYPE  LOCAL  DEFAULT   UND
     1: 0000000000000000     0 NOTYPE  WEAK   DEFAULT   UND __register_frame_info
     2: 0000000000000000     0 NOTYPE  WEAK   DEFAULT   UND __at_fini
     3: 0000000000000000     0 FUNC    WEAK   DEFAULT   UND __cxa_finalize
     4: 0000000000000000     0 NOTYPE  WEAK   DEFAULT   UND __deregister_frame_info
     5: 0000000000000000     0 FUNC    GLOBAL DEFAULT   UND malloc
     6: 0000000000000000     0 FUNC    GLOBAL DEFAULT   UND free
     7: 0000000000000000     0 FUNC    GLOBAL DEFAULT   UND napi_module_register
     8: 0000000000000000     0 OBJECT  GLOBAL DEFAULT   UND __stack_chk_guard
     9: 0000000000000000     0 FUNC    GLOBAL DEFAULT   UND memcpy
    10: 0000000000000000     0 FUNC    GLOBAL DEFAULT   UND napi_define_properties
    11: 0000000000000000     0 FUNC    GLOBAL DEFAULT   UND napi_throw_error
    12: 0000000000000000     0 FUNC    GLOBAL DEFAULT   UND __stack_chk_fail
    13: 0000000000000000     0 FUNC    GLOBAL DEFAULT   UND napi_get_cb_info
    14: 0000000000000000     0 FUNC    GLOBAL DEFAULT   UND napi_create_int32
    15: 0000000000000000     0 FUNC    GLOBAL DEFAULT   UND napi_throw_type_error
    16: 0000000000000000     0 FUNC    GLOBAL DEFAULT   UND napi_throw_range_error
    17: 0000000000000000     0 FUNC    GLOBAL DEFAULT   UND napi_create_double
    18: 0000000000000000     0 FUNC    GLOBAL DEFAULT   UND napi_get_boolean
    19: 0000000000000000     0 FUNC    GLOBAL DEFAULT   UND napi_get_undefined
    20: 0000000000000000     0 FUNC    GLOBAL DEFAULT   UND napi_create_string_utf16
    21: 0000000000000000     0 FUNC    GLOBAL DEFAULT   UND napi_create_arraybuffer
    22: 0000000000000000     0 FUNC    GLOBAL DEFAULT   UND napi_create_typedarray
    23: 0000000000000000     0 FUNC    GLOBAL DEFAULT   UND memmove
    24: 0000000000000000     0 FUNC    GLOBAL DEFAULT   UND napi_create_array_with_length
    25: 0000000000000000     0 FUNC    GLOBAL DEFAULT   UND napi_create_object
    26: 0000000000000000     0 FUNC    GLOBAL DEFAULT   UND napi_set_named_property
    27: 0000000000000000     0 FUNC    GLOBAL DEFAULT   UND napi_set_element
    28: 0000000000000000     0 FUNC    GLOBAL DEFAULT   UND napi_get_value_double
    29: 0000000000000000     0 FUNC    GLOBAL DEFAULT   UND strlen
    30: 0000000000000000     0 FUNC    GLOBAL DEFAULT   UND napi_typeof
    31: 0000000000000000     0 FUNC    GLOBAL DEFAULT   UND napi_get_value_bool
    32: 0000000000000000     0 FUNC    GLOBAL DEFAULT   UND napi_get_value_string_utf16
    33: 0000000000000000     0 FUNC    GLOBAL DEFAULT   UND memset
    34: 0000000000000000     0 FUNC    GLOBAL DEFAULT   UND napi_is_typedarray
    35: 0000000000000000     0 FUNC    GLOBAL DEFAULT   UND napi_is_sendable
    36: 0000000000000000     0 FUNC    GLOBAL DEFAULT   UND napi_get_typedarray_info
    37: 0000000000000000     0 FUNC    GLOBAL DEFAULT   UND napi_is_arraybuffer
    38: 0000000000000000     0 FUNC    GLOBAL DEFAULT   UND napi_is_detached_arraybuffer
    39: 0000000000000000     0 FUNC    GLOBAL DEFAULT   UND napi_get_array_length
    40: 0000000000000000     0 FUNC    GLOBAL DEFAULT   UND napi_is_array
    41: 0000000000000000     0 FUNC    GLOBAL DEFAULT   UND napi_get_null
    42: 0000000000000000     0 FUNC    GLOBAL DEFAULT   UND napi_strict_equals
    43: 0000000000000000     0 FUNC    GLOBAL DEFAULT   UND napi_is_dataview
    44: 0000000000000000     0 FUNC    GLOBAL DEFAULT   UND napi_create_string_utf8
    45: 0000000000000000     0 FUNC    GLOBAL DEFAULT   UND napi_has_own_property
    46: 0000000000000000     0 FUNC    GLOBAL DEFAULT   UND napi_get_property
    47: 0000000000000000     0 FUNC    GLOBAL DEFAULT   UND __cxa_atexit
    48: 0000000000000000     0 OBJECT  GLOBAL DEFAULT   UND stderr
    49: 0000000000000000     0 FUNC    GLOBAL DEFAULT   UND fprintf
    50: 0000000000000000     0 FUNC    GLOBAL DEFAULT   UND fflush
    51: 0000000000000000     0 FUNC    GLOBAL DEFAULT   UND abort
    52: 0000000000000000     0 FUNC    GLOBAL DEFAULT   UND getenv
    53: 0000000000000000     0 FUNC    GLOBAL DEFAULT   UND pthread_rwlock_wrlock
    54: 0000000000000000     0 FUNC    GLOBAL DEFAULT   UND pthread_rwlock_unlock
    55: 0000000000000000     0 FUNC    GLOBAL DEFAULT   UND __assert_fail
    56: 0000000000000000     0 FUNC    GLOBAL DEFAULT   UND dladdr
    57: 0000000000000000     0 FUNC    GLOBAL DEFAULT   UND snprintf
    58: 0000000000000000     0 FUNC    GLOBAL DEFAULT   UND dl_iterate_phdr
    59: 0000000000000000     0 FUNC    GLOBAL DEFAULT   UND pthread_rwlock_rdlock
    60: 0000000000000000     0 FUNC    GLOBAL DEFAULT   UND getpid
    61: 0000000000000000     0 FUNC    GLOBAL DEFAULT   UND syscall
    62: 0000000000000000     0 FUNC    GLOBAL DEFAULT   UND fwrite
    63: 0000000000000000     0 FUNC    GLOBAL DEFAULT   UND printf
    64: 0000000000000000     0 FUNC    GLOBAL DEFAULT   UND bcmp
    65: 0000000000000000     0 OBJECT  GLOBAL DEFAULT   UND stdout
    66: 0000000000000000     0 FUNC    GLOBAL DEFAULT   UND getentropy
    67: 0000000000000000     0 FUNC    GLOBAL DEFAULT   UND getcwd
    68: 0000000000000000     0 FUNC    GLOBAL DEFAULT   UND __errno_location
    69: 0000000000000000     0 FUNC    GLOBAL DEFAULT   UND readlink
    70: 0000000000000000     0 FUNC    GLOBAL DEFAULT   UND realloc
    71: 0000000000000000     0 OBJECT  GLOBAL DEFAULT   UND environ
    72: 0000000000000000     0 FUNC    GLOBAL DEFAULT   UND strchr
    73: 0000000000000000     0 FUNC    GLOBAL DEFAULT   UND setenv
    74: 0000000000000000     0 FUNC    GLOBAL DEFAULT   UND unsetenv
    75: 0000000000000000     0 FUNC    GLOBAL DEFAULT   UND clock_gettime
    76: 0000000000000000     0 FUNC    GLOBAL DEFAULT   UND gettimeofday
    77: 0000000000000000     0 FUNC    GLOBAL DEFAULT   UND exit
    78: 0000000000000000     0 FUNC    GLOBAL DEFAULT   UND fputc
    79: 0000000000000000     0 FUNC    GLOBAL DEFAULT   UND strcmp
    80: 0000000000000000     0 FUNC    GLOBAL DEFAULT   UND strncmp
    81: 0000000000000000     0 FUNC    GLOBAL DEFAULT   UND fopen
    82: 0000000000000000     0 FUNC    GLOBAL DEFAULT   UND fread
    83: 0000000000000000     0 FUNC    GLOBAL DEFAULT   UND fseek
    84: 0000000000000000     0 FUNC    GLOBAL DEFAULT   UND ftell
    85: 0000000000000000     0 FUNC    GLOBAL DEFAULT   UND fclose
    86: 0000000000000000     0 FUNC    GLOBAL DEFAULT   UND strerror
    87: 0000000000000000     0 FUNC    GLOBAL DEFAULT   UND stat
    88: 0000000000000000     0 FUNC    GLOBAL DEFAULT   UND rmdir
    89: 0000000000000000     0 FUNC    GLOBAL DEFAULT   UND remove
    90: 0000000000000000     0 FUNC    GLOBAL DEFAULT   UND mkdir
    91: 0000000000000000     0 FUNC    GLOBAL DEFAULT   UND opendir
    92: 0000000000000000     0 FUNC    GLOBAL DEFAULT   UND readdir
    93: 0000000000000000     0 FUNC    GLOBAL DEFAULT   UND rewinddir
    94: 0000000000000000     0 FUNC    GLOBAL DEFAULT   UND closedir
    95: 0000000000000000     0 FUNC    GLOBAL DEFAULT   UND perror
    96: 0000000000000000     0 FUNC    GLOBAL DEFAULT   UND pthread_once
    97: 0000000000000000     0 FUNC    GLOBAL DEFAULT   UND pthread_getspecific
    98: 0000000000000000     0 FUNC    GLOBAL DEFAULT   UND pthread_setspecific
    99: 0000000000000000     0 FUNC    GLOBAL DEFAULT   UND pthread_key_create
   100: 0000000000000000     0 FUNC    GLOBAL DEFAULT   UND fputs
   101: 0000000000000000     0 FUNC    GLOBAL DEFAULT   UND isxdigit
   102: 0000000000000000     0 FUNC    GLOBAL DEFAULT   UND memchr
   103: 0000000000000000     0 FUNC    GLOBAL DEFAULT   UND vfprintf
   104: 0000000000000000     0 FUNC    GLOBAL DEFAULT   UND vasprintf
   105: 0000000000000000     0 FUNC    WEAK   DEFAULT   UND set_fatal_message
   106: 0000000000000000     0 FUNC    GLOBAL DEFAULT   UND posix_memalign
   107: 0000000000000000     0 FUNC    GLOBAL DEFAULT   UND pthread_mutex_lock
   108: 0000000000000000     0 FUNC    GLOBAL DEFAULT   UND pthread_mutex_unlock
   109: 0000000000000000     0 FUNC    GLOBAL DEFAULT   UND calloc
   110: 0000000000000000     0 FUNC    GLOBAL DEFAULT   UND pthread_mutex_trylock
   111: 0000000000000000     0 FUNC    GLOBAL DEFAULT   UND pthread_mutexattr_init
   112: 0000000000000000     0 FUNC    GLOBAL DEFAULT   UND pthread_mutexattr_settype
   113: 0000000000000000     0 FUNC    GLOBAL DEFAULT   UND pthread_mutex_init
   114: 0000000000000000     0 FUNC    GLOBAL DEFAULT   UND pthread_mutexattr_destroy
   115: 0000000000000000     0 FUNC    GLOBAL DEFAULT   UND pthread_mutex_destroy
   116: 0000000000000000     0 FUNC    GLOBAL DEFAULT   UND pthread_self
   117: 0000000000000000     0 FUNC    GLOBAL DEFAULT   UND pthread_cond_wait
   118: 0000000000000000     0 FUNC    GLOBAL DEFAULT   UND pthread_cond_broadcast
   119: 0000000000000000     0 FUNC    GLOBAL DEFAULT   UND pthread_cond_destroy
   120: 0000000000000000     0 FUNC    GLOBAL DEFAULT   UND pthread_cond_signal
   121: 0000000000000000     0 FUNC    GLOBAL DEFAULT   UND pthread_cond_timedwait
   122: 0000000000000000     0 FUNC    GLOBAL DEFAULT   UND memcmp
   123: 0000000000000000     0 FUNC    GLOBAL DEFAULT   UND wcslen
   124: 0000000000000000     0 FUNC    GLOBAL DEFAULT   UND wmemchr
   125: 0000000000000000     0 FUNC    GLOBAL DEFAULT   UND wmemcmp
   126: 0000000000000000     0 FUNC    GLOBAL DEFAULT   UND strtol
   127: 0000000000000000     0 FUNC    GLOBAL DEFAULT   UND strtoul
   128: 0000000000000000     0 FUNC    GLOBAL DEFAULT   UND strtoll
   129: 0000000000000000     0 FUNC    GLOBAL DEFAULT   UND strtoull
   130: 0000000000000000     0 FUNC    GLOBAL DEFAULT   UND strtof
   131: 0000000000000000     0 FUNC    GLOBAL DEFAULT   UND strtod
   132: 0000000000000000     0 FUNC    GLOBAL DEFAULT   UND strtold
   133: 0000000000000000     0 FUNC    GLOBAL DEFAULT   UND wcstol
   134: 0000000000000000     0 FUNC    GLOBAL DEFAULT   UND wcstoul
   135: 0000000000000000     0 FUNC    GLOBAL DEFAULT   UND wcstoll
   136: 0000000000000000     0 FUNC    GLOBAL DEFAULT   UND wcstoull
   137: 0000000000000000     0 FUNC    GLOBAL DEFAULT   UND wcstof
   138: 0000000000000000     0 FUNC    GLOBAL DEFAULT   UND wcstod
   139: 0000000000000000     0 FUNC    GLOBAL DEFAULT   UND wcstold
   140: 0000000000000000     0 FUNC    GLOBAL DEFAULT   UND swprintf
   141: 0000000000000000     0 FUNC    GLOBAL DEFAULT   UND strerror_r
   142: 0000000000000000     0 FUNC    GLOBAL DEFAULT   UND pthread_join
   143: 0000000000000000     0 FUNC    GLOBAL DEFAULT   UND pthread_detach
   144: 0000000000000000     0 FUNC    GLOBAL DEFAULT   UND sysconf
   145: 0000000000000000     0 FUNC    GLOBAL DEFAULT   UND nanosleep
   146: 000000000007b15c   148 FUNC    GLOBAL DEFAULT    13 __cxa_guard_abort
   147: 0000000000082088    16 OBJECT  GLOBAL DEFAULT    19 _ZTIi
   148: 000000000004f708    16 FUNC    GLOBAL DEFAULT    13 _ZSt15get_new_handlerv
   149: 0000000000081e08    16 OBJECT  GLOBAL DEFAULT    19 _ZTIDn
   150: 0000000000020e46     4 OBJECT  GLOBAL DEFAULT     9 _ZTSPKa
   151: 00000000000820d8    16 OBJECT  GLOBAL DEFAULT    19 _ZTIj
   152: 000000000007cbc4     4 FUNC    GLOBAL DEFAULT    13 _ZNSt4__n114__shared_countD0Ev
   153: 0000000000044184   300 FUNC    WEAK   DEFAULT    13 unw_iterate_dwarf_unwind_cache
   154: 000000000006d238    12 FUNC    GLOBAL DEFAULT    13 _ZNKSt13bad_exception4whatEv
   155: 0000000000020e22     4 OBJECT  GLOBAL DEFAULT     9 _ZTSPKb
   156: 00000000000827b8    56 OBJECT  GLOBAL DEFAULT    19 _ZTVN10__cxxabiv119__pointer_type_infoE
   157: 0000000000020e34     4 OBJECT  GLOBAL DEFAULT     9 _ZTSPKc
   158: 0000000000082128    16 OBJECT  GLOBAL DEFAULT    19 _ZTIl
   159: 000000000006f6d8     4 FUNC    WEAK   DEFAULT    13 _ZdlPvm
   160: 0000000000073c04   452 FUNC    WEAK   DEFAULT    13 _ZNSt4__n112basic_stringIcNS_11char_traitsIcEENS_9allocatorIcEEE6insertENS_11__wrap_iterIPKcEEc
   161: 000000000006d434    36 FUNC    GLOBAL DEFAULT    13 _ZNSt12length_errorD0Ev
   162: 0000000000082178    16 OBJECT  GLOBAL DEFAULT    19 _ZTIm
   163: 0000000000020ebe     4 OBJECT  GLOBAL DEFAULT     9 _ZTSPKd
   164: 0000000000020f3b    37 OBJECT  GLOBAL DEFAULT     9 _ZTSN10__cxxabiv120__si_class_type_infoE
   165: 0000000000071eb8   160 FUNC    WEAK   DEFAULT    13 _ZNSt4__n112basic_stringIcNS_11char_traitsIcEENS_9allocatorIcEEEC1ERKS5_RKS4_
   166: 000000000004360c   104 FUNC    GLOBAL DEFAULT    13 _Unwind_SetGR
   167: 000000000006d214    36 FUNC    GLOBAL DEFAULT    13 _ZNSt13bad_exceptionD0Ev
   168: 0000000000082268    16 OBJECT  GLOBAL DEFAULT    19 _ZTIn
   169: 0000000000020ec7     4 OBJECT  GLOBAL DEFAULT     9 _ZTSPKe
   170: 000000000007be24   196 FUNC    GLOBAL DEFAULT    13 _ZNSt4__n117__assoc_sub_state24set_value_at_thread_exitEv
   171: 000000000007c7e4    32 FUNC    GLOBAL DEFAULT    13 _ZNSt4__n17promiseIvE24set_value_at_thread_exitEv
   172: 0000000000075c08   296 FUNC    WEAK   DEFAULT    13 _ZNSt4__n112basic_stringIwNS_11char_traitsIwEENS_9allocatorIwEEE6appendERKS5_mm
   173: 000000000007b878   236 FUNC    GLOBAL DEFAULT    13 _ZNSt4__n115__thread_struct27__make_ready_at_thread_exitEPNS_17__assoc_sub_stateE
   174: 000000000004f984    60 FUNC    GLOBAL DEFAULT    13 __cxa_get_globals_fast
   175: 000000000006f550    20 FUNC    GLOBAL DEFAULT    13 _ZNSt8bad_castC2Ev
   176: 00000000000822b8    16 OBJECT  GLOBAL DEFAULT    19 _ZTIo
   177: 0000000000020eb5     4 OBJECT  GLOBAL DEFAULT     9 _ZTSPKf
   178: 00000000000824e8    16 OBJECT  GLOBAL DEFAULT    19 _ZTIDs
   179: 00000000000439d0   372 FUNC    WEAK   DEFAULT    13 unw_set_reg
   180: 000000000006d2cc   100 FUNC    GLOBAL DEFAULT    13 _ZNSt11logic_errorD2Ev
   181: 000000000006d35c   100 FUNC    GLOBAL DEFAULT    13 _ZNSt15underflow_errorD2Ev
   182: 0000000000020ed0     4 OBJECT  GLOBAL DEFAULT     9 _ZTSPKg
   183: 000000000007c890    48 FUNC    GLOBAL DEFAULT    13 _ZNSt4__n113shared_futureIvED1Ev
   184: 00000000000728f4     4 FUNC    WEAK   DEFAULT    13 _ZNSt4__n112basic_stringIcNS_11char_traitsIcEENS_9allocatorIcEEE6assignEPKcm
   185: 0000000000074e60   224 FUNC    WEAK   DEFAULT    13 _ZNSt4__n112basic_stringIwNS_11char_traitsIwEENS_9allocatorIwEEE6assignEPKwm
   186: 0000000000020cbf    19 OBJECT  GLOBAL DEFAULT     9 _ZTSSt14overflow_error
   187: 0000000000020e3d     4 OBJECT  GLOBAL DEFAULT     9 _ZTSPKh
   188: 0000000000082498    16 OBJECT  GLOBAL DEFAULT    19 _ZTIDu
   189: 0000000000072704   496 FUNC    WEAK   DEFAULT    13 _ZNSt4__n112basic_stringIcNS_11char_traitsIcEENS_9allocatorIcEEE7replaceEmmmc
   190: 0000000000073bbc    72 FUNC    WEAK   DEFAULT    13 _ZNSt4__n112basic_stringIcNS_11char_traitsIcEENS_9allocatorIcEEE7replaceEmmRKS5_mm
   191: 000000000007a250    20 FUNC    GLOBAL DEFAULT    13 _ZNSt4__n114error_categoryC2Ev
   192: 000000000007a570    24 FUNC    GLOBAL DEFAULT    13 _ZNKSt4__n115error_condition7messageEv
   193: 0000000000020e61     4 OBJECT  GLOBAL DEFAULT     9 _ZTSPKi
   194: 0000000000020f1a    33 OBJECT  GLOBAL DEFAULT     9 _ZTSN10__cxxabiv116__enum_type_infoE
   195: 000000000007ce80     0 FUNC    GLOBAL DEFAULT    15 _fini
   196: 0000000000081fe8    16 OBJECT  GLOBAL DEFAULT    19 _ZTIs
   197: 0000000000020e6a     4 OBJECT  GLOBAL DEFAULT     9 _ZTSPKj
   198: 00000000000825d8    56 OBJECT  GLOBAL DEFAULT    19 _ZTVN10__cxxabiv120__function_type_infoE
   199: 000000000007c804   140 FUNC    GLOBAL DEFAULT    13 _ZNSt4__n17promiseIvE28set_exception_at_thread_exitESt13exception_ptr
   200: 0000000000074574    20 FUNC    WEAK   DEFAULT    13 _ZNSt4__n112basic_stringIwNS_11char_traitsIwEENS_9allocatorIwEEED1Ev
   201: 0000000000081da0    24 OBJECT  GLOBAL DEFAULT    19 _ZTIN10__cxxabiv123__fundamental_type_infoE
   202: 0000000000082038    16 OBJECT  GLOBAL DEFAULT    19 _ZTIt
   203: 0000000000071128   144 FUNC    GLOBAL DEFAULT    13 _ZNSt4__n121recursive_timed_mutex8try_lockEv
   204: 0000000000071758   128 FUNC    GLOBAL DEFAULT    13 _ZNSt13runtime_errorC1EPKc
   205: 0000000000075460   112 FUNC    WEAK   DEFAULT    13 _ZNKSt4__n112basic_stringIwNS_11char_traitsIwEENS_9allocatorIwEEE4findEwm
   206: 0000000000020e73     4 OBJECT  GLOBAL DEFAULT     9 _ZTSPKl
   207: 0000000000077414   276 FUNC    GLOBAL DEFAULT    13 _ZNSt4__n15stollERKNS_12basic_stringIwNS_11char_traitsIwEENS_9allocatorIwEEEEPmi
   208: 000000000006d288    20 FUNC    GLOBAL DEFAULT    13 _ZNSt20bad_array_new_lengthC1Ev
   209: 0000000000081db8    16 OBJECT  GLOBAL DEFAULT    19 _ZTIv
   210: 0000000000081fc8    32 OBJECT  GLOBAL DEFAULT    19 _ZTIPKa
   211: 0000000000020e7c     4 OBJECT  GLOBAL DEFAULT     9 _ZTSPKm
   212: 00000000000771f0   272 FUNC    GLOBAL DEFAULT    13 _ZNSt4__n14stolERKNS_12basic_stringIwNS_11char_traitsIwEENS_9allocatorIwEEEEPmi
   213: 00000000000432f4   180 FUNC    GLOBAL DEFAULT    13 _Unwind_ForcedUnwind
   214: 0000000000084998     8 OBJECT  GLOBAL DEFAULT    23 __cxa_terminate_handler
   215: 0000000000081e88    32 OBJECT  GLOBAL DEFAULT    19 _ZTIPKb
   216: 0000000000081ea8    16 OBJECT  GLOBAL DEFAULT    19 _ZTIw
   217: 0000000000020e97     4 OBJECT  GLOBAL DEFAULT     9 _ZTSPKn
   218: 0000000000082338    32 OBJECT  GLOBAL DEFAULT    19 _ZTIPKDh
   219: 0000000000074ba0   128 FUNC    WEAK   DEFAULT    13 _ZNKSt4__n112basic_stringIwNS_11char_traitsIwEENS_9allocatorIwEEE13find_first_ofEPKwmm
   220: 0000000000043c28   228 FUNC    WEAK   DEFAULT    13 unw_set_fpreg
   221: 000000000006d1e0     4 FUNC    GLOBAL DEFAULT    13 _ZNSt20bad_array_new_lengthD2Ev
   222: 0000000000081f28    32 OBJECT  GLOBAL DEFAULT    19 _ZTIPKc
   223: 00000000000821c8    16 OBJECT  GLOBAL DEFAULT    19 _ZTIx
   224: 0000000000020ea0     4 OBJECT  GLOBAL DEFAULT     9 _ZTSPKo
   225: 0000000000082568    32 OBJECT  GLOBAL DEFAULT    19 _ZTIPKDi
   226: 000000000007cbc0     4 FUNC    GLOBAL DEFAULT    13 _ZNSt4__n119__shared_weak_countD2Ev
   227: 0000000000071eb8   160 FUNC    WEAK   DEFAULT    13 _ZNSt4__n112basic_stringIcNS_11char_traitsIcEENS_9allocatorIcEEEC2ERKS5_RKS4_
   228: 0000000000081cd0    24 OBJECT  GLOBAL DEFAULT    19 _ZTIN10__cxxabiv117__pbase_type_infoE
   229: 0000000000082218    16 OBJECT  GLOBAL DEFAULT    19 _ZTIy
   230: 00000000000823d8    32 OBJECT  GLOBAL DEFAULT    19 _ZTIPKd
   231: 000000000006ff70    32 FUNC    GLOBAL DEFAULT    13 __cxa_uncaught_exceptions
   232: 0000000000082428    32 OBJECT  GLOBAL DEFAULT    19 _ZTIPKe
   233: 0000000000082948    24 OBJECT  GLOBAL DEFAULT    19 _ZTINSt4__n112system_errorE
   234: 0000000000082388    32 OBJECT  GLOBAL DEFAULT    19 _ZTIPKf
   235: 00000000000770d8   280 FUNC    GLOBAL DEFAULT    13 _ZNSt4__n14stoiERKNS_12basic_stringIwNS_11char_traitsIwEENS_9allocatorIwEEEEPmi
   236: 000000000007aea8     4 FUNC    GLOBAL DEFAULT    13 _ZNSt4__n112system_errorD2Ev
   237: 0000000000081cb8    24 OBJECT  GLOBAL DEFAULT    19 _ZTIN10__cxxabiv117__class_type_infoE
   238: 0000000000020e4f     4 OBJECT  GLOBAL DEFAULT     9 _ZTSPKs
   239: 0000000000082478    32 OBJECT  GLOBAL DEFAULT    19 _ZTIPKg
   240: 00000000000761e4   412 FUNC    WEAK   DEFAULT    13 _ZNSt4__n112basic_stringIwNS_11char_traitsIwEENS_9allocatorIwEEEaSERKS5_
   241: 000000000007a6bc   368 FUNC    GLOBAL DEFAULT    13 _ZNSt4__n112system_errorC2ENS_10error_codeERKNS_12basic_stringIcNS_11char_traitsIcEENS_9allocatorIcEEEE
   242: 000000000006d1e0     4 FUNC    GLOBAL DEFAULT    13 _ZNSt9exceptionD2Ev
   243: 0000000000081e38    32 OBJECT  GLOBAL DEFAULT    19 _ZTIPKDn
   244: 0000000000081f78    32 OBJECT  GLOBAL DEFAULT    19 _ZTIPKh
   245: 0000000000020e58     4 OBJECT  GLOBAL DEFAULT     9 _ZTSPKt
   246: 000000000007ca30     8 FUNC    GLOBAL DEFAULT    13 _ZNSt13exception_ptrD2Ev
   247: 000000000007bee8   212 FUNC    GLOBAL DEFAULT    13 _ZNSt4__n117__assoc_sub_state13set_exceptionESt13exception_ptr
   248: 000000000002102a     1 OBJECT  GLOBAL DEFAULT     9 _ZNSt4__n110adopt_lockE
   249: 00000000000820b8    32 OBJECT  GLOBAL DEFAULT    19 _ZTIPKi
   250: 0000000000020e0d     4 OBJECT  GLOBAL DEFAULT     9 _ZTSPKv
   251: 0000000000082108    32 OBJECT  GLOBAL DEFAULT    19 _ZTIPKj
   252: 000000000006fd24   120 FUNC    GLOBAL DEFAULT    13 __cxa_current_primary_exception
   253: 000000000007cbc0     4 FUNC    GLOBAL DEFAULT    13 _ZNSt4__n114__shared_countD1Ev
   254: 0000000000082960    16 OBJECT  GLOBAL DEFAULT    19 _ZTINSt4__n114error_categoryE
   255: 0000000000020e2b     4 OBJECT  GLOBAL DEFAULT     9 _ZTSPKw
   256: 0000000000072ff8   144 FUNC    WEAK   DEFAULT    13 _ZNKSt4__n112basic_stringIcNS_11char_traitsIcEENS_9allocatorIcEEE12find_last_ofEPKcmm
   257: 0000000000081af0    24 OBJECT  GLOBAL DEFAULT    19 _ZTISt12domain_error
   258: 0000000000082158    32 OBJECT  GLOBAL DEFAULT    19 _ZTIPKl
   259: 0000000000020e85     4 OBJECT  GLOBAL DEFAULT     9 _ZTSPKx
   260: 000000000006fd08    28 FUNC    GLOBAL DEFAULT    13 __cxa_increment_exception_refcount
   261: 0000000000082c10    16 OBJECT  GLOBAL DEFAULT    19 _ZTINSt4__n114__shared_countE
   262: 0000000000070d4c    24 FUNC    GLOBAL DEFAULT    13 _ZNSt4__n115recursive_mutexD1Ev
   263: 000000000006d2cc   100 FUNC    GLOBAL DEFAULT    13 _ZNSt12length_errorD1Ev
   264: 00000000000821a8    32 OBJECT  GLOBAL DEFAULT    19 _ZTIPKm
   265: 0000000000020e8e     4 OBJECT  GLOBAL DEFAULT     9 _ZTSPKy
   266: 0000000000082518    32 OBJECT  GLOBAL DEFAULT    19 _ZTIPKDs
   267: 000000000006d1e0     4 FUNC    GLOBAL DEFAULT    13 _ZNSt13bad_exceptionD1Ev
   268: 0000000000082298    32 OBJECT  GLOBAL DEFAULT    19 _ZTIPKn
   269: 0000000000070c6c    24 FUNC    GLOBAL DEFAULT    13 _ZNSt4__n15mutex6unlockEv
   270: 0000000000085588     8 OBJECT  GLOBAL DEFAULT    24 __cxa_new_handler
   271: 000000000006d3c0    36 FUNC    GLOBAL DEFAULT    13 _ZNSt13runtime_errorD0Ev
   272: 000000000006d458    36 FUNC    GLOBAL DEFAULT    13 _ZNSt12out_of_rangeD0Ev
   273: 00000000000822e8    32 OBJECT  GLOBAL DEFAULT    19 _ZTIPKo
   274: 0000000000020ea4     3 OBJECT  GLOBAL DEFAULT     9 _ZTSDh
   275: 00000000000824c8    32 OBJECT  GLOBAL DEFAULT    19 _ZTIPKDu
   276: 0000000000082780    56 OBJECT  GLOBAL DEFAULT    19 _ZTVN10__cxxabiv117__pbase_type_infoE
   277: 000000000006d47c    36 FUNC    GLOBAL DEFAULT    13 _ZNSt11range_errorD0Ev
   278: 0000000000081fa8    32 OBJECT  GLOBAL DEFAULT    19 _ZTIPa
   279: 0000000000020eec     3 OBJECT  GLOBAL DEFAULT     9 _ZTSDi
   280: 000000000007c890    48 FUNC    GLOBAL DEFAULT    13 _ZNSt4__n113shared_futureIvED2Ev
   281: 000000000007c4e0   396 FUNC    GLOBAL DEFAULT    13 _ZNSt4__n17promiseIvED1Ev
   282: 000000000007cd70    28 FUNC    GLOBAL DEFAULT    13 _ZNSt4__n18__sp_mut4lockEv
   283: 00000000000743c8    76 FUNC    WEAK   DEFAULT    13 _ZNSt4__n112basic_stringIwNS_11char_traitsIwEENS_9allocatorIwEEE7replaceEmmPKw
   284: 0000000000074414   168 FUNC    WEAK   DEFAULT    13 _ZNSt4__n112basic_stringIwNS_11char_traitsIwEENS_9allocatorIwEEEC1ERKS5_RKS4_
   285: 0000000000081c20    40 OBJECT  GLOBAL DEFAULT    19 _ZTVSt14overflow_error
   286: 0000000000081e68    32 OBJECT  GLOBAL DEFAULT    19 _ZTIPb
   287: 000000000007225c   292 FUNC    WEAK   DEFAULT    13 _ZNSt4__n112basic_stringIcNS_11char_traitsIcEENS_9allocatorIcEEE9__grow_byEmmmmmm
   288: 00000000000828d8    72 OBJECT  GLOBAL DEFAULT    19 _ZTVNSt4__n114error_categoryE
   289: 0000000000082660    80 OBJECT  GLOBAL DEFAULT    19 _ZTVN10__cxxabiv117__class_type_infoE
   290: 0000000000081f08    32 OBJECT  GLOBAL DEFAULT    19 _ZTIPc
   291: 000000000006fb88    84 FUNC    GLOBAL DEFAULT    13 __cxa_decrement_exception_refcount
   292: 0000000000082920    40 OBJECT  GLOBAL DEFAULT    19 _ZTVNSt4__n112system_errorE
   293: 000000000006f894   160 FUNC    GLOBAL DEFAULT    13 __cxa_begin_catch
   294: 0000000000081ab0    40 OBJECT  GLOBAL DEFAULT    19 _ZTVSt12domain_error
   295: 0000000000082878    32 OBJECT  GLOBAL DEFAULT    19 _ZTVSt9type_info
   296: 0000000000081d00    24 OBJECT  GLOBAL DEFAULT    19 _ZTIN10__cxxabiv120__function_type_infoE
   297: 0000000000082018    32 OBJECT  GLOBAL DEFAULT    19 _ZTIPKs
   298: 00000000000823b8    32 OBJECT  GLOBAL DEFAULT    19 _ZTIPd
   299: 0000000000082648    24 OBJECT  GLOBAL DEFAULT    19 _ZTIN10__cxxabiv116__enum_type_infoE
   300: 000000000007c364   112 FUNC    GLOBAL DEFAULT    13 _ZNSt4__n16futureIvEC1EPNS_17__assoc_sub_stateE
   301: 0000000000074574    20 FUNC    WEAK   DEFAULT    13 _ZNSt4__n112basic_stringIwNS_11char_traitsIwEENS_9allocatorIwEEED2Ev
   302: 000000000007ac18   388 FUNC    GLOBAL DEFAULT    13 _ZNSt4__n112system_errorC1EiRKNS_14error_categoryEPKc
   303: 000000000006d354     8 FUNC    GLOBAL DEFAULT    13 _ZNKSt11logic_error4whatEv
   304: 0000000000082068    32 OBJECT  GLOBAL DEFAULT    19 _ZTIPKt
   305: 0000000000082408    32 OBJECT  GLOBAL DEFAULT    19 _ZTIPe
   306: 0000000000020e11     3 OBJECT  GLOBAL DEFAULT     9 _ZTSDn
   307: 0000000000082368    32 OBJECT  GLOBAL DEFAULT    19 _ZTIPf
   308: 000000000007398c   508 FUNC    WEAK   DEFAULT    13 _ZNSt4__n112basic_stringIcNS_11char_traitsIcEENS_9allocatorIcEEEaSERKS5_
   309: 000000000006d288    20 FUNC    GLOBAL DEFAULT    13 _ZNSt20bad_array_new_lengthC2Ev
   310: 0000000000081de8    32 OBJECT  GLOBAL DEFAULT    19 _ZTIPKv
   311: 0000000000082458    32 OBJECT  GLOBAL DEFAULT    19 _ZTIPg
   312: 000000000006f6e4     4 FUNC    WEAK   DEFAULT    13 _ZdaPvm
   313: 0000000000081ed8    32 OBJECT  GLOBAL DEFAULT    19 _ZTIPKw
   314: 0000000000081f58    32 OBJECT  GLOBAL DEFAULT    19 _ZTIPh
   315: 000000000006ff34    60 FUNC    GLOBAL DEFAULT    13 __cxa_uncaught_exception
   316: 000000000007ca38    20 FUNC    GLOBAL DEFAULT    13 _ZNSt13exception_ptrC1ERKS_
   317: 0000000000079320   444 FUNC    GLOBAL DEFAULT    13 _ZNSt4__n19to_stringEd
   318: 0000000000072b94   392 FUNC    WEAK   DEFAULT    13 _ZNSt4__n112basic_stringIcNS_11char_traitsIcEENS_9allocatorIcEEE6appendEPKcm
   319: 000000000006f5e0    20 FUNC    GLOBAL DEFAULT    13 __cxa_pure_virtual
   320: 0000000000081b88    40 OBJECT  GLOBAL DEFAULT    19 _ZTVSt12out_of_range
   321: 000000000006f52c    36 FUNC    GLOBAL DEFAULT    13 _ZNSt9type_infoD0Ev
   322: 0000000000082098    32 OBJECT  GLOBAL DEFAULT    19 _ZTIPi
   323: 00000000000821f8    32 OBJECT  GLOBAL DEFAULT    19 _ZTIPKx
   324: 000000000002129e    29 OBJECT  GLOBAL DEFAULT     9 _ZTSNSt4__n117__assoc_sub_stateE
   325: 0000000000075108   240 FUNC    WEAK   DEFAULT    13 _ZNSt4__n112basic_stringIwNS_11char_traitsIwEENS_9allocatorIwEEE6appendEPKwm
   326: 0000000000077748   264 FUNC    GLOBAL DEFAULT    13 _ZNSt4__n14stodERKNS_12basic_stringIwNS_11char_traitsIwEENS_9allocatorIwEEEEPm
   327: 00000000000794dc   436 FUNC    GLOBAL DEFAULT    13 _ZNSt4__n19to_stringEe
   328: 000000000004f8f4   144 FUNC    GLOBAL DEFAULT    13 __cxa_get_globals
   329: 000000000004f6cc    16 FUNC    GLOBAL DEFAULT    13 _ZSt13get_terminatev
   330: 0000000000081bc8    40 OBJECT  GLOBAL DEFAULT    19 _ZTVSt11range_error
   331: 00000000000820e8    32 OBJECT  GLOBAL DEFAULT    19 _ZTIPj
   332: 0000000000082248    32 OBJECT  GLOBAL DEFAULT    19 _ZTIPKy
   333: 000000000007cd8c    28 FUNC    GLOBAL DEFAULT    13 _ZNSt4__n18__sp_mut6unlockEv
   334: 0000000000079160   448 FUNC    GLOBAL DEFAULT    13 _ZNSt4__n19to_stringEf
   335: 0000000000074320   168 FUNC    WEAK   DEFAULT    13 _ZNSt4__n112basic_stringIwNS_11char_traitsIwEENS_9allocatorIwEEEC1ERKS5_
   336: 0000000000020ee0     3 OBJECT  GLOBAL DEFAULT     9 _ZTSDs
   337: 0000000000072014   148 FUNC    WEAK   DEFAULT    13 _ZNKSt4__n112basic_stringIcNS_11char_traitsIcEENS_9allocatorIcEEE17find_first_not_ofEPKcmm
   338: 000000000007a278    60 FUNC    GLOBAL DEFAULT    13 _ZNKSt4__n114error_category10equivalentEiRKNS_15error_conditionE
   339: 0000000000082138    32 OBJECT  GLOBAL DEFAULT    19 _ZTIPl
   340: 0000000000071008   288 FUNC    GLOBAL DEFAULT    13 _ZNSt4__n121recursive_timed_mutex4lockEv
   341: 0000000000074414   168 FUNC    WEAK   DEFAULT    13 _ZNSt4__n112basic_stringIwNS_11char_traitsIwEENS_9allocatorIwEEEC2ERKS5_RKS4_
   342: 0000000000077950   344 FUNC    GLOBAL DEFAULT    13 _ZNSt4__n19to_stringEi
   343: 0000000000082188    32 OBJECT  GLOBAL DEFAULT    19 _ZTIPm
   344: 0000000000020ed4     3 OBJECT  GLOBAL DEFAULT     9 _ZTSDu
   345: 0000000000082718    80 OBJECT  GLOBAL DEFAULT    19 _ZTVN10__cxxabiv121__vmi_class_type_infoE
   346: 000000000007c758   140 FUNC    GLOBAL DEFAULT    13 _ZNSt4__n17promiseIvE13set_exceptionESt13exception_ptr
   347: 000000000007a41c    96 FUNC    GLOBAL DEFAULT    13 _ZNSt4__n116generic_categoryEv
   348: 0000000000077f28   228 FUNC    GLOBAL DEFAULT    13 _ZNSt4__n19to_stringEj
   349: 00000000000828a8    24 OBJECT  GLOBAL DEFAULT    19 _ZTISt8bad_cast
   350: 0000000000082278    32 OBJECT  GLOBAL DEFAULT    19 _ZTIPn
   351: 0000000000071630    44 FUNC    GLOBAL DEFAULT    13 _ZNSt11logic_errorC2ERKS_
   352: 000000000007482c   296 FUNC    WEAK   DEFAULT    13 _ZNSt4__n112basic_stringIwNS_11char_traitsIwEENS_9allocatorIwEEE9__grow_byEmmmmmm
   353: 0000000000075688   284 FUNC    WEAK   DEFAULT    13 _ZNSt4__n112basic_stringIwNS_11char_traitsIwEENS_9allocatorIwEEE9push_backEw
   354: 0000000000081c48    24 OBJECT  GLOBAL DEFAULT    19 _ZTISt14overflow_error
   355: 00000000000822c8    32 OBJECT  GLOBAL DEFAULT    19 _ZTIPo
   356: 0000000000020cd2    20 OBJECT  GLOBAL DEFAULT     9 _ZTSSt15underflow_error
   357: 000000000007cbc0     4 FUNC    GLOBAL DEFAULT    13 _ZNSt4__n114__shared_countD2Ev
   358: 0000000000070c84   200 FUNC    GLOBAL DEFAULT    13 _ZNSt4__n115recursive_mutexC1Ev
   359: 0000000000073820   192 FUNC    WEAK   DEFAULT    13 _ZNKSt4__n112basic_stringIcNS_11char_traitsIcEENS_9allocatorIcEEE4findEPKcmm
   360: 0000000000077aa8   576 FUNC    GLOBAL DEFAULT    13 _ZNSt4__n19to_stringEl
   361: 00000000000828c0    24 OBJECT  GLOBAL DEFAULT    19 _ZTISt10bad_typeid
   362: 00000000000212de    21 OBJECT  GLOBAL DEFAULT     9 _ZTSSt16nested_exception
   363: 000000000007800c   468 FUNC    GLOBAL DEFAULT    13 _ZNSt4__n19to_stringEm
   364: 0000000000082b78    32 OBJECT  GLOBAL DEFAULT    19 _ZTVSt16nested_exception
   365: 0000000000070d4c    24 FUNC    GLOBAL DEFAULT    13 _ZNSt4__n115recursive_mutexD2Ev
   366: 0000000000072dd0   224 FUNC    WEAK   DEFAULT    13 _ZNSt4__n112basic_stringIcNS_11char_traitsIcEENS_9allocatorIcEEEC2ERKS5_mmRKS4_
   367: 0000000000044684   240 FUNC    GLOBAL DEFAULT    13 __unw_remove_dynamic_fde
   368: 000000000006d2cc   100 FUNC    GLOBAL DEFAULT    13 _ZNSt12length_errorD2Ev
   369: 0000000000081ff8    32 OBJECT  GLOBAL DEFAULT    19 _ZTIPs
   370: 000000000006fbdc    76 FUNC    GLOBAL DEFAULT    13 __cxa_current_exception_type
   371: 000000000007137c    68 FUNC    GLOBAL DEFAULT    13 _ZNSt4__n118condition_variable4waitERNS_11unique_lockINS_5mutexEEE
   372: 0000000000082c58    40 OBJECT  GLOBAL DEFAULT    19 _ZTINSt4__n119__shared_weak_countE
   373: 0000000000072380    56 FUNC    WEAK   DEFAULT    13 _ZNSt4__n112basic_stringIcNS_11char_traitsIcEENS_9allocatorIcEEEaSEc
   374: 00000000000735c4   156 FUNC    WEAK   DEFAULT    13 _ZNKSt4__n112basic_stringIcNS_11char_traitsIcEENS_9allocatorIcEEE7compareEPKc
   375: 0000000000076cd0   272 FUNC    GLOBAL DEFAULT    13 _ZNSt4__n16stoullERKNS_12basic_stringIcNS_11char_traitsIcEENS_9allocatorIcEEEEPmi
   376: 000000000006d1e0     4 FUNC    GLOBAL DEFAULT    13 _ZNSt13bad_exceptionD2Ev
   377: 0000000000082048    32 OBJECT  GLOBAL DEFAULT    19 _ZTIPt
   378: 000000000007c494    76 FUNC    GLOBAL DEFAULT    13 _ZNSt4__n17promiseIvEC1Ev
   379: 000000000007462c   512 FUNC    WEAK   DEFAULT    13 _ZNSt4__n112basic_stringIwNS_11char_traitsIwEENS_9allocatorIwEEE6insertEmmw
   380: 000000000006d258    36 FUNC    GLOBAL DEFAULT    13 _ZNSt9bad_allocD0Ev
   381: 000000000006d35c   100 FUNC    GLOBAL DEFAULT    13 _ZNSt13runtime_errorD1Ev
   382: 000000000006d2cc   100 FUNC    GLOBAL DEFAULT    13 _ZNSt12out_of_rangeD1Ev
   383: 0000000000081ce8    24 OBJECT  GLOBAL DEFAULT    19 _ZTIN10__cxxabiv119__pointer_type_infoE
   384: 000000000006d35c   100 FUNC    GLOBAL DEFAULT    13 _ZNSt11range_errorD1Ev
   385: 0000000000081dc8    32 OBJECT  GLOBAL DEFAULT    19 _ZTIPv
   386: 000000000007c4e0   396 FUNC    GLOBAL DEFAULT    13 _ZNSt4__n17promiseIvED2Ev
   387: 00000000000755a8    68 FUNC    WEAK   DEFAULT    13 _ZNSt4__n112basic_stringIwNS_11char_traitsIwEENS_9allocatorIwEEE6insertEmPKw
   388: 0000000000081eb8    32 OBJECT  GLOBAL DEFAULT    19 _ZTIPw
   389: 000000000006f984     4 FUNC    GLOBAL DEFAULT    13 __cxa_free_dependent_exception
   390: 00000000000723b8   160 FUNC    WEAK   DEFAULT    13 _ZNSt4__n112basic_stringIcNS_11char_traitsIcEENS_9allocatorIcEEE6__initEPKcm
   391: 00000000000741a4   216 FUNC    WEAK   DEFAULT    13 _ZNKSt4__n112basic_stringIwNS_11char_traitsIwEENS_9allocatorIwEEE5rfindEPKwmm
   392: 0000000000074984   164 FUNC    WEAK   DEFAULT    13 _ZNSt4__n112basic_stringIwNS_11char_traitsIwEENS_9allocatorIwEEE6__initEPKwm
   393: 0000000000081c88    24 OBJECT  GLOBAL DEFAULT    19 _ZTISt15underflow_error
   394: 00000000000821d8    32 OBJECT  GLOBAL DEFAULT    19 _ZTIPx
   395: 0000000000072f1c   152 FUNC    WEAK   DEFAULT    13 _ZNSt4__n112basic_stringIcNS_11char_traitsIcEENS_9allocatorIcEEE6__initEmc
   396: 00000000000754d0   216 FUNC    WEAK   DEFAULT    13 _ZNSt4__n112basic_stringIwNS_11char_traitsIwEENS_9allocatorIwEEE6__initEmw
   397: 000000000007672c   252 FUNC    WEAK   DEFAULT    13 _ZNSt4__n1plIcNS_11char_traitsIcEENS_9allocatorIcEEEENS_12basic_stringIT_T0_T1_EEPKS6_RKS9_
   398: 0000000000071dcc   160 FUNC    WEAK   DEFAULT    13 _ZNSt4__n112basic_stringIcNS_11char_traitsIcEENS_9allocatorIcEEEC1ERKS5_
   399: 000000000006d3e4     8 FUNC    GLOBAL DEFAULT    13 _ZNKSt13runtime_error4whatEv
   400: 0000000000020d29    34 OBJECT  GLOBAL DEFAULT     9 _ZTSN10__cxxabiv117__pbase_type_infoE
   401: 0000000000020d94    46 OBJECT  GLOBAL DEFAULT     9 _ZTSN10__cxxabiv129__pointer_to_member_type_infoE
   402: 0000000000082228    32 OBJECT  GLOBAL DEFAULT    19 _ZTIPy
   403: 00000000000825c0    24 OBJECT  GLOBAL DEFAULT    19 _ZTIN10__cxxabiv117__array_type_infoE
   404: 000000000007cce8    48 FUNC    GLOBAL DEFAULT    13 _ZNSt4__n119__shared_weak_count14__release_weakEv
   405: 0000000000074c20   576 FUNC    WEAK   DEFAULT    13 _ZNSt4__n112basic_stringIwNS_11char_traitsIwEENS_9allocatorIwEEE7replaceEmmmw
   406: 000000000007ad9c   268 FUNC    GLOBAL DEFAULT    13 _ZNSt4__n112system_errorC2EiRKNS_14error_categoryE
   407: 0000000000042908   776 FUNC    GLOBAL DEFAULT    13 _Unwind_RaiseException
   408: 000000000004357c   144 FUNC    GLOBAL DEFAULT    13 _Unwind_GetGR
   409: 000000000006f7f8     4 FUNC    WEAK   DEFAULT    13 _ZdlPvSt11align_val_t
   410: 000000000007ca4c    72 FUNC    GLOBAL DEFAULT    13 _ZNSt13exception_ptraSERKS_
   411: 0000000000043d9c   176 FUNC    WEAK   DEFAULT    13 unw_get_proc_info
   412: 0000000000076478    76 FUNC    WEAK   DEFAULT    13 _ZNSt4__n112basic_stringIwNS_11char_traitsIwEENS_9allocatorIwEEE7replaceEmmRKS5_mm
   413: 0000000000077300   276 FUNC    GLOBAL DEFAULT    13 _ZNSt4__n15stoulERKNS_12basic_stringIwNS_11char_traitsIwEENS_9allocatorIwEEEEPmi
   414: 0000000000077ce8   576 FUNC    GLOBAL DEFAULT    13 _ZNSt4__n19to_stringEx
   415: 000000000006d410    36 FUNC    GLOBAL DEFAULT    13 _ZNSt16invalid_argumentD0Ev
   416: 00000000000781e0   468 FUNC    GLOBAL DEFAULT    13 _ZNSt4__n19to_stringEy
   417: 0000000000043e4c   152 FUNC    WEAK   DEFAULT    13 unw_resume
   418: 000000000006f848    76 FUNC    GLOBAL DEFAULT    13 __cxa_allocate_exception
   419: 000000000006f528     4 FUNC    GLOBAL DEFAULT    13 _ZNSt9type_infoD1Ev
   420: 000000000007cc6c   124 FUNC    GLOBAL DEFAULT    13 _ZNSt4__n119__shared_weak_count16__release_sharedEv
   421: 0000000000071d40   140 FUNC    WEAK   DEFAULT    13 _ZNSt4__n112basic_stringIcNS_11char_traitsIcEENS_9allocatorIcEEE6__initEPKcmm
   422: 0000000000076fe0   248 FUNC    GLOBAL DEFAULT    13 _ZNSt4__n15stoldERKNS_12basic_stringIcNS_11char_traitsIcEENS_9allocatorIcEEEEPm
   423: 000000000006d4a0    36 FUNC    GLOBAL DEFAULT    13 _ZNSt14overflow_errorD0Ev
   424: 000000000006f79c    44 FUNC    WEAK   DEFAULT    13 _ZnwmSt11align_val_tRKSt9nothrow_t
   425: 0000000000071364    24 FUNC    GLOBAL DEFAULT    13 _ZNSt4__n118condition_variable10notify_allEv
   426: 000000000007bc90    36 FUNC    GLOBAL DEFAULT    13 _ZNSt4__n112future_errorD0Ev
   427: 000000000007c8c0   140 FUNC    GLOBAL DEFAULT    13 _ZNSt4__n113shared_futureIvEaSERKS1_
   428: 0000000000082b48    24 OBJECT  GLOBAL DEFAULT    19 _ZTINSt4__n117__assoc_sub_stateE
   429: 000000000007165c   112 FUNC    GLOBAL DEFAULT    13 _ZNSt11logic_erroraSERKS_
   430: 000000000007a82c   368 FUNC    GLOBAL DEFAULT    13 _ZNSt4__n112system_errorC1ENS_10error_codeEPKc
   431: 000000000007cb90    36 FUNC    GLOBAL DEFAULT    13 _ZNSt4__n112bad_weak_ptrD0Ev
   432: 0000000000082ba8    40 OBJECT  GLOBAL DEFAULT    19 _ZTVNSt4__n112bad_weak_ptrE
   433: 0000000000020e43     3 OBJECT  GLOBAL DEFAULT     9 _ZTSPa
   434: 000000000007cda8    80 FUNC    GLOBAL DEFAULT    13 _ZNSt4__n112__get_sp_mutEPKv
   435: 000000000007268c   120 FUNC    WEAK   DEFAULT    13 _ZNKSt4__n112basic_stringIcNS_11char_traitsIcEENS_9allocatorIcEEE13find_first_ofEPKcmm
   436: 0000000000072d1c    76 FUNC    WEAK   DEFAULT    13 _ZNSt4__n112basic_stringIcNS_11char_traitsIcEENS_9allocatorIcEEE6assignERKS5_mm
   437: 000000000006fa94   244 FUNC    GLOBAL DEFAULT    13 __cxa_end_catch
   438: 000000000006d208    12 FUNC    GLOBAL DEFAULT    13 _ZNKSt9exception4whatEv
   439: 0000000000020f93    12 OBJECT  GLOBAL DEFAULT     9 _ZTSSt8bad_cast
   440: 0000000000020ce6    33 OBJECT  GLOBAL DEFAULT     9 _ZTSN10__cxxabiv116__shim_type_infoE
   441: 0000000000020e1f     3 OBJECT  GLOBAL DEFAULT     9 _ZTSPb
   442: 0000000000020e31     3 OBJECT  GLOBAL DEFAULT     9 _ZTSPc
   443: 000000000007bbdc   176 FUNC    GLOBAL DEFAULT    13 _ZNSt4__n112future_errorC1ENS_10error_codeE
   444: 0000000000081a48    24 OBJECT  GLOBAL DEFAULT    19 _ZTISt20bad_array_new_length
   445: 0000000000020ebb     3 OBJECT  GLOBAL DEFAULT     9 _ZTSPd
   446: 0000000000082588    56 OBJECT  GLOBAL DEFAULT    19 _ZTVN10__cxxabiv117__array_type_infoE
   447: 000000000007ca10    28 FUNC    GLOBAL DEFAULT    13 _ZSt18uncaught_exceptionv
   448: 0000000000073660   140 FUNC    WEAK   DEFAULT    13 _ZNKSt4__n112basic_stringIcNS_11char_traitsIcEENS_9allocatorIcEEE7compareEmmPKcm
   449: 0000000000021038     8 OBJECT  WEAK   DEFAULT     9 _ZNSt4__n112basic_stringIwNS_11char_traitsIwEENS_9allocatorIwEEE4nposE
   450: 0000000000020f86    13 OBJECT  GLOBAL DEFAULT     9 _ZTSSt9type_info
   451: 0000000000020ec4     3 OBJECT  GLOBAL DEFAULT     9 _ZTSPe
   452: 0000000000021326    31 OBJECT  GLOBAL DEFAULT     9 _ZTSNSt4__n119__shared_weak_countE
   453: 0000000000070c84   200 FUNC    GLOBAL DEFAULT    13 _ZNSt4__n115recursive_mutexC2Ev
   454: 000000000007683c    20 FUNC    GLOBAL DEFAULT    13 _ZNKSt4__n121__basic_string_commonILb1EE20__throw_out_of_rangeEv
   455: 0000000000081bf0    24 OBJECT  GLOBAL DEFAULT    19 _ZTISt13runtime_error
   456: 0000000000020eb2     3 OBJECT  GLOBAL DEFAULT     9 _ZTSPf
   457: 000000000004f8d0    28 FUNC    GLOBAL DEFAULT    13 _ZSt15set_new_handlerPFvvE
   458: 0000000000081a88    40 OBJECT  GLOBAL DEFAULT    19 _ZTVSt13runtime_error
   459: 0000000000020ecd     3 OBJECT  GLOBAL DEFAULT     9 _ZTSPg
   460: 00000000000212f4    24 OBJECT  GLOBAL DEFAULT     9 _ZTSNSt4__n112bad_weak_ptrE
   461: 0000000000020e3a     3 OBJECT  GLOBAL DEFAULT     9 _ZTSPh
   462: 0000000000071334    24 FUNC    GLOBAL DEFAULT    13 _ZNSt4__n118condition_variableD1Ev
   463: 0000000000081c08    24 OBJECT  GLOBAL DEFAULT    19 _ZTISt11range_error
   464: 0000000000020c9d    16 OBJECT  GLOBAL DEFAULT     9 _ZTSSt11range_error
   465: 0000000000020e5e     3 OBJECT  GLOBAL DEFAULT     9 _ZTSPi
   466: 000000000007c274   224 FUNC    GLOBAL DEFAULT    13 _ZNSt4__n117__assoc_sub_state4waitEv
   467: 000000000007c494    76 FUNC    GLOBAL DEFAULT    13 _ZNSt4__n17promiseIvEC2Ev
   468: 0000000000074038   364 FUNC    WEAK   DEFAULT    13 _ZNSt4__n112basic_stringIwNS_11char_traitsIwEENS_9allocatorIwEEE21__grow_by_and_replaceEmmmmmmPKw
   469: 0000000000043700   108 FUNC    GLOBAL DEFAULT    13 _Unwind_SetIP
   470: 000000000006d35c   100 FUNC    GLOBAL DEFAULT    13 _ZNSt13runtime_errorD2Ev
   471: 000000000006d1e0     4 FUNC    GLOBAL DEFAULT    13 _ZNSt9bad_allocD1Ev
   472: 00000000000819b8    40 OBJECT  GLOBAL DEFAULT    19 _ZTVSt9exception
   473: 000000000006d2cc   100 FUNC    GLOBAL DEFAULT    13 _ZNSt12out_of_rangeD2Ev
   474: 0000000000020e67     3 OBJECT  GLOBAL DEFAULT     9 _ZTSPj
   475: 000000000006f950    52 FUNC    GLOBAL DEFAULT    13 __cxa_allocate_dependent_exception
   476: 000000000006d35c   100 FUNC    GLOBAL DEFAULT    13 _ZNSt11range_errorD2Ev
   477: 0000000000082898    16 OBJECT  GLOBAL DEFAULT    19 _ZTISt9type_info
   478: 0000000000075f68   232 FUNC    WEAK   DEFAULT    13 _ZNSt4__n112basic_stringIwNS_11char_traitsIwEENS_9allocatorIwEEE6assignEPKw
   479: 0000000000020e70     3 OBJECT  GLOBAL DEFAULT     9 _ZTSPl
   480: 000000000006f6dc     4 FUNC    WEAK   DEFAULT    13 _ZdaPv
   481: 0000000000020e79     3 OBJECT  GLOBAL DEFAULT     9 _ZTSPm
   482: 000000000006f6e0     4 FUNC    WEAK   DEFAULT    13 _ZdaPvRKSt9nothrow_t
   483: 000000000006f7cc    44 FUNC    WEAK   DEFAULT    13 _ZnamSt11align_val_tRKSt9nothrow_t
   484: 000000000007c090    64 FUNC    GLOBAL DEFAULT    13 _ZNSt4__n117__assoc_sub_state12__make_readyEv
   485: 0000000000070f58    76 FUNC    GLOBAL DEFAULT    13 _ZNSt4__n111timed_mutex6unlockEv
   486: 000000000007a268    16 FUNC    GLOBAL DEFAULT    13 _ZNKSt4__n114error_category23default_error_conditionEi
   487: 0000000000020d6f    37 OBJECT  GLOBAL DEFAULT     9 _ZTSN10__cxxabiv120__function_type_infoE
   488: 0000000000020e94     3 OBJECT  GLOBAL DEFAULT     9 _ZTSPn
   489: 0000000000020f60    38 OBJECT  GLOBAL DEFAULT     9 _ZTSN10__cxxabiv121__vmi_class_type_infoE
   490: 00000000000827f0    56 OBJECT  GLOBAL DEFAULT    19 _ZTVN10__cxxabiv129__pointer_to_member_type_infoE
   491: 0000000000020e9d     3 OBJECT  GLOBAL DEFAULT     9 _ZTSPo
   492: 00000000000715b0   128 FUNC    GLOBAL DEFAULT    13 _ZNSt11logic_errorC1EPKc
   493: 0000000000044b24   240 FUNC    GLOBAL DEFAULT    13 __unw_remove_dynamic_eh_frame_section
   494: 000000000007cac8    36 FUNC    GLOBAL DEFAULT    13 _ZSt17current_exceptionv
   495: 00000000000738e0   172 FUNC    WEAK   DEFAULT    13 _ZNKSt4__n112basic_stringIcNS_11char_traitsIcEENS_9allocatorIcEEE7compareEmmRKS5_mm
   496: 0000000000044774   208 FUNC    GLOBAL DEFAULT    13 __unw_add_dynamic_eh_frame_section
   497: 000000000007b0bc   160 FUNC    GLOBAL DEFAULT    13 __cxa_guard_release
   498: 000000000006d2cc   100 FUNC    GLOBAL DEFAULT    13 _ZNSt16invalid_argumentD1Ev
   499: 0000000000072eb0   108 FUNC    WEAK   DEFAULT    13 _ZNKSt4__n112basic_stringIcNS_11char_traitsIcEENS_9allocatorIcEEE4findEcm
   500: 0000000000075378   232 FUNC    WEAK   DEFAULT    13 _ZNSt4__n112basic_stringIwNS_11char_traitsIwEENS_9allocatorIwEEEC2ERKS5_mmRKS4_
   501: 0000000000075f24    68 FUNC    WEAK   DEFAULT    13 _ZNSt4__n112basic_stringIwNS_11char_traitsIwEENS_9allocatorIwEEE2atEm
   502: 000000000006f528     4 FUNC    GLOBAL DEFAULT    13 _ZNSt9type_infoD2Ev
   503: 0000000000081d68    56 OBJECT  GLOBAL DEFAULT    19 _ZTVN10__cxxabiv123__fundamental_type_infoE
   504: 0000000000020e4c     3 OBJECT  GLOBAL DEFAULT     9 _ZTSPs
   505: 0000000000076de0   256 FUNC    GLOBAL DEFAULT    13 _ZNSt4__n14stofERKNS_12basic_stringIcNS_11char_traitsIcEENS_9allocatorIcEEEEPm
   506: 000000000007b2b4   160 FUNC    GLOBAL DEFAULT    13 _ZNSt4__n111this_thread9sleep_forERKNS_6chrono8durationIxNS_5ratioILl1ELl1000000000EEEEE
   507: 0000000000073b88    52 FUNC    WEAK   DEFAULT    13 _ZNSt4__n112basic_stringIcNS_11char_traitsIcEENS_9allocatorIcEEE6appendEPKc
   508: 000000000006d35c   100 FUNC    GLOBAL DEFAULT    13 _ZNSt14overflow_errorD1Ev
   509: 0000000000020e55     3 OBJECT  GLOBAL DEFAULT     9 _ZTSPt
   510: 000000000007bc8c     4 FUNC    GLOBAL DEFAULT    13 _ZNSt4__n112future_errorD1Ev
   511: 000000000004f8a8    40 FUNC    GLOBAL DEFAULT    13 _ZSt13set_terminatePFvvE
   512: 000000000007cb8c     4 FUNC    GLOBAL DEFAULT    13 _ZNSt4__n112bad_weak_ptrD1Ev
   513: 0000000000072000    20 FUNC    WEAK   DEFAULT    13 _ZNSt4__n112basic_stringIcNS_11char_traitsIcEENS_9allocatorIcEEED1Ev
   514: 00000000000489f4     0 FUNC    WEAK   DEFAULT    13 unw_getcontext
   515: 0000000000020e0a     3 OBJECT  GLOBAL DEFAULT     9 _ZTSPv
   516: 0000000000070d88    24 FUNC    GLOBAL DEFAULT    13 _ZNSt4__n115recursive_mutex6unlockEv
   517: 000000000007aed0   164 FUNC    GLOBAL DEFAULT    13 _ZNSt4__n120__throw_system_errorEiPKc
   518: 000000000007ce6c     0 FUNC    GLOBAL DEFAULT    14 _init
   519: 0000000000020e28     3 OBJECT  GLOBAL DEFAULT     9 _ZTSPw
   520: 0000000000075e60   196 FUNC    WEAK   DEFAULT    13 _ZNKSt4__n112basic_stringIwNS_11char_traitsIwEENS_9allocatorIwEEE7compareEmmPKw
   521: 0000000000076bc4   268 FUNC    GLOBAL DEFAULT    13 _ZNSt4__n15stollERKNS_12basic_stringIcNS_11char_traitsIcEENS_9allocatorIcEEEEPmi
   522: 0000000000081ca0    24 OBJECT  GLOBAL DEFAULT    19 _ZTIN10__cxxabiv116__shim_type_infoE
   523: 0000000000020e82     3 OBJECT  GLOBAL DEFAULT     9 _ZTSPx
   524: 00000000000769b0   264 FUNC    GLOBAL DEFAULT    13 _ZNSt4__n14stolERKNS_12basic_stringIcNS_11char_traitsIcEENS_9allocatorIcEEEEPmi
   525: 0000000000020e8b     3 OBJECT  GLOBAL DEFAULT     9 _ZTSPy
   526: 0000000000071630    44 FUNC    GLOBAL DEFAULT    13 _ZNSt11logic_errorC1ERKS_
   527: 0000000000074a28    68 FUNC    WEAK   DEFAULT    13 _ZNKSt4__n112basic_stringIwNS_11char_traitsIwEENS_9allocatorIwEEE2atEm
   528: 0000000000043ee4   200 FUNC    WEAK   DEFAULT    13 unw_get_proc_name
   529: 000000000006f5f4    20 FUNC    GLOBAL DEFAULT    13 __cxa_deleted_virtual
   530: 0000000000073e58   460 FUNC    WEAK   DEFAULT    13 _ZNSt4__n112basic_stringIwNS_11char_traitsIwEENS_9allocatorIwEEE7replaceEmmPKwm
   531: 0000000000020f9f    15 OBJECT  GLOBAL DEFAULT     9 _ZTSSt10bad_typeid
   532: 000000000007c690   200 FUNC    GLOBAL DEFAULT    13 _ZNSt4__n17promiseIvE9set_valueEv
   533: 000000000007cd68     8 FUNC    GLOBAL DEFAULT    13 _ZNKSt4__n119__shared_weak_count13__get_deleterERKSt9type_info
   534: 0000000000074320   168 FUNC    WEAK   DEFAULT    13 _ZNSt4__n112basic_stringIwNS_11char_traitsIwEENS_9allocatorIwEEEC2ERKS5_
   535: 0000000000079874   480 FUNC    GLOBAL DEFAULT    13 _ZNSt4__n110to_wstringEd
   536: 000000000007b250    64 FUNC    GLOBAL DEFAULT    13 _ZNSt4__n16thread6detachEv
   537: 0000000000079a54   472 FUNC    GLOBAL DEFAULT    13 _ZNSt4__n110to_wstringEe
   538: 000000000007ad9c   268 FUNC    GLOBAL DEFAULT    13 _ZNSt4__n112system_errorC1EiRKNS_14error_categoryE
   539: 000000000006d244    20 FUNC    GLOBAL DEFAULT    13 _ZNSt9bad_allocC1Ev
   540: 0000000000020ef8    34 OBJECT  GLOBAL DEFAULT     9 _ZTSN10__cxxabiv117__array_type_infoE
   541: 000000000006f7fc     4 FUNC    WEAK   DEFAULT    13 _ZdlPvSt11align_val_tRKSt9nothrow_t
   542: 0000000000071334    24 FUNC    GLOBAL DEFAULT    13 _ZNSt4__n118condition_variableD2Ev
   543: 000000000007c0d0   272 FUNC    GLOBAL DEFAULT    13 _ZNSt4__n117__assoc_sub_state4copyEv
   544: 00000000000768a0   272 FUNC    GLOBAL DEFAULT    13 _ZNSt4__n14stoiERKNS_12basic_stringIcNS_11char_traitsIcEENS_9allocatorIcEEEEPmi
   545: 0000000000079690   484 FUNC    GLOBAL DEFAULT    13 _ZNSt4__n110to_wstringEf
   546: 000000000007ac18   388 FUNC    GLOBAL DEFAULT    13 _ZNSt4__n112system_errorC2EiRKNS_14error_categoryEPKc
   547: 000000000006d1e0     4 FUNC    GLOBAL DEFAULT    13 _ZNSt9bad_allocD2Ev
   548: 0000000000082bd0    24 OBJECT  GLOBAL DEFAULT    19 _ZTINSt4__n112bad_weak_ptrE
   549: 0000000000071228   268 FUNC    GLOBAL DEFAULT    13 _ZNSt4__n111__call_onceERVmPvPFvS2_E
   550: 00000000000783b4   484 FUNC    GLOBAL DEFAULT    13 _ZNSt4__n110to_wstringEi
   551: 00000000000716cc   140 FUNC    GLOBAL DEFAULT    13 _ZNSt13runtime_errorC2ERKNSt4__n112basic_stringIcNS0_11char_traitsIcEENS0_9allocatorIcEEEE
   552: 000000000006f58c    12 FUNC    GLOBAL DEFAULT    13 _ZNKSt8bad_cast4whatEv
   553: 000000000007cd18    80 FUNC    GLOBAL DEFAULT    13 _ZNSt4__n119__shared_weak_count4lockEv
   554: 00000000000751f8   276 FUNC    WEAK   DEFAULT    13 _ZNSt4__n112basic_stringIwNS_11char_traitsIwEENS_9allocatorIwEEE6assignERKS5_mm
   555: 0000000000078b30   368 FUNC    GLOBAL DEFAULT    13 _ZNSt4__n110to_wstringEj
   556: 000000000006f80c     4 FUNC    WEAK   DEFAULT    13 _ZdaPvSt11align_val_tRKSt9nothrow_t
   557: 000000000006f810     8 FUNC    WEAK   DEFAULT    13 _ZdaPvmSt11align_val_t
   558: 0000000000070dd8    76 FUNC    GLOBAL DEFAULT    13 _ZNSt4__n111timed_mutexD1Ev
   559: 00000000000849a0     8 OBJECT  GLOBAL DEFAULT    23 __cxa_unexpected_handler
   560: 000000000006d3ec    36 FUNC    GLOBAL DEFAULT    13 _ZNSt12domain_errorD0Ev
   561: 0000000000082828    40 OBJECT  GLOBAL DEFAULT    19 _ZTVSt8bad_cast
   562: 000000000006dd54   316 FUNC    GLOBAL DEFAULT    13 __dynamic_cast
   563: 0000000000070d64    36 FUNC    GLOBAL DEFAULT    13 _ZNSt4__n115recursive_mutex4lockEv
   564: 0000000000070da0    32 FUNC    GLOBAL DEFAULT    13 _ZNSt4__n115recursive_mutex8try_lockEv
   565: 0000000000073324    80 FUNC    WEAK   DEFAULT    13 _ZNKSt4__n112basic_stringIcNS_11char_traitsIcEENS_9allocatorIcEEE5rfindEcm
   566: 0000000000078598   716 FUNC    GLOBAL DEFAULT    13 _ZNSt4__n110to_wstringEl
   567: 000000000006f6d4     4 FUNC    WEAK   DEFAULT    13 _ZdlPvRKSt9nothrow_t
   568: 0000000000078ca0   608 FUNC    GLOBAL DEFAULT    13 _ZNSt4__n110to_wstringEm
   569: 0000000000043518   100 FUNC    GLOBAL DEFAULT    13 _Unwind_DeleteException
   570: 0000000000071758   128 FUNC    GLOBAL DEFAULT    13 _ZNSt13runtime_errorC2EPKc
   571: 000000000006f5b0    36 FUNC    GLOBAL DEFAULT    13 _ZNSt10bad_typeidD0Ev
   572: 0000000000082610    56 OBJECT  GLOBAL DEFAULT    19 _ZTVN10__cxxabiv116__enum_type_infoE
   573: 000000000006f6a0     4 FUNC    WEAK   DEFAULT    13 _Znam
   574: 0000000000021029     1 OBJECT  GLOBAL DEFAULT     9 _ZNSt4__n111try_to_lockE
   575: 0000000000072dd0   224 FUNC    WEAK   DEFAULT    13 _ZNSt4__n112basic_stringIcNS_11char_traitsIcEENS_9allocatorIcEEEC1ERKS5_mmRKS4_
   576: 0000000000021208    26 OBJECT  GLOBAL DEFAULT     9 _ZTSNSt4__n114error_categoryE
   577: 000000000007b714    56 FUNC    GLOBAL DEFAULT    13 _ZNSt4__n115__thread_structD1Ev
   578: 000000000006fa8c     8 FUNC    GLOBAL DEFAULT    13 __cxa_get_exception_ptr
   579: 000000000007cbe4    88 FUNC    GLOBAL DEFAULT    13 _ZNSt4__n114__shared_count16__release_sharedEv
   580: 0000000000070e24   184 FUNC    GLOBAL DEFAULT    13 _ZNSt4__n111timed_mutex4lockEv
   581: 0000000000071f58   168 FUNC    WEAK   DEFAULT    13 _ZNKSt4__n112basic_stringIcNS_11char_traitsIcEENS_9allocatorIcEEE16find_last_not_ofEPKcmm
   582: 00000000000766e0    76 FUNC    WEAK   DEFAULT    13 _ZNSt4__n112basic_stringIwNS_11char_traitsIwEENS_9allocatorIwEEE6insertEmRKS5_mm
   583: 0000000000081b30    24 OBJECT  GLOBAL DEFAULT    19 _ZTISt16invalid_argument
   584: 000000000006d2cc   100 FUNC    GLOBAL DEFAULT    13 _ZNSt16invalid_argumentD2Ev
   585: 000000000007bcc0   188 FUNC    GLOBAL DEFAULT    13 _ZNSt4__n117__assoc_sub_state9set_valueEv
   586: 000000000002130c    26 OBJECT  GLOBAL DEFAULT     9 _ZTSNSt4__n114__shared_countE
   587: 000000000007a6bc   368 FUNC    GLOBAL DEFAULT    13 _ZNSt4__n112system_errorC1ENS_10error_codeERKNS_12basic_stringIcNS_11char_traitsIcEENS_9allocatorIcEEEE
   588: 000000000004f6b4    24 FUNC    GLOBAL DEFAULT    13 _ZSt10unexpectedv
   589: 0000000000020d07    34 OBJECT  GLOBAL DEFAULT     9 _ZTSN10__cxxabiv117__class_type_infoE
   590: 000000000007cb24    84 FUNC    GLOBAL DEFAULT    13 _ZNKSt16nested_exception14rethrow_nestedEv
   591: 000000000006d35c   100 FUNC    GLOBAL DEFAULT    13 _ZNSt14overflow_errorD2Ev
   592: 000000000006f808     4 FUNC    WEAK   DEFAULT    13 _ZdaPvSt11align_val_t
   593: 000000000007bc8c     4 FUNC    GLOBAL DEFAULT    13 _ZNSt4__n112future_errorD2Ev
   594: 000000000007cc54    24 FUNC    GLOBAL DEFAULT    13 _ZNSt4__n119__shared_weak_count10__add_weakEv
   595: 0000000000071dcc   160 FUNC    WEAK   DEFAULT    13 _ZNSt4__n112basic_stringIcNS_11char_traitsIcEENS_9allocatorIcEEEC2ERKS5_
   596: 000000000007cb8c     4 FUNC    GLOBAL DEFAULT    13 _ZNSt4__n112bad_weak_ptrD2Ev
   597: 000000000007cbcc    24 FUNC    GLOBAL DEFAULT    13 _ZNSt4__n114__shared_count12__add_sharedEv
   598: 00000000000717d8    44 FUNC    GLOBAL DEFAULT    13 _ZNSt13runtime_errorC2ERKS_
   599: 0000000000072000    20 FUNC    WEAK   DEFAULT    13 _ZNSt4__n112basic_stringIcNS_11char_traitsIcEENS_9allocatorIcEEED2Ev
   600: 0000000000021030     8 OBJECT  WEAK   DEFAULT     9 _ZNSt4__n112basic_stringIcNS_11char_traitsIcEENS_9allocatorIcEEE4nposE
   601: 0000000000020c00    13 OBJECT  GLOBAL DEFAULT     9 _ZTSSt9exception
   602: 000000000007a82c   368 FUNC    GLOBAL DEFAULT    13 _ZNSt4__n112system_errorC2ENS_10error_codeEPKc
   603: 000000000007b290    36 FUNC    GLOBAL DEFAULT    13 _ZNSt4__n16thread20hardware_concurrencyEv
   604: 000000000007150c    24 FUNC    GLOBAL DEFAULT    13 _ZNSt4__n15mutexD1Ev
   605: 0000000000071e6c    76 FUNC    WEAK   DEFAULT    13 _ZNSt4__n112basic_stringIcNS_11char_traitsIcEENS_9allocatorIcEEE7replaceEmmPKc
   606: 000000000006f6a4    44 FUNC    WEAK   DEFAULT    13 _ZnamRKSt9nothrow_t
   607: 00000000000212f3     1 OBJECT  GLOBAL DEFAULT     9 _ZNSt4__n113allocator_argE
   608: 00000000000716cc   140 FUNC    GLOBAL DEFAULT    13 _ZNSt13runtime_errorC1ERKNSt4__n112basic_stringIcNS0_11char_traitsIcEENS0_9allocatorIcEEEE
   609: 0000000000071874   680 FUNC    WEAK   DEFAULT    13 _ZNSt4__n112basic_stringIcNS_11char_traitsIcEENS_9allocatorIcEEE7replaceEmmPKcm
   610: 0000000000081a60    40 OBJECT  GLOBAL DEFAULT    19 _ZTVSt11logic_error
   611: 0000000000078864   716 FUNC    GLOBAL DEFAULT    13 _ZNSt4__n110to_wstringEx
   612: 000000000007bb6c   112 FUNC    GLOBAL DEFAULT    13 _ZNSt4__n115future_categoryEv
   613: 0000000000070fbc    76 FUNC    GLOBAL DEFAULT    13 _ZNSt4__n121recursive_timed_mutexD1Ev
   614: 0000000000073e10    72 FUNC    WEAK   DEFAULT    13 _ZNSt4__n112basic_stringIcNS_11char_traitsIcEENS_9allocatorIcEEE6insertEmRKS5_mm
   615: 0000000000078f00   608 FUNC    GLOBAL DEFAULT    13 _ZNSt4__n110to_wstringEy
   616: 000000000007a99c   248 FUNC    GLOBAL DEFAULT    13 _ZNSt4__n112system_errorC2ENS_10error_codeE
   617: 00000000000819e0    16 OBJECT  GLOBAL DEFAULT    19 _ZTISt9exception
   618: 000000000004f650    16 FUNC    GLOBAL DEFAULT    13 _ZSt14get_unexpectedv
   619: 000000000007cb00    36 FUNC    GLOBAL DEFAULT    13 _ZNSt16nested_exceptionD0Ev
   620: 000000000006d244    20 FUNC    GLOBAL DEFAULT    13 _ZNSt9bad_allocC2Ev
   621: 0000000000073dc8    72 FUNC    WEAK   DEFAULT    13 _ZNSt4__n112basic_stringIcNS_11char_traitsIcEENS_9allocatorIcEEE6resizeEmc
   622: 0000000000076698    72 FUNC    WEAK   DEFAULT    13 _ZNSt4__n112basic_stringIwNS_11char_traitsIwEENS_9allocatorIwEEE6resizeEmw
   623: 000000000007b20c    68 FUNC    GLOBAL DEFAULT    13 _ZNSt4__n16thread4joinEv
   624: 000000000006f608   108 FUNC    WEAK   DEFAULT    13 _Znwm
   625: 0000000000021028     1 OBJECT  GLOBAL DEFAULT     9 _ZNSt4__n110defer_lockE
   626: 00000000000734b0   204 FUNC    WEAK   DEFAULT    13 _ZNSt4__n112basic_stringIcNS_11char_traitsIcEENS_9allocatorIcEEE5eraseEmm
   627: 00000000000731a0   388 FUNC    WEAK   DEFAULT    13 _ZNSt4__n112basic_stringIcNS_11char_traitsIcEENS_9allocatorIcEEE6appendEmc
   628: 00000000000757a4   444 FUNC    WEAK   DEFAULT    13 _ZNSt4__n112basic_stringIwNS_11char_traitsIwEENS_9allocatorIwEEE6appendEmw
   629: 0000000000081c60    40 OBJECT  GLOBAL DEFAULT    19 _ZTVSt15underflow_error
   630: 0000000000070dc0    24 FUNC    GLOBAL DEFAULT    13 _ZNSt4__n111timed_mutexC1Ev
   631: 0000000000071c78   200 FUNC    WEAK   DEFAULT    13 _ZNKSt4__n112basic_stringIcNS_11char_traitsIcEENS_9allocatorIcEEE5rfindEPKcmm
   632: 000000000006f7c8     4 FUNC    WEAK   DEFAULT    13 _ZnamSt11align_val_t
   633: 000000000007af80   316 FUNC    GLOBAL DEFAULT    13 __cxa_guard_acquire
   634: 0000000000070710   536 FUNC    GLOBAL DEFAULT    13 __cxa_call_unexpected
   635: 000000000007cdf8    80 FUNC    GLOBAL DEFAULT    13 _ZNSt4__n15alignEmmRPvRm
   636: 0000000000070dd8    76 FUNC    GLOBAL DEFAULT    13 _ZNSt4__n111timed_mutexD2Ev
   637: 0000000000075960    92 FUNC    WEAK   DEFAULT    13 _ZNKSt4__n112basic_stringIwNS_11char_traitsIwEENS_9allocatorIwEEE5rfindEwm
   638: 000000000007aa94   388 FUNC    GLOBAL DEFAULT    13 _ZNSt4__n112system_errorC2EiRKNS_14error_categoryERKNS_12basic_stringIcNS_11char_traitsIcEENS_9allocatorIcEEEE
   639: 0000000000020c1f    25 OBJECT  GLOBAL DEFAULT     9 _ZTSSt20bad_array_new_length
   640: 000000000006d2cc   100 FUNC    GLOBAL DEFAULT    13 _ZNSt12domain_errorD1Ev
   641: 000000000007b6e0    52 FUNC    GLOBAL DEFAULT    13 _ZNSt4__n115__thread_structC1Ev
   642: 00000000000755ec   156 FUNC    WEAK   DEFAULT    13 _ZNKSt4__n112basic_stringIwNS_11char_traitsIwEENS_9allocatorIwEEE12find_last_ofEPKwmm
   643: 0000000000043470   168 FUNC    GLOBAL DEFAULT    13 _Unwind_GetRegionStart
   644: 000000000006d2c0    12 FUNC    GLOBAL DEFAULT    13 _ZNKSt20bad_array_new_length4whatEv
   645: 0000000000070c4c    32 FUNC    GLOBAL DEFAULT    13 _ZNSt4__n15mutex8try_lockEv
   646: 0000000000043674   140 FUNC    GLOBAL DEFAULT    13 _Unwind_GetIP
   647: 0000000000081968    40 OBJECT  GLOBAL DEFAULT    19 _ZTVSt9bad_alloc
   648: 000000000006f5ac     4 FUNC    GLOBAL DEFAULT    13 _ZNSt10bad_typeidD1Ev
   649: 000000000007b714    56 FUNC    GLOBAL DEFAULT    13 _ZNSt4__n115__thread_structD2Ev
   650: 00000000000433a8   200 FUNC    GLOBAL DEFAULT    13 _Unwind_GetLanguageSpecificData
   651: 0000000000071804   112 FUNC    GLOBAL DEFAULT    13 _ZNSt13runtime_erroraSERKS_
   652: 0000000000075d30   160 FUNC    WEAK   DEFAULT    13 _ZNKSt4__n112basic_stringIwNS_11char_traitsIwEENS_9allocatorIwEEE7compareEPKw
   653: 0000000000044050   156 FUNC    WEAK   DEFAULT    13 unw_regname
   654: 000000000004f660    60 FUNC    GLOBAL DEFAULT    13 _ZSt9terminatev
   655: 00000000000826b0    80 OBJECT  GLOBAL DEFAULT    19 _ZTVN10__cxxabiv120__si_class_type_infoE
   656: 000000000007bcb4    12 FUNC    GLOBAL DEFAULT    13 _ZNSt4__n117__assoc_sub_state16__on_zero_sharedEv
   657: 0000000000020c45    17 OBJECT  GLOBAL DEFAULT     9 _ZTSSt12domain_error
   658: 0000000000074a6c   308 FUNC    WEAK   DEFAULT    13 _ZNSt4__n112basic_stringIwNS_11char_traitsIwEENS_9allocatorIwEEE6insertEmPKwm
   659: 0000000000076120   196 FUNC    WEAK   DEFAULT    13 _ZNKSt4__n112basic_stringIwNS_11char_traitsIwEENS_9allocatorIwEEE7compareEmmRKS5_mm
   660: 00000000000440ec   152 FUNC    WEAK   DEFAULT    13 unw_is_signal_frame
   661: 000000000006f568    36 FUNC    GLOBAL DEFAULT    13 _ZNSt8bad_castD0Ev
   662: 0000000000082c20    56 OBJECT  GLOBAL DEFAULT    19 _ZTVNSt4__n119__shared_weak_countE
   663: 000000000006f6d0     4 FUNC    WEAK   DEFAULT    13 _ZdlPv
   664: 0000000000071524   140 FUNC    GLOBAL DEFAULT    13 _ZNSt11logic_errorC2ERKNSt4__n112basic_stringIcNS0_11char_traitsIcEENS0_9allocatorIcEEEE
   665: 000000000007150c    24 FUNC    GLOBAL DEFAULT    13 _ZNSt4__n15mutexD2Ev
   666: 0000000000076ab8   268 FUNC    GLOBAL DEFAULT    13 _ZNSt4__n15stoulERKNS_12basic_stringIcNS_11char_traitsIcEENS_9allocatorIcEEEEPmi
   667: 000000000007a264     4 FUNC    GLOBAL DEFAULT    13 _ZNSt4__n114error_categoryD0Ev
   668: 0000000000070fa4    24 FUNC    GLOBAL DEFAULT    13 _ZNSt4__n121recursive_timed_mutexC1Ev
   669: 0000000000072458    64 FUNC    WEAK   DEFAULT    13 _ZNKSt4__n112basic_stringIcNS_11char_traitsIcEENS_9allocatorIcEEE2atEm
   670: 0000000000072d68   104 FUNC    WEAK   DEFAULT    13 _ZNKSt4__n112basic_stringIcNS_11char_traitsIcEENS_9allocatorIcEEE4copyEPcmm
   671: 0000000000020c8c    17 OBJECT  GLOBAL DEFAULT     9 _ZTSSt12out_of_range
   672: 0000000000020cad    18 OBJECT  GLOBAL DEFAULT     9 _ZTSSt13runtime_error
   673: 000000000007a50c    96 FUNC    GLOBAL DEFAULT    13 _ZNSt4__n115system_categoryEv
   674: 0000000000043d0c   144 FUNC    WEAK   DEFAULT    13 unw_step
   675: 0000000000020c7b    17 OBJECT  GLOBAL DEFAULT     9 _ZTSSt12length_error
   676: 0000000000070fbc    76 FUNC    GLOBAL DEFAULT    13 _ZNSt4__n121recursive_timed_mutexD2Ev
   677: 0000000000075378   232 FUNC    WEAK   DEFAULT    13 _ZNSt4__n112basic_stringIwNS_11char_traitsIwEENS_9allocatorIwEEEC1ERKS5_mmRKS4_
   678: 0000000000042f34   164 FUNC    GLOBAL DEFAULT    13 _Unwind_Resume
   679: 000000000007caec    20 FUNC    GLOBAL DEFAULT    13 _ZNSt16nested_exceptionD1Ev
   680: 000000000007cb78    20 FUNC    GLOBAL DEFAULT    13 _ZSt17rethrow_exceptionSt13exception_ptr
   681: 000000000007c3d4    48 FUNC    GLOBAL DEFAULT    13 _ZNSt4__n16futureIvED1Ev
   682: 000000000007a588    24 FUNC    GLOBAL DEFAULT    13 _ZNKSt4__n110error_code7messageEv
   683: 0000000000082ad8    40 OBJECT  GLOBAL DEFAULT    19 _ZTVNSt4__n112future_errorE
   684: 000000000007cbb4    12 FUNC    GLOBAL DEFAULT    13 _ZNKSt4__n112bad_weak_ptr4whatEv
   685: 000000000007b1f0    28 FUNC    GLOBAL DEFAULT    13 _ZNSt4__n16threadD1Ev
   686: 0000000000020de0    40 OBJECT  GLOBAL DEFAULT     9 _ZTSN10__cxxabiv123__fundamental_type_infoE
   687: 000000000007cc3c    24 FUNC    GLOBAL DEFAULT    13 _ZNSt4__n119__shared_weak_count12__add_sharedEv
   688: 0000000000070f00    88 FUNC    GLOBAL DEFAULT    13 _ZNSt4__n111timed_mutex8try_lockEv
   689: 0000000000020ea7     4 OBJECT  GLOBAL DEFAULT     9 _ZTSPDh
   690: 0000000000070dc0    24 FUNC    GLOBAL DEFAULT    13 _ZNSt4__n111timed_mutexC2Ev
   691: 0000000000020eef     4 OBJECT  GLOBAL DEFAULT     9 _ZTSPDi
   692: 0000000000076ee0   256 FUNC    GLOBAL DEFAULT    13 _ZNSt4__n14stodERKNS_12basic_stringIcNS_11char_traitsIcEENS_9allocatorIcEEEEPm
   693: 000000000007ca2c     4 FUNC    GLOBAL DEFAULT    13 _ZSt19uncaught_exceptionsv
   694: 000000000006f934    28 FUNC    GLOBAL DEFAULT    13 __cxa_free_exception
   695: 000000000006d2cc   100 FUNC    GLOBAL DEFAULT    13 _ZNSt12domain_errorD2Ev
   696: 000000000006f598    20 FUNC    GLOBAL DEFAULT    13 _ZNSt10bad_typeidC1Ev
   697: 000000000007b74c   300 FUNC    GLOBAL DEFAULT    13 _ZNSt4__n115__thread_struct25notify_all_at_thread_exitEPNS_18condition_variableEPNS_5mutexE
   698: 000000000007b6e0    52 FUNC    GLOBAL DEFAULT    13 _ZNSt4__n115__thread_structC2Ev
   699: 0000000000081ad8    24 OBJECT  GLOBAL DEFAULT    19 _ZTISt11logic_error
   700: 0000000000020c56    16 OBJECT  GLOBAL DEFAULT     9 _ZTSSt11logic_error
   701: 0000000000021286    24 OBJECT  GLOBAL DEFAULT     9 _ZTSNSt4__n112future_errorE
   702: 0000000000071524   140 FUNC    GLOBAL DEFAULT    13 _ZNSt11logic_errorC1ERKNSt4__n112basic_stringIcNS0_11char_traitsIcEENS0_9allocatorIcEEEE
   703: 0000000000077850   256 FUNC    GLOBAL DEFAULT    13 _ZNSt4__n15stoldERKNS_12basic_stringIwNS_11char_traitsIwEENS_9allocatorIwEEEEPm
   704: 000000000007aa94   388 FUNC    GLOBAL DEFAULT    13 _ZNSt4__n112system_errorC1EiRKNS_14error_categoryERKNS_12basic_stringIcNS_11char_traitsIcEENS_9allocatorIcEEEE
   705: 000000000006f5ac     4 FUNC    GLOBAL DEFAULT    13 _ZNSt10bad_typeidD2Ev
   706: 000000000007b354   136 FUNC    GLOBAL DEFAULT    13 _ZNSt4__n119__thread_local_dataEv
   707: 0000000000073374   316 FUNC    WEAK   DEFAULT    13 _ZNSt4__n112basic_stringIcNS_11char_traitsIcEENS_9allocatorIcEEE6assignEmc
   708: 00000000000759bc   376 FUNC    WEAK   DEFAULT    13 _ZNSt4__n112basic_stringIwNS_11char_traitsIwEENS_9allocatorIwEEE6assignEmw
   709: 0000000000075b34   212 FUNC    WEAK   DEFAULT    13 _ZNSt4__n112basic_stringIwNS_11char_traitsIwEENS_9allocatorIwEEE5eraseEmm
   710: 0000000000081a18    24 OBJECT  GLOBAL DEFAULT    19 _ZTISt13bad_exception
   711: 0000000000020e14     4 OBJECT  GLOBAL DEFAULT     9 _ZTSPDn
   712: 00000000000764c4   468 FUNC    WEAK   DEFAULT    13 _ZNSt4__n112basic_stringIwNS_11char_traitsIwEENS_9allocatorIwEEE6insertENS_11__wrap_iterIPKwEEw
   713: 00000000000819f0    40 OBJECT  GLOBAL DEFAULT    19 _ZTVSt13bad_exception
   714: 0000000000082700    24 OBJECT  GLOBAL DEFAULT    19 _ZTIN10__cxxabiv120__si_class_type_infoE
   715: 000000000006f800     8 FUNC    WEAK   DEFAULT    13 _ZdlPvmSt11align_val_t
   716: 00000000000442b0   168 FUNC    GLOBAL DEFAULT    13 __unw_add_dynamic_fde
   717: 0000000000043b44   228 FUNC    WEAK   DEFAULT    13 unw_get_fpreg
   718: 0000000000082b18    48 OBJECT  GLOBAL DEFAULT    19 _ZTVNSt4__n117__assoc_sub_stateE
   719: 000000000007bfbc   212 FUNC    GLOBAL DEFAULT    13 _ZNSt4__n117__assoc_sub_state28set_exception_at_thread_exitESt13exception_ptr
   720: 000000000007c66c    36 FUNC    GLOBAL DEFAULT    13 _ZNSt4__n17promiseIvE10get_futureEv
   721: 000000000006d330    36 FUNC    GLOBAL DEFAULT    13 _ZNSt11logic_errorD0Ev
   722: 000000000006d4c4    36 FUNC    GLOBAL DEFAULT    13 _ZNSt15underflow_errorD0Ev
   723: 0000000000082850    40 OBJECT  GLOBAL DEFAULT    19 _ZTVSt10bad_typeid
   724: 000000000006f5d4    12 FUNC    GLOBAL DEFAULT    13 _ZNKSt10bad_typeid4whatEv
   725: 0000000000081990    40 OBJECT  GLOBAL DEFAULT    19 _ZTVSt20bad_array_new_length
   726: 000000000006f564     4 FUNC    GLOBAL DEFAULT    13 _ZNSt8bad_castD1Ev
   727: 0000000000020e41     2 OBJECT  GLOBAL DEFAULT     9 _ZTSa
   728: 0000000000020ee3     4 OBJECT  GLOBAL DEFAULT     9 _ZTSPDs
   729: 00000000000717d8    44 FUNC    GLOBAL DEFAULT    13 _ZNSt13runtime_errorC1ERKS_
   730: 000000000007a5a0   284 FUNC    GLOBAL DEFAULT    13 _ZNSt4__n112system_error6__initERKNS_10error_codeENS_12basic_stringIcNS_11char_traitsIcEENS_9allocatorIcEEEE
   731: 0000000000020e1d     2 OBJECT  GLOBAL DEFAULT     9 _ZTSb
   732: 0000000000082318    32 OBJECT  GLOBAL DEFAULT    19 _ZTIPDh
   733: 000000000007427c   144 FUNC    WEAK   DEFAULT    13 _ZNSt4__n112basic_stringIwNS_11char_traitsIwEENS_9allocatorIwEEE6__initEPKwmm
   734: 0000000000020c66    21 OBJECT  GLOBAL DEFAULT     9 _ZTSSt16invalid_argument
   735: 0000000000081d18    24 OBJECT  GLOBAL DEFAULT    19 _ZTIN10__cxxabiv129__pointer_to_member_type_infoE
   736: 0000000000020e2f     2 OBJECT  GLOBAL DEFAULT     9 _ZTSc
   737: 0000000000020ed7     4 OBJECT  GLOBAL DEFAULT     9 _ZTSPDu
   738: 0000000000082548    32 OBJECT  GLOBAL DEFAULT    19 _ZTIPDi
   739: 000000000007a56c     4 FUNC    GLOBAL DEFAULT    13 _ZNSt4__n114error_categoryD1Ev
   740: 0000000000081b08    40 OBJECT  GLOBAL DEFAULT    19 _ZTVSt16invalid_argument
   741: 0000000000020eb9     2 OBJECT  GLOBAL DEFAULT     9 _ZTSd
   742: 0000000000070fa4    24 FUNC    GLOBAL DEFAULT    13 _ZNSt4__n121recursive_timed_mutexC2Ev
   743: 0000000000073088   280 FUNC    WEAK   DEFAULT    13 _ZNSt4__n112basic_stringIcNS_11char_traitsIcEENS_9allocatorIcEEE9push_backEc
   744: 000000000006f988   128 FUNC    GLOBAL DEFAULT    13 __cxa_throw
   745: 0000000000081d30    56 OBJECT  GLOBAL DEFAULT    19 _ZTVN10__cxxabiv116__shim_type_infoE
   746: 0000000000020ec2     2 OBJECT  GLOBAL DEFAULT     9 _ZTSe
   747: 000000000007ca94    52 FUNC    GLOBAL DEFAULT    13 _ZNSt16nested_exceptionC1Ev
   748: 0000000000020eb0     2 OBJECT  GLOBAL DEFAULT     9 _ZTSf
   749: 0000000000020c38    13 OBJECT  GLOBAL DEFAULT     9 _ZTSSt9bad_alloc
   750: 0000000000020ecb     2 OBJECT  GLOBAL DEFAULT     9 _ZTSg
   751: 000000000007caec    20 FUNC    GLOBAL DEFAULT    13 _ZNSt16nested_exceptionD2Ev
   752: 000000000007c3d4    48 FUNC    GLOBAL DEFAULT    13 _ZNSt4__n16futureIvED2Ev
   753: 0000000000072498   500 FUNC    WEAK   DEFAULT    13 _ZNSt4__n112basic_stringIcNS_11char_traitsIcEENS_9allocatorIcEEE6insertEmPKcm
   754: 000000000006d29c    36 FUNC    GLOBAL DEFAULT    13 _ZNSt20bad_array_new_lengthD0Ev
   755: 0000000000081e18    32 OBJECT  GLOBAL DEFAULT    19 _ZTIPDn
   756: 0000000000020e38     2 OBJECT  GLOBAL DEFAULT     9 _ZTSh
   757: 000000000007cbc8     4 FUNC    GLOBAL DEFAULT    13 _ZNSt4__n119__shared_weak_countD0Ev
   758: 00000000000720a8   436 FUNC    WEAK   DEFAULT    13 _ZNSt4__n112basic_stringIcNS_11char_traitsIcEENS_9allocatorIcEEE6insertEmmc
   759: 000000000007357c    72 FUNC    WEAK   DEFAULT    13 _ZNSt4__n112basic_stringIcNS_11char_traitsIcEENS_9allocatorIcEEE6appendERKS5_mm
   760: 000000000007b1f0    28 FUNC    GLOBAL DEFAULT    13 _ZNSt4__n16threadD2Ev
   761: 0000000000070c28    36 FUNC    GLOBAL DEFAULT    13 _ZNSt4__n15mutex4lockEv
   762: 0000000000020e5c     2 OBJECT  GLOBAL DEFAULT     9 _ZTSi
   763: 0000000000020eab     5 OBJECT  GLOBAL DEFAULT     9 _ZTSPKDh
   764: 0000000000020e65     2 OBJECT  GLOBAL DEFAULT     9 _ZTSj
   765: 0000000000020ef3     5 OBJECT  GLOBAL DEFAULT     9 _ZTSPKDi
   766: 0000000000082768    24 OBJECT  GLOBAL DEFAULT    19 _ZTIN10__cxxabiv121__vmi_class_type_infoE
   767: 0000000000074f40   136 FUNC    WEAK   DEFAULT    13 _ZNSt4__n112basic_stringIwNS_11char_traitsIwEENS_9allocatorIwEEE7reserveEm
   768: 0000000000076380   248 FUNC    WEAK   DEFAULT    13 _ZNSt4__n112basic_stringIwNS_11char_traitsIwEENS_9allocatorIwEEE6appendEPKw
   769: 0000000000077528   280 FUNC    GLOBAL DEFAULT    13 _ZNSt4__n16stoullERKNS_12basic_stringIwNS_11char_traitsIwEENS_9allocatorIwEEEEPmi
   770: 000000000007aeac    36 FUNC    GLOBAL DEFAULT    13 _ZNSt4__n112system_errorD0Ev
   771: 0000000000020e6e     2 OBJECT  GLOBAL DEFAULT     9 _ZTSl
   772: 0000000000072fb4    68 FUNC    WEAK   DEFAULT    13 _ZNSt4__n112basic_stringIcNS_11char_traitsIcEENS_9allocatorIcEEE6insertEmPKc
   773: 000000000006d1e4    36 FUNC    GLOBAL DEFAULT    13 _ZNSt9exceptionD0Ev
   774: 0000000000081a30    24 OBJECT  GLOBAL DEFAULT    19 _ZTISt9bad_alloc
   775: 0000000000020e77     2 OBJECT  GLOBAL DEFAULT     9 _ZTSm
   776: 00000000000824f8    32 OBJECT  GLOBAL DEFAULT    19 _ZTIPDs
   777: 0000000000020c0d    18 OBJECT  GLOBAL DEFAULT     9 _ZTSSt13bad_exception
   778: 000000000006f598    20 FUNC    GLOBAL DEFAULT    13 _ZNSt10bad_typeidC2Ev
   779: 0000000000020e92     2 OBJECT  GLOBAL DEFAULT     9 _ZTSn
   780: 000000000007c1e0   148 FUNC    GLOBAL DEFAULT    13 _ZNSt4__n117__assoc_sub_state10__sub_waitERNS_11unique_lockINS_5mutexEEE
   781: 000000000007c354    16 FUNC    GLOBAL DEFAULT    13 _ZNSt4__n117__assoc_sub_state9__executeEv
   782: 000000000007c404   144 FUNC    GLOBAL DEFAULT    13 _ZNSt4__n16futureIvE3getEv
   783: 0000000000020e18     5 OBJECT  GLOBAL DEFAULT     9 _ZTSPKDn
   784: 0000000000020e9b     2 OBJECT  GLOBAL DEFAULT     9 _ZTSo
   785: 00000000000824a8    32 OBJECT  GLOBAL DEFAULT    19 _ZTIPDu
   786: 000000000006fd9c   296 FUNC    GLOBAL DEFAULT    13 __cxa_rethrow_primary_exception
   787: 00000000000736ec   192 FUNC    WEAK   DEFAULT    13 _ZNKSt4__n112basic_stringIcNS_11char_traitsIcEENS_9allocatorIcEEE7compareEmmPKc
   788: 0000000000074588   164 FUNC    WEAK   DEFAULT    13 _ZNKSt4__n112basic_stringIwNS_11char_traitsIwEENS_9allocatorIwEEE17find_first_not_ofEPKwmm
   789: 0000000000077640   264 FUNC    GLOBAL DEFAULT    13 _ZNSt4__n14stofERKNS_12basic_stringIwNS_11char_traitsIwEENS_9allocatorIwEEEEPm
   790: 000000000006f674    44 FUNC    WEAK   DEFAULT    13 _ZnwmRKSt9nothrow_t
   791: 000000000006f6e8   180 FUNC    WEAK   DEFAULT    13 _ZnwmSt11align_val_t
   792: 000000000006fc28   224 FUNC    GLOBAL DEFAULT    13 __cxa_rethrow
   793: 00000000000715b0   128 FUNC    GLOBAL DEFAULT    13 _ZNSt11logic_errorC2EPKc
   794: 0000000000082b00    24 OBJECT  GLOBAL DEFAULT    19 _ZTINSt4__n112future_errorE
   795: 0000000000076050   208 FUNC    WEAK   DEFAULT    13 _ZNKSt4__n112basic_stringIwNS_11char_traitsIwEENS_9allocatorIwEEE4findEPKwmm
   796: 0000000000020e4a     2 OBJECT  GLOBAL DEFAULT     9 _ZTSs
   797: 0000000000081bb0    24 OBJECT  GLOBAL DEFAULT    19 _ZTISt12out_of_range
   798: 000000000006f550    20 FUNC    GLOBAL DEFAULT    13 _ZNSt8bad_castC1Ev
   799: 0000000000020e53     2 OBJECT  GLOBAL DEFAULT     9 _ZTSt
   800: 0000000000020ee7     5 OBJECT  GLOBAL DEFAULT     9 _ZTSPKDs
   801: 00000000000737ac    64 FUNC    WEAK   DEFAULT    13 _ZNSt4__n112basic_stringIcNS_11char_traitsIcEENS_9allocatorIcEEE2atEm
   802: 0000000000081b70    24 OBJECT  GLOBAL DEFAULT    19 _ZTISt12length_error
   803: 000000000006d2cc   100 FUNC    GLOBAL DEFAULT    13 _ZNSt11logic_errorD1Ev
   804: 000000000006d35c   100 FUNC    GLOBAL DEFAULT    13 _ZNSt15underflow_errorD1Ev
   805: 0000000000020d4b    36 OBJECT  GLOBAL DEFAULT     9 _ZTSN10__cxxabiv119__pointer_type_infoE
   806: 000000000006f564     4 FUNC    GLOBAL DEFAULT    13 _ZNSt8bad_castD2Ev
   807: 0000000000020e08     2 OBJECT  GLOBAL DEFAULT     9 _ZTSv
   808: 0000000000020edb     5 OBJECT  GLOBAL DEFAULT     9 _ZTSPKDu
   809: 0000000000082be8    40 OBJECT  GLOBAL DEFAULT    19 _ZTVNSt4__n114__shared_countE
   810: 000000000004376c   276 FUNC    WEAK   DEFAULT    13 unw_init_local
   811: 0000000000020e26     2 OBJECT  GLOBAL DEFAULT     9 _ZTSw
   812: 000000000006d27c    12 FUNC    GLOBAL DEFAULT    13 _ZNKSt9bad_alloc4whatEv
   813: 0000000000020e80     2 OBJECT  GLOBAL DEFAULT     9 _ZTSx
   814: 00000000000744bc   184 FUNC    WEAK   DEFAULT    13 _ZNKSt4__n112basic_stringIwNS_11char_traitsIwEENS_9allocatorIwEEE16find_last_not_ofEPKwmm
   815: 0000000000076828    20 FUNC    GLOBAL DEFAULT    13 _ZNKSt4__n121__basic_string_commonILb1EE20__throw_length_errorEv
   816: 000000000007a2b4    24 FUNC    GLOBAL DEFAULT    13 _ZNKSt4__n114error_category10equivalentERKNS_10error_codeEi
   817: 000000000007a56c     4 FUNC    GLOBAL DEFAULT    13 _ZNSt4__n114error_categoryD2Ev
   818: 0000000000020e89     2 OBJECT  GLOBAL DEFAULT     9 _ZTSy
   819: 0000000000050168  1572 FUNC    GLOBAL DEFAULT    13 __cxa_demangle
   820: 000000000007ca94    52 FUNC    GLOBAL DEFAULT    13 _ZNSt16nested_exceptionC2Ev
   821: 0000000000081f98    16 OBJECT  GLOBAL DEFAULT    19 _ZTIa
   822: 000000000007ca38    20 FUNC    GLOBAL DEFAULT    13 _ZNSt13exception_ptrC2ERKS_
   823: 000000000007530c   108 FUNC    WEAK   DEFAULT    13 _ZNKSt4__n112basic_stringIwNS_11char_traitsIwEENS_9allocatorIwEEE4copyEPwmm
   824: 00000000000438e8   232 FUNC    WEAK   DEFAULT    13 unw_get_reg
   825: 0000000000081b48    40 OBJECT  GLOBAL DEFAULT    19 _ZTVSt12length_error
   826: 0000000000081e58    16 OBJECT  GLOBAL DEFAULT    19 _ZTIb
   827: 00000000000211f0    24 OBJECT  GLOBAL DEFAULT     9 _ZTSNSt4__n112system_errorE
   828: 0000000000084910     8 OBJECT  GLOBAL DEFAULT    23 unw_local_addr_space
   829: 000000000006d1e0     4 FUNC    GLOBAL DEFAULT    13 _ZNSt20bad_array_new_lengthD1Ev
   830: 0000000000081ef8    16 OBJECT  GLOBAL DEFAULT    19 _ZTIc
   831: 0000000000071484   136 FUNC    GLOBAL DEFAULT    13 _ZNSt4__n125notify_all_at_thread_exitERNS_18condition_variableENS_11unique_lockINS_5mutexEEE
   832: 000000000007c364   112 FUNC    GLOBAL DEFAULT    13 _ZNSt4__n16futureIvEC2EPNS_17__assoc_sub_stateE
   833: 000000000007cbc0     4 FUNC    GLOBAL DEFAULT    13 _ZNSt4__n119__shared_weak_countD1Ev
   834: 0000000000071b30   328 FUNC    WEAK   DEFAULT    13 _ZNSt4__n112basic_stringIcNS_11char_traitsIcEENS_9allocatorIcEEE21__grow_by_and_replaceEmmmmmmPKc
   835: 000000000007a99c   248 FUNC    GLOBAL DEFAULT    13 _ZNSt4__n112system_errorC1ENS_10error_codeE
   836: 0000000000043fac   164 FUNC    WEAK   DEFAULT    13 unw_is_fpreg
   837: 000000000004f880    40 FUNC    GLOBAL DEFAULT    13 _ZSt14set_unexpectedPFvvE
   838: 0000000000082308    16 OBJECT  GLOBAL DEFAULT    19 _ZTIDh
   839: 00000000000823a8    16 OBJECT  GLOBAL DEFAULT    19 _ZTId
   840: 000000000007134c    24 FUNC    GLOBAL DEFAULT    13 _ZNSt4__n118condition_variable10notify_oneEv
   841: 0000000000072a38   348 FUNC    WEAK   DEFAULT    13 _ZNSt4__n112basic_stringIcNS_11char_traitsIcEENS_9allocatorIcEEE7reserveEm
   842: 00000000000823f8    16 OBJECT  GLOBAL DEFAULT    19 _ZTIe
   843: 0000000000082538    16 OBJECT  GLOBAL DEFAULT    19 _ZTIDi
   844: 0000000000082b98    16 OBJECT  GLOBAL DEFAULT    19 _ZTISt16nested_exception
   845: 00000000000711b8   112 FUNC    GLOBAL DEFAULT    13 _ZNSt4__n121recursive_timed_mutex6unlockEv
   846: 00000000000737ec    52 FUNC    WEAK   DEFAULT    13 _ZNSt4__n112basic_stringIcNS_11char_traitsIcEENS_9allocatorIcEEE6assignEPKc
   847: 0000000000074954    48 FUNC    WEAK   DEFAULT    13 _ZNSt4__n112basic_stringIwNS_11char_traitsIwEENS_9allocatorIwEEEaSEw
   848: 0000000000082358    16 OBJECT  GLOBAL DEFAULT    19 _ZTIf
   849: 000000000007bbdc   176 FUNC    GLOBAL DEFAULT    13 _ZNSt4__n112future_errorC2ENS_10error_codeE
   850: 000000000007aea8     4 FUNC    GLOBAL DEFAULT    13 _ZNSt4__n112system_errorD1Ev
   851: 000000000006ff90   576 FUNC    GLOBAL DEFAULT    13 __gxx_personality_v0
   852: 0000000000082448    16 OBJECT  GLOBAL DEFAULT    19 _ZTIg
   853: 000000000006d1e0     4 FUNC    GLOBAL DEFAULT    13 _ZNSt9exceptionD1Ev
   854: 0000000000081f48    16 OBJECT  GLOBAL DEFAULT    19 _ZTIh
   855: 00000000000713c0   196 FUNC    GLOBAL DEFAULT    13 _ZNSt4__n118condition_variable15__do_timed_waitERNS_11unique_lockINS_5mutexEEENS_6chrono10time_pointINS5_12system_clockENS5_8durationIxNS_5ratioILl1ELl1000000000EEEEEEE
   856: 000000000007ca30     8 FUNC    GLOBAL DEFAULT    13 _ZNSt13exception_ptrD1Ev
   857: 0000000000075dd0   144 FUNC    WEAK   DEFAULT    13 _ZNKSt4__n112basic_stringIwNS_11char_traitsIwEENS_9allocatorIwEEE7compareEmmPKwm
