ELF Header:
  Magic:   7f 45 4c 46 02 01 01 00 00 00 00 00 00 00 00 00
  Class:                             ELF64
  Data:                              2's complement, little endian
  Version:                           1 (current)
  OS/ABI:                            UNIX - System V
  ABI Version:                       0
  Type:                              DYN (Shared object file)
  Machine:                           Advanced Micro Devices X86-64
  Version:                           0x1
  Entry point address:               0x0
  Start of program headers:          64 (bytes into file)
  Start of section headers:          2425520 (bytes into file)
  Flags:                             0x0
  Size of this header:               64 (bytes)
  Size of program headers:           56 (bytes)
  Number of program headers:         11
  Size of section headers:           64 (bytes)
  Number of section headers:         40
  Section header string table index: 38
Dynamic section at offset 0x83de8 contains 27 entries:
  Tag                Type           Name/Value
  0x0000000000000001 (NEEDED)       Shared library: [libdeviceinfo_ndk.z.so]
  0x0000000000000001 (NEEDED)       Shared library: [libace_napi.z.so]
  0x0000000000000001 (NEEDED)       Shared library: [libc.so]
  0x000000000000000e (SONAME)       Library soname: [libmoonohos.so]
  0x000000000000001e (FLAGS)        BIND_NOW
  0x000000006ffffffb (FLAGS_1)      NOW
  0x0000000000000007 (RELA)         0xe9e0
  0x0000000000000008 (RELASZ)       42792 (bytes)
  0x0000000000000009 (RELAENT)      24 (bytes)
  0x000000006ffffff9 (RELACOUNT)    1214
  0x0000000000000017 (JMPREL)       0x19108
  0x0000000000000002 (PLTRELSZ)     6096 (bytes)
  0x0000000000000003 (PLTGOT)       0x86148
  0x0000000000000014 (PLTREL)       RELA
  0x0000000000000006 (SYMTAB)       0x2e8
  0x000000000000000b (SYMENT)       24 (bytes)
  0x0000000000000005 (STRTAB)       0x8328
  0x000000000000000a (STRSZ)        26295 (bytes)
  0x000000006ffffef5 (GNU_HASH)     0x52b0
  0x0000000000000004 (HASH)         0x6888
  0x0000000000000019 (INIT_ARRAY)   0x82050
  0x000000000000001b (INIT_ARRAYSZ) 24 (bytes)
  0x000000000000001a (FINI_ARRAY)   0x82068
  0x000000000000001c (FINI_ARRAYSZ) 16 (bytes)
  0x000000000000000c (INIT)         0x8004b
  0x000000000000000d (FINI)         0x8004e
  0x0000000000000000 (NULL)         0x0

Symbol table '.dynsym' contains 851 entries:
   Num:    Value          Size Type    Bind   Vis       Ndx Name
     0: 0000000000000000     0 NOTYPE  LOCAL  DEFAULT   UND
     1: 0000000000000000     0 NOTYPE  WEAK   DEFAULT   UND __register_frame_info
     2: 0000000000000000     0 NOTYPE  WEAK   DEFAULT   UND __at_fini
     3: 0000000000000000     0 FUNC    WEAK   DEFAULT   UND __cxa_finalize
     4: 0000000000000000     0 NOTYPE  WEAK   DEFAULT   UND __deregister_frame_info
     5: 0000000000000000     0 FUNC    GLOBAL DEFAULT   UND malloc
     6: 0000000000000000     0 FUNC    GLOBAL DEFAULT   UND free
     7: 0000000000000000     0 FUNC    GLOBAL DEFAULT   UND napi_module_register
     8: 0000000000000000     0 FUNC    GLOBAL DEFAULT   UND memcpy
     9: 0000000000000000     0 FUNC    GLOBAL DEFAULT   UND napi_define_properties
    10: 0000000000000000     0 FUNC    GLOBAL DEFAULT   UND napi_throw_error
    11: 0000000000000000     0 FUNC    GLOBAL DEFAULT   UND __stack_chk_fail
    12: 0000000000000000     0 FUNC    GLOBAL DEFAULT   UND napi_get_cb_info
    13: 0000000000000000     0 FUNC    GLOBAL DEFAULT   UND napi_create_int32
    14: 0000000000000000     0 FUNC    GLOBAL DEFAULT   UND napi_throw_type_error
    15: 0000000000000000     0 FUNC    GLOBAL DEFAULT   UND napi_throw_range_error
    16: 0000000000000000     0 FUNC    GLOBAL DEFAULT   UND napi_create_double
    17: 0000000000000000     0 FUNC    GLOBAL DEFAULT   UND napi_get_boolean
    18: 0000000000000000     0 FUNC    GLOBAL DEFAULT   UND napi_get_undefined
    19: 0000000000000000     0 FUNC    GLOBAL DEFAULT   UND napi_create_string_utf16
    20: 0000000000000000     0 FUNC    GLOBAL DEFAULT   UND napi_create_arraybuffer
    21: 0000000000000000     0 FUNC    GLOBAL DEFAULT   UND napi_create_typedarray
    22: 0000000000000000     0 FUNC    GLOBAL DEFAULT   UND memmove
    23: 0000000000000000     0 FUNC    GLOBAL DEFAULT   UND napi_create_array_with_length
    24: 0000000000000000     0 FUNC    GLOBAL DEFAULT   UND napi_create_object
    25: 0000000000000000     0 FUNC    GLOBAL DEFAULT   UND napi_set_named_property
    26: 0000000000000000     0 FUNC    GLOBAL DEFAULT   UND napi_set_element
    27: 0000000000000000     0 FUNC    GLOBAL DEFAULT   UND napi_get_value_double
    28: 0000000000000000     0 FUNC    GLOBAL DEFAULT   UND trunc
    29: 0000000000000000     0 FUNC    GLOBAL DEFAULT   UND strlen
    30: 0000000000000000     0 FUNC    GLOBAL DEFAULT   UND napi_typeof
    31: 0000000000000000     0 FUNC    GLOBAL DEFAULT   UND napi_get_value_bool
    32: 0000000000000000     0 FUNC    GLOBAL DEFAULT   UND napi_get_value_string_utf16
    33: 0000000000000000     0 FUNC    GLOBAL DEFAULT   UND memset
    34: 0000000000000000     0 FUNC    GLOBAL DEFAULT   UND napi_is_typedarray
    35: 0000000000000000     0 FUNC    GLOBAL DEFAULT   UND napi_is_sendable
    36: 0000000000000000     0 FUNC    GLOBAL DEFAULT   UND napi_get_typedarray_info
    37: 0000000000000000     0 FUNC    GLOBAL DEFAULT   UND napi_is_arraybuffer
    38: 0000000000000000     0 FUNC    GLOBAL DEFAULT   UND napi_is_detached_arraybuffer
    39: 0000000000000000     0 FUNC    GLOBAL DEFAULT   UND napi_get_array_length
    40: 0000000000000000     0 FUNC    GLOBAL DEFAULT   UND napi_is_array
    41: 0000000000000000     0 FUNC    GLOBAL DEFAULT   UND napi_get_null
    42: 0000000000000000     0 FUNC    GLOBAL DEFAULT   UND napi_strict_equals
    43: 0000000000000000     0 FUNC    GLOBAL DEFAULT   UND napi_is_dataview
    44: 0000000000000000     0 FUNC    GLOBAL DEFAULT   UND napi_create_string_utf8
    45: 0000000000000000     0 FUNC    GLOBAL DEFAULT   UND napi_has_own_property
    46: 0000000000000000     0 FUNC    GLOBAL DEFAULT   UND napi_get_property
    47: 0000000000000000     0 FUNC    GLOBAL DEFAULT   UND __cxa_atexit
    48: 0000000000000000     0 OBJECT  GLOBAL DEFAULT   UND stderr
    49: 0000000000000000     0 FUNC    GLOBAL DEFAULT   UND fprintf
    50: 0000000000000000     0 FUNC    GLOBAL DEFAULT   UND fflush
    51: 0000000000000000     0 FUNC    GLOBAL DEFAULT   UND abort
    52: 0000000000000000     0 FUNC    GLOBAL DEFAULT   UND getenv
    53: 0000000000000000     0 FUNC    GLOBAL DEFAULT   UND pthread_rwlock_wrlock
    54: 0000000000000000     0 FUNC    GLOBAL DEFAULT   UND pthread_rwlock_unlock
    55: 0000000000000000     0 FUNC    GLOBAL DEFAULT   UND __assert_fail
    56: 0000000000000000     0 FUNC    GLOBAL DEFAULT   UND dladdr
    57: 0000000000000000     0 FUNC    GLOBAL DEFAULT   UND snprintf
    58: 0000000000000000     0 FUNC    GLOBAL DEFAULT   UND dl_iterate_phdr
    59: 0000000000000000     0 FUNC    GLOBAL DEFAULT   UND pthread_rwlock_rdlock
    60: 0000000000000000     0 FUNC    GLOBAL DEFAULT   UND fwrite
    61: 0000000000000000     0 FUNC    GLOBAL DEFAULT   UND printf
    62: 0000000000000000     0 FUNC    GLOBAL DEFAULT   UND bcmp
    63: 0000000000000000     0 OBJECT  GLOBAL DEFAULT   UND stdout
    64: 0000000000000000     0 FUNC    GLOBAL DEFAULT   UND getentropy
    65: 0000000000000000     0 FUNC    GLOBAL DEFAULT   UND getcwd
    66: 0000000000000000     0 FUNC    GLOBAL DEFAULT   UND __errno_location
    67: 0000000000000000     0 FUNC    GLOBAL DEFAULT   UND readlink
    68: 0000000000000000     0 FUNC    GLOBAL DEFAULT   UND realloc
    69: 0000000000000000     0 OBJECT  GLOBAL DEFAULT   UND environ
    70: 0000000000000000     0 FUNC    GLOBAL DEFAULT   UND strchr
    71: 0000000000000000     0 FUNC    GLOBAL DEFAULT   UND setenv
    72: 0000000000000000     0 FUNC    GLOBAL DEFAULT   UND unsetenv
    73: 0000000000000000     0 FUNC    GLOBAL DEFAULT   UND clock_gettime
    74: 0000000000000000     0 FUNC    GLOBAL DEFAULT   UND gettimeofday
    75: 0000000000000000     0 FUNC    GLOBAL DEFAULT   UND exit
    76: 0000000000000000     0 FUNC    GLOBAL DEFAULT   UND fputc
    77: 0000000000000000     0 FUNC    GLOBAL DEFAULT   UND strcmp
    78: 0000000000000000     0 FUNC    GLOBAL DEFAULT   UND strncmp
    79: 0000000000000000     0 FUNC    GLOBAL DEFAULT   UND fopen
    80: 0000000000000000     0 FUNC    GLOBAL DEFAULT   UND fread
    81: 0000000000000000     0 FUNC    GLOBAL DEFAULT   UND fseek
    82: 0000000000000000     0 FUNC    GLOBAL DEFAULT   UND ftell
    83: 0000000000000000     0 FUNC    GLOBAL DEFAULT   UND fclose
    84: 0000000000000000     0 FUNC    GLOBAL DEFAULT   UND strerror
    85: 0000000000000000     0 FUNC    GLOBAL DEFAULT   UND stat
    86: 0000000000000000     0 FUNC    GLOBAL DEFAULT   UND rmdir
    87: 0000000000000000     0 FUNC    GLOBAL DEFAULT   UND remove
    88: 0000000000000000     0 FUNC    GLOBAL DEFAULT   UND mkdir
    89: 0000000000000000     0 FUNC    GLOBAL DEFAULT   UND opendir
    90: 0000000000000000     0 FUNC    GLOBAL DEFAULT   UND readdir
    91: 0000000000000000     0 FUNC    GLOBAL DEFAULT   UND rewinddir
    92: 0000000000000000     0 FUNC    GLOBAL DEFAULT   UND closedir
    93: 0000000000000000     0 FUNC    GLOBAL DEFAULT   UND perror
    94: 0000000000000000     0 FUNC    GLOBAL DEFAULT   UND pthread_once
    95: 0000000000000000     0 FUNC    GLOBAL DEFAULT   UND pthread_getspecific
    96: 0000000000000000     0 FUNC    GLOBAL DEFAULT   UND pthread_setspecific
    97: 0000000000000000     0 FUNC    GLOBAL DEFAULT   UND pthread_key_create
    98: 0000000000000000     0 FUNC    GLOBAL DEFAULT   UND fputs
    99: 0000000000000000     0 FUNC    GLOBAL DEFAULT   UND isxdigit
   100: 0000000000000000     0 FUNC    GLOBAL DEFAULT   UND memchr
   101: 0000000000000000     0 FUNC    GLOBAL DEFAULT   UND vfprintf
   102: 0000000000000000     0 FUNC    GLOBAL DEFAULT   UND vasprintf
   103: 0000000000000000     0 FUNC    WEAK   DEFAULT   UND set_fatal_message
   104: 0000000000000000     0 FUNC    GLOBAL DEFAULT   UND posix_memalign
   105: 0000000000000000     0 FUNC    GLOBAL DEFAULT   UND pthread_mutex_lock
   106: 0000000000000000     0 FUNC    GLOBAL DEFAULT   UND pthread_mutex_unlock
   107: 0000000000000000     0 FUNC    GLOBAL DEFAULT   UND calloc
   108: 0000000000000000     0 FUNC    GLOBAL DEFAULT   UND pthread_mutex_trylock
   109: 0000000000000000     0 FUNC    GLOBAL DEFAULT   UND pthread_mutexattr_init
   110: 0000000000000000     0 FUNC    GLOBAL DEFAULT   UND pthread_mutexattr_settype
   111: 0000000000000000     0 FUNC    GLOBAL DEFAULT   UND pthread_mutex_init
   112: 0000000000000000     0 FUNC    GLOBAL DEFAULT   UND pthread_mutexattr_destroy
   113: 0000000000000000     0 FUNC    GLOBAL DEFAULT   UND pthread_mutex_destroy
   114: 0000000000000000     0 FUNC    GLOBAL DEFAULT   UND pthread_self
   115: 0000000000000000     0 FUNC    GLOBAL DEFAULT   UND pthread_cond_wait
   116: 0000000000000000     0 FUNC    GLOBAL DEFAULT   UND pthread_cond_broadcast
   117: 0000000000000000     0 FUNC    GLOBAL DEFAULT   UND pthread_cond_destroy
   118: 0000000000000000     0 FUNC    GLOBAL DEFAULT   UND pthread_cond_signal
   119: 0000000000000000     0 FUNC    GLOBAL DEFAULT   UND pthread_cond_timedwait
   120: 0000000000000000     0 FUNC    GLOBAL DEFAULT   UND memcmp
   121: 0000000000000000     0 FUNC    GLOBAL DEFAULT   UND wcslen
   122: 0000000000000000     0 FUNC    GLOBAL DEFAULT   UND wmemchr
   123: 0000000000000000     0 FUNC    GLOBAL DEFAULT   UND wmemcmp
   124: 0000000000000000     0 FUNC    GLOBAL DEFAULT   UND strtol
   125: 0000000000000000     0 FUNC    GLOBAL DEFAULT   UND strtoul
   126: 0000000000000000     0 FUNC    GLOBAL DEFAULT   UND strtoll
   127: 0000000000000000     0 FUNC    GLOBAL DEFAULT   UND strtoull
   128: 0000000000000000     0 FUNC    GLOBAL DEFAULT   UND strtof
   129: 0000000000000000     0 FUNC    GLOBAL DEFAULT   UND strtod
   130: 0000000000000000     0 FUNC    GLOBAL DEFAULT   UND strtold
   131: 0000000000000000     0 FUNC    GLOBAL DEFAULT   UND wcstol
   132: 0000000000000000     0 FUNC    GLOBAL DEFAULT   UND wcstoul
   133: 0000000000000000     0 FUNC    GLOBAL DEFAULT   UND wcstoll
   134: 0000000000000000     0 FUNC    GLOBAL DEFAULT   UND wcstoull
   135: 0000000000000000     0 FUNC    GLOBAL DEFAULT   UND wcstof
   136: 0000000000000000     0 FUNC    GLOBAL DEFAULT   UND wcstod
   137: 0000000000000000     0 FUNC    GLOBAL DEFAULT   UND wcstold
   138: 0000000000000000     0 FUNC    GLOBAL DEFAULT   UND swprintf
   139: 0000000000000000     0 FUNC    GLOBAL DEFAULT   UND strerror_r
   140: 0000000000000000     0 FUNC    GLOBAL DEFAULT   UND syscall
   141: 0000000000000000     0 FUNC    GLOBAL DEFAULT   UND pthread_join
   142: 0000000000000000     0 FUNC    GLOBAL DEFAULT   UND pthread_detach
   143: 0000000000000000     0 FUNC    GLOBAL DEFAULT   UND sysconf
   144: 0000000000000000     0 FUNC    GLOBAL DEFAULT   UND nanosleep
   145: 0000000000084dd8    40 OBJECT  GLOBAL DEFAULT    19 _ZTVSt14overflow_error
   146: 00000000000213ac     3 OBJECT  GLOBAL DEFAULT     9 _ZTSDh
   147: 00000000000723e0    36 FUNC    WEAK   DEFAULT    13 _ZnwmRKSt9nothrow_t
   148: 000000000007e670    61 FUNC    GLOBAL DEFAULT    13 _ZNSt4__n16thread4joinEv
   149: 00000000000704a0    28 FUNC    GLOBAL DEFAULT    13 _ZNSt16invalid_argumentD0Ev
   150: 0000000000070dc0   331 FUNC    GLOBAL DEFAULT    13 __dynamic_cast
   151: 00000000000213eb     3 OBJECT  GLOBAL DEFAULT     9 _ZTSDi
   152: 0000000000072450    10 FUNC    WEAK   DEFAULT    13 _ZdlPv
   153: 0000000000070410    64 FUNC    GLOBAL DEFAULT    13 _ZNSt13runtime_errorD1Ev
   154: 000000000007eb60    43 FUNC    GLOBAL DEFAULT    13 _ZNSt4__n115__thread_structC2Ev
   155: 000000000007eb90    43 FUNC    GLOBAL DEFAULT    13 _ZNSt4__n115__thread_structD1Ev
   156: 000000000007e200   226 FUNC    GLOBAL DEFAULT    13 _ZNSt4__n112system_errorC2EiRKNS_14error_categoryE
   157: 0000000000021319     3 OBJECT  GLOBAL DEFAULT     9 _ZTSDn
   158: 000000000007d9e0    75 FUNC    GLOBAL DEFAULT    13 _ZNSt4__n115system_categoryEv
   159: 000000000008004b     0 NOTYPE  GLOBAL DEFAULT    14 _init
   160: 0000000000073e80    76 FUNC    GLOBAL DEFAULT    13 _ZNSt4__n111timed_mutex6unlockEv
   161: 0000000000075cd0   103 FUNC    WEAK   DEFAULT    13 _ZNKSt4__n112basic_stringIcNS_11char_traitsIcEENS_9allocatorIcEEE4copyEPcmm
   162: 0000000000076530   141 FUNC    WEAK   DEFAULT    13 _ZNKSt4__n112basic_stringIcNS_11char_traitsIcEENS_9allocatorIcEEE7compareEPKc
   163: 0000000000079b80    16 FUNC    GLOBAL DEFAULT    13 _ZNKSt4__n121__basic_string_commonILb1EE20__throw_out_of_rangeEv
   164: 0000000000077390   157 FUNC    WEAK   DEFAULT    13 _ZNSt4__n112basic_stringIwNS_11char_traitsIwEENS_9allocatorIwEEEC1ERKS5_RKS4_
   165: 0000000000074290    19 FUNC    GLOBAL DEFAULT    13 _ZNSt4__n118condition_variableD1Ev
   166: 000000000007f680    39 FUNC    GLOBAL DEFAULT    13 _ZNSt4__n16futureIvED1Ev
   167: 0000000000085d10    40 OBJECT  GLOBAL DEFAULT    19 _ZTVNSt4__n112bad_weak_ptrE
   168: 0000000000075e90   121 FUNC    WEAK   DEFAULT    13 _ZNSt4__n112basic_stringIcNS_11char_traitsIcEENS_9allocatorIcEEE6__initEmc
   169: 0000000000077580   786 FUNC    WEAK   DEFAULT    13 _ZNSt4__n112basic_stringIwNS_11char_traitsIwEENS_9allocatorIwEEE6insertEmmw
   170: 000000000007fd20    28 FUNC    GLOBAL DEFAULT    13 _ZNSt16nested_exceptionD0Ev
   171: 000000000007fcb0    39 FUNC    GLOBAL DEFAULT    13 _ZNSt16nested_exceptionC1Ev
   172: 000000000007fa80   123 FUNC    GLOBAL DEFAULT    13 _ZNSt4__n17promiseIvE28set_exception_at_thread_exitESt13exception_ptr
   173: 000000000007da70    34 FUNC    GLOBAL DEFAULT    13 _ZNKSt4__n110error_code7messageEv
   174: 0000000000084be8    24 OBJECT  GLOBAL DEFAULT    19 _ZTISt9bad_alloc
   175: 0000000000072270    20 FUNC    GLOBAL DEFAULT    13 _ZNSt8bad_castC2Ev
   176: 0000000000072290    10 FUNC    GLOBAL DEFAULT    13 _ZNSt8bad_castD1Ev
   177: 00000000000213df     3 OBJECT  GLOBAL DEFAULT     9 _ZTSDs
   178: 0000000000074d60    59 FUNC    WEAK   DEFAULT    13 _ZNSt4__n112basic_stringIcNS_11char_traitsIcEENS_9allocatorIcEEE7replaceEmmPKc
   179: 0000000000074ec0    21 FUNC    WEAK   DEFAULT    13 _ZNSt4__n112basic_stringIcNS_11char_traitsIcEENS_9allocatorIcEEED1Ev
   180: 0000000000079ea0   226 FUNC    GLOBAL DEFAULT    13 _ZNSt4__n15stollERKNS_12basic_stringIcNS_11char_traitsIcEENS_9allocatorIcEEEEPmi
   181: 00000000000764e0    70 FUNC    WEAK   DEFAULT    13 _ZNSt4__n112basic_stringIcNS_11char_traitsIcEENS_9allocatorIcEEE6appendERKS5_mm
   182: 00000000000796a0   236 FUNC    WEAK   DEFAULT    13 _ZNSt4__n112basic_stringIwNS_11char_traitsIwEENS_9allocatorIwEEE6appendEPKw
   183: 0000000000087a50     8 OBJECT  GLOBAL DEFAULT    23 unw_local_addr_space
   184: 0000000000074600   135 FUNC    GLOBAL DEFAULT    13 _ZNSt13runtime_errorC2ERKNSt4__n112basic_stringIcNS0_11char_traitsIcEENS0_9allocatorIcEEEE
   185: 00000000000213d3     3 OBJECT  GLOBAL DEFAULT     9 _ZTSDu
   186: 0000000000085cb0    24 OBJECT  GLOBAL DEFAULT    19 _ZTINSt4__n117__assoc_sub_stateE
   187: 0000000000021277    37 OBJECT  GLOBAL DEFAULT     9 _ZTSN10__cxxabiv120__function_type_infoE
   188: 0000000000085958    56 OBJECT  GLOBAL DEFAULT    19 _ZTVN10__cxxabiv129__pointer_to_member_type_infoE
   189: 0000000000072650    13 FUNC    WEAK   DEFAULT    13 _ZdaPvmSt11align_val_t
   190: 00000000000765c0   124 FUNC    WEAK   DEFAULT    13 _ZNKSt4__n112basic_stringIcNS_11char_traitsIcEENS_9allocatorIcEEE7compareEmmPKcm
   191: 000000000007c6f0   464 FUNC    GLOBAL DEFAULT    13 _ZNSt4__n19to_stringEd
   192: 0000000000046bc0   134 FUNC    GLOBAL DEFAULT    13 _Unwind_GetGR
   193: 00000000000703a0    64 FUNC    GLOBAL DEFAULT    13 _ZNSt12length_errorD1Ev
   194: 00000000000213af     4 OBJECT  GLOBAL DEFAULT     9 _ZTSPDh
   195: 000000000007e320   146 FUNC    GLOBAL DEFAULT    13 _ZNSt4__n120__throw_system_errorEiPKc
   196: 0000000000078590   119 FUNC    WEAK   DEFAULT    13 _ZNKSt4__n112basic_stringIwNS_11char_traitsIwEENS_9allocatorIwEEE4findEwm
   197: 000000000007c510   480 FUNC    GLOBAL DEFAULT    13 _ZNSt4__n19to_stringEf
   198: 000000000007da30     6 FUNC    GLOBAL DEFAULT    13 _ZNSt4__n114error_categoryD2Ev
   199: 00000000000213ee     4 OBJECT  GLOBAL DEFAULT     9 _ZTSPDi
   200: 0000000000085740    56 OBJECT  GLOBAL DEFAULT    19 _ZTVN10__cxxabiv120__function_type_infoE
   201: 0000000000079f90   230 FUNC    GLOBAL DEFAULT    13 _ZNSt4__n16stoullERKNS_12basic_stringIcNS_11char_traitsIcEENS_9allocatorIcEEEEPmi
   202: 000000000007c8c0   464 FUNC    GLOBAL DEFAULT    13 _ZNSt4__n19to_stringEg
   203: 0000000000085ac8    16 OBJECT  GLOBAL DEFAULT    19 _ZTINSt4__n114error_categoryE
   204: 000000000007fd40    92 FUNC    GLOBAL DEFAULT    13 _ZNKSt16nested_exception14rethrow_nestedEv
   205: 000000000007aa70   290 FUNC    GLOBAL DEFAULT    13 _ZNSt4__n19to_stringEi
   206: 000000000007fc60    19 FUNC    GLOBAL DEFAULT    13 _ZNSt13exception_ptrC2ERKS_
   207: 0000000000073f00    79 FUNC    GLOBAL DEFAULT    13 _ZNSt4__n121recursive_timed_mutexD2Ev
   208: 0000000000085a88    40 OBJECT  GLOBAL DEFAULT    19 _ZTVNSt4__n112system_errorE
   209: 000000000007afe0   195 FUNC    GLOBAL DEFAULT    13 _ZNSt4__n19to_stringEj
   210: 000000000002115e    16 OBJECT  GLOBAL DEFAULT     9 _ZTSSt11logic_error
   211: 0000000000084eb8    24 OBJECT  GLOBAL DEFAULT    19 _ZTIN10__cxxabiv120__function_type_infoE
   212: 0000000000073e30    70 FUNC    GLOBAL DEFAULT    13 _ZNSt4__n111timed_mutex8try_lockEv
   213: 00000000000745a0    32 FUNC    GLOBAL DEFAULT    13 _ZNSt11logic_errorC2ERKS_
   214: 0000000000021349     2 OBJECT  GLOBAL DEFAULT     9 _ZTSa
   215: 00000000000724a0    10 FUNC    WEAK   DEFAULT    13 _ZdaPvm
   216: 00000000000703a0    64 FUNC    GLOBAL DEFAULT    13 _ZNSt12domain_errorD1Ev
   217: 0000000000084e40    24 OBJECT  GLOBAL DEFAULT    19 _ZTISt15underflow_error
   218: 000000000002131c     4 OBJECT  GLOBAL DEFAULT     9 _ZTSPDn
   219: 0000000000021325     2 OBJECT  GLOBAL DEFAULT     9 _ZTSb
   220: 00000000000854c0    16 OBJECT  GLOBAL DEFAULT    19 _ZTIDh
   221: 0000000000072790    60 FUNC    GLOBAL DEFAULT    13 __cxa_allocate_dependent_exception
   222: 000000000007a990   222 FUNC    GLOBAL DEFAULT    13 _ZNSt4__n15stoldERKNS_12basic_stringIwNS_11char_traitsIwEENS_9allocatorIwEEEEPm
   223: 000000000007aba0   532 FUNC    GLOBAL DEFAULT    13 _ZNSt4__n19to_stringEl
   224: 0000000000047e90   220 FUNC    GLOBAL DEFAULT    13 __unw_remove_dynamic_eh_frame_section
   225: 0000000000070410    64 FUNC    GLOBAL DEFAULT    13 _ZNSt15underflow_errorD1Ev
   226: 0000000000072300    28 FUNC    GLOBAL DEFAULT    13 _ZNSt10bad_typeidD0Ev
   227: 00000000000722d0    20 FUNC    GLOBAL DEFAULT    13 _ZNSt10bad_typeidC1Ev
   228: 0000000000021337     2 OBJECT  GLOBAL DEFAULT     9 _ZTSc
   229: 00000000000856a0    16 OBJECT  GLOBAL DEFAULT    19 _ZTIDi
   230: 0000000000079790    72 FUNC    WEAK   DEFAULT    13 _ZNSt4__n112basic_stringIwNS_11char_traitsIwEENS_9allocatorIwEEE7replaceEmmRKS5_mm
   231: 000000000007b0b0   446 FUNC    GLOBAL DEFAULT    13 _ZNSt4__n19to_stringEm
   232: 0000000000084b20    40 OBJECT  GLOBAL DEFAULT    19 _ZTVSt9bad_alloc
   233: 00000000000213c1     2 OBJECT  GLOBAL DEFAULT     9 _ZTSd
   234: 0000000000078fc0   254 FUNC    WEAK   DEFAULT    13 _ZNSt4__n112basic_stringIwNS_11char_traitsIwEENS_9allocatorIwEEE6appendERKS5_mm
   235: 0000000000084d40    40 OBJECT  GLOBAL DEFAULT    19 _ZTVSt12out_of_range
   236: 0000000000084dc0    24 OBJECT  GLOBAL DEFAULT    19 _ZTISt11range_error
   237: 0000000000070410    64 FUNC    GLOBAL DEFAULT    13 _ZNSt11range_errorD1Ev
   238: 00000000000213b8     2 OBJECT  GLOBAL DEFAULT     9 _ZTSf
   239: 0000000000072420    36 FUNC    WEAK   DEFAULT    13 _ZnamRKSt9nothrow_t
   240: 00000000000213ca     2 OBJECT  GLOBAL DEFAULT     9 _ZTSg
   241: 00000000000213e2     4 OBJECT  GLOBAL DEFAULT     9 _ZTSPDs
   242: 00000000000762d0   305 FUNC    WEAK   DEFAULT    13 _ZNSt4__n112basic_stringIcNS_11char_traitsIcEENS_9allocatorIcEEE6assignEmc
   243: 0000000000078ef0   199 FUNC    WEAK   DEFAULT    13 _ZNSt4__n112basic_stringIwNS_11char_traitsIwEENS_9allocatorIwEEE5eraseEmm
   244: 000000000007da40    34 FUNC    GLOBAL DEFAULT    13 _ZNKSt4__n115error_condition7messageEv
   245: 00000000000473f0   121 FUNC    WEAK   DEFAULT    13 unw_is_fpreg
   246: 0000000000047470   120 FUNC    WEAK   DEFAULT    13 unw_regname
   247: 0000000000052e60    64 FUNC    GLOBAL DEFAULT    13 _ZSt9terminatev
   248: 0000000000084fc0    16 OBJECT  GLOBAL DEFAULT    19 _ZTIDn
   249: 0000000000021340     2 OBJECT  GLOBAL DEFAULT     9 _ZTSh
   250: 00000000000858e8    56 OBJECT  GLOBAL DEFAULT    19 _ZTVN10__cxxabiv117__pbase_type_infoE
   251: 0000000000072600    10 FUNC    WEAK   DEFAULT    13 _ZdlPvSt11align_val_t
   252: 000000000007fe70    11 FUNC    GLOBAL DEFAULT    13 _ZNSt4__n119__shared_weak_count12__add_sharedEv
   253: 0000000000072770    23 FUNC    GLOBAL DEFAULT    13 __cxa_free_exception
   254: 00000000000703a0    64 FUNC    GLOBAL DEFAULT    13 _ZNSt12out_of_rangeD1Ev
   255: 0000000000021364     2 OBJECT  GLOBAL DEFAULT     9 _ZTSi
   256: 00000000000213d6     4 OBJECT  GLOBAL DEFAULT     9 _ZTSPDu
   257: 0000000000072610    10 FUNC    WEAK   DEFAULT    13 _ZdlPvSt11align_val_tRKSt9nothrow_t
   258: 0000000000073cd0    24 FUNC    GLOBAL DEFAULT    13 _ZNSt4__n115recursive_mutex8try_lockEv
   259: 00000000000472d0   115 FUNC    WEAK   DEFAULT    13 unw_resume
   260: 000000000002136d     2 OBJECT  GLOBAL DEFAULT     9 _ZTSj
   261: 00000000000760f0   385 FUNC    WEAK   DEFAULT    13 _ZNSt4__n112basic_stringIcNS_11char_traitsIcEENS_9allocatorIcEEE6appendEmc
   262: 0000000000079150   126 FUNC    WEAK   DEFAULT    13 _ZNKSt4__n112basic_stringIwNS_11char_traitsIwEENS_9allocatorIwEEE7compareEmmPKwm
   263: 0000000000072330    18 FUNC    GLOBAL DEFAULT    13 __cxa_pure_virtual
   264: 0000000000047350   153 FUNC    WEAK   DEFAULT    13 unw_get_proc_name
   265: 0000000000021376     2 OBJECT  GLOBAL DEFAULT     9 _ZTSl
   266: 0000000000072470    10 FUNC    WEAK   DEFAULT    13 _ZdlPvm
   267: 00000000000728d0    10 FUNC    GLOBAL DEFAULT    13 __cxa_get_exception_ptr
   268: 000000000007fe20     6 FUNC    GLOBAL DEFAULT    13 _ZNSt4__n119__shared_weak_countD0Ev
   269: 0000000000085d88    56 OBJECT  GLOBAL DEFAULT    19 _ZTVNSt4__n119__shared_weak_countE
   270: 00000000000797e0   473 FUNC    WEAK   DEFAULT    13 _ZNSt4__n112basic_stringIwNS_11char_traitsIwEENS_9allocatorIwEEE6insertENS_11__wrap_iterIPKwEEw
   271: 0000000000070470    10 FUNC    GLOBAL DEFAULT    13 _ZNKSt13runtime_error4whatEv
   272: 000000000002137f     2 OBJECT  GLOBAL DEFAULT     9 _ZTSm
   273: 0000000000085650    16 OBJECT  GLOBAL DEFAULT    19 _ZTIDs
   274: 000000000007ff50     8 FUNC    GLOBAL DEFAULT    13 _ZNKSt4__n119__shared_weak_count13__get_deleterERKSt9type_info
   275: 00000000000791d0   162 FUNC    WEAK   DEFAULT    13 _ZNKSt4__n112basic_stringIwNS_11char_traitsIwEENS_9allocatorIwEEE7compareEmmPKw
   276: 00000000000703a0    64 FUNC    GLOBAL DEFAULT    13 _ZNSt16invalid_argumentD1Ev
   277: 000000000002139a     2 OBJECT  GLOBAL DEFAULT     9 _ZTSn
   278: 0000000000072640    10 FUNC    WEAK   DEFAULT    13 _ZdaPvSt11align_val_tRKSt9nothrow_t
   279: 000000000007fc80    48 FUNC    GLOBAL DEFAULT    13 _ZNSt13exception_ptraSERKS_
   280: 000000000007adc0   532 FUNC    GLOBAL DEFAULT    13 _ZNSt4__n19to_stringEx
   281: 000000000007e090   354 FUNC    GLOBAL DEFAULT    13 _ZNSt4__n112system_errorC1EiRKNS_14error_categoryEPKc
   282: 00000000000213a3     2 OBJECT  GLOBAL DEFAULT     9 _ZTSo
   283: 0000000000085600    16 OBJECT  GLOBAL DEFAULT    19 _ZTIDu
   284: 000000000007b270   446 FUNC    GLOBAL DEFAULT    13 _ZNSt4__n19to_stringEy
   285: 0000000000070410    64 FUNC    GLOBAL DEFAULT    13 _ZNSt13runtime_errorD2Ev
   286: 000000000007fe10     6 FUNC    GLOBAL DEFAULT    13 _ZNSt4__n114__shared_countD0Ev
   287: 0000000000085d50    40 OBJECT  GLOBAL DEFAULT    19 _ZTVNSt4__n114__shared_countE
   288: 00000000000766f0    60 FUNC    WEAK   DEFAULT    13 _ZNSt4__n112basic_stringIcNS_11char_traitsIcEENS_9allocatorIcEEE2atEm
   289: 000000000007e200   226 FUNC    GLOBAL DEFAULT    13 _ZNSt4__n112system_errorC1EiRKNS_14error_categoryE
   290: 000000000007eb90    43 FUNC    GLOBAL DEFAULT    13 _ZNSt4__n115__thread_structD2Ev
   291: 000000000002134b     3 OBJECT  GLOBAL DEFAULT     9 _ZTSPa
   292: 0000000000074490   135 FUNC    GLOBAL DEFAULT    13 _ZNSt11logic_errorC2ERKNSt4__n112basic_stringIcNS0_11char_traitsIcEENS0_9allocatorIcEEEE
   293: 000000000007dcf0   340 FUNC    GLOBAL DEFAULT    13 _ZNSt4__n112system_errorC1ENS_10error_codeEPKc
   294: 00000000000728e0   183 FUNC    GLOBAL DEFAULT    13 __cxa_end_catch
   295: 0000000000052ee0    16 FUNC    GLOBAL DEFAULT    13 _ZSt13get_terminatev
   296: 0000000000052f30    16 FUNC    GLOBAL DEFAULT    13 _ZSt15get_new_handlerv
   297: 0000000000072320    13 FUNC    GLOBAL DEFAULT    13 _ZNKSt10bad_typeid4whatEv
   298: 0000000000021327     3 OBJECT  GLOBAL DEFAULT     9 _ZTSPb
   299: 00000000000854d0    32 OBJECT  GLOBAL DEFAULT    19 _ZTIPDh
   300: 000000000007f6b0   104 FUNC    GLOBAL DEFAULT    13 _ZNSt4__n16futureIvE3getEv
   301: 0000000000021339     3 OBJECT  GLOBAL DEFAULT     9 _ZTSPc
   302: 0000000000021352     2 OBJECT  GLOBAL DEFAULT     9 _ZTSs
   303: 00000000000856b0    32 OBJECT  GLOBAL DEFAULT    19 _ZTIPDi
   304: 000000000007f2c0   183 FUNC    GLOBAL DEFAULT    13 _ZNSt4__n117__assoc_sub_state28set_exception_at_thread_exitESt13exception_ptr
   305: 00000000000774e0   160 FUNC    WEAK   DEFAULT    13 _ZNKSt4__n112basic_stringIwNS_11char_traitsIwEENS_9allocatorIwEEE17find_first_not_ofEPKwmm
   306: 000000000007de50   212 FUNC    GLOBAL DEFAULT    13 _ZNSt4__n112system_errorC1ENS_10error_codeE
   307: 00000000000702c0    13 FUNC    GLOBAL DEFAULT    13 _ZNKSt9exception4whatEv
   308: 000000000002135b     2 OBJECT  GLOBAL DEFAULT     9 _ZTSt
   309: 00000000000213c3     3 OBJECT  GLOBAL DEFAULT     9 _ZTSPd
   310: 00000000000857b0    24 OBJECT  GLOBAL DEFAULT    19 _ZTIN10__cxxabiv116__enum_type_infoE
   311: 0000000000076d10    78 FUNC    WEAK   DEFAULT    13 _ZNSt4__n112basic_stringIcNS_11char_traitsIcEENS_9allocatorIcEEE6resizeEmc
   312: 0000000000078610   379 FUNC    WEAK   DEFAULT    13 _ZNSt4__n112basic_stringIwNS_11char_traitsIwEENS_9allocatorIwEEE6__initEmw
   313: 000000000007de50   212 FUNC    GLOBAL DEFAULT    13 _ZNSt4__n112system_errorC2ENS_10error_codeE
   314: 0000000000072b60   251 FUNC    GLOBAL DEFAULT    13 __cxa_rethrow_primary_exception
   315: 0000000000074290    19 FUNC    GLOBAL DEFAULT    13 _ZNSt4__n118condition_variableD2Ev
   316: 0000000000085d00    16 OBJECT  GLOBAL DEFAULT    19 _ZTISt16nested_exception
   317: 000000000007f680    39 FUNC    GLOBAL DEFAULT    13 _ZNSt4__n16futureIvED2Ev
   318: 000000000007fff0    64 FUNC    GLOBAL DEFAULT    13 _ZNSt4__n15alignEmmRPvRm
   319: 0000000000073cf0    32 FUNC    GLOBAL DEFAULT    13 _ZNSt4__n111timed_mutexC1Ev
   320: 00000000000792c0   171 FUNC    WEAK   DEFAULT    13 _ZNSt4__n112basic_stringIwNS_11char_traitsIwEENS_9allocatorIwEEE6assignEPKw
   321: 0000000000046ea0   161 FUNC    WEAK   DEFAULT    13 unw_get_reg
   322: 0000000000021310     2 OBJECT  GLOBAL DEFAULT     9 _ZTSv
   323: 00000000000213ba     3 OBJECT  GLOBAL DEFAULT     9 _ZTSPf
   324: 000000000007fcb0    39 FUNC    GLOBAL DEFAULT    13 _ZNSt16nested_exceptionC2Ev
   325: 000000000007fd00    28 FUNC    GLOBAL DEFAULT    13 _ZNSt16nested_exceptionD1Ev
   326: 0000000000047a40   220 FUNC    GLOBAL DEFAULT    13 __unw_remove_dynamic_fde
   327: 0000000000046d90   194 FUNC    WEAK   DEFAULT    13 unw_init_local
   328: 000000000002132e     2 OBJECT  GLOBAL DEFAULT     9 _ZTSw
   329: 0000000000085150    16 OBJECT  GLOBAL DEFAULT    19 _ZTIa
   330: 00000000000213cc     3 OBJECT  GLOBAL DEFAULT     9 _ZTSPg
   331: 0000000000072290    10 FUNC    GLOBAL DEFAULT    13 _ZNSt8bad_castD2Ev
   332: 0000000000084fd0    32 OBJECT  GLOBAL DEFAULT    19 _ZTIPDn
   333: 0000000000085010    16 OBJECT  GLOBAL DEFAULT    19 _ZTIb
   334: 0000000000021342     3 OBJECT  GLOBAL DEFAULT     9 _ZTSPh
   335: 0000000000021388     2 OBJECT  GLOBAL DEFAULT     9 _ZTSx
   336: 000000000007fe40    43 FUNC    GLOBAL DEFAULT    13 _ZNSt4__n114__shared_count16__release_sharedEv
   337: 0000000000074ec0    21 FUNC    WEAK   DEFAULT    13 _ZNSt4__n112basic_stringIcNS_11char_traitsIcEENS_9allocatorIcEEED2Ev
   338: 00000000000850b0    16 OBJECT  GLOBAL DEFAULT    19 _ZTIc
   339: 0000000000021366     3 OBJECT  GLOBAL DEFAULT     9 _ZTSPi
   340: 0000000000021391     2 OBJECT  GLOBAL DEFAULT     9 _ZTSy
   341: 000000000007f010    11 FUNC    GLOBAL DEFAULT    13 _ZNSt4__n117__assoc_sub_state16__on_zero_sharedEv
   342: 000000000007ef40   153 FUNC    GLOBAL DEFAULT    13 _ZNSt4__n112future_errorC1ENS_10error_codeE
   343: 000000000007a160   217 FUNC    GLOBAL DEFAULT    13 _ZNSt4__n14stodERKNS_12basic_stringIcNS_11char_traitsIcEENS_9allocatorIcEEEEPm
   344: 000000000002136f     3 OBJECT  GLOBAL DEFAULT     9 _ZTSPj
   345: 0000000000085560    16 OBJECT  GLOBAL DEFAULT    19 _ZTId
   346: 000000000007ef40   153 FUNC    GLOBAL DEFAULT    13 _ZNSt4__n112future_errorC2ENS_10error_codeE
   347: 0000000000084c40    40 OBJECT  GLOBAL DEFAULT    19 _ZTVSt13runtime_error
   348: 0000000000021378     3 OBJECT  GLOBAL DEFAULT     9 _ZTSPl
   349: 0000000000085510    16 OBJECT  GLOBAL DEFAULT    19 _ZTIf
   350: 000000000007fc30    16 FUNC    GLOBAL DEFAULT    13 _ZSt18uncaught_exceptionv
   351: 000000000007f4d0   124 FUNC    GLOBAL DEFAULT    13 _ZNSt4__n117__assoc_sub_state10__sub_waitERNS_11unique_lockINS_5mutexEEE
   352: 00000000000727e0   116 FUNC    GLOBAL DEFAULT    13 __cxa_throw
   353: 0000000000070390    13 FUNC    GLOBAL DEFAULT    13 _ZNKSt20bad_array_new_length4whatEv
   354: 00000000000703a0    64 FUNC    GLOBAL DEFAULT    13 _ZNSt12length_errorD2Ev
   355: 0000000000084ed0    24 OBJECT  GLOBAL DEFAULT    19 _ZTIN10__cxxabiv129__pointer_to_member_type_infoE
   356: 0000000000021381     3 OBJECT  GLOBAL DEFAULT     9 _ZTSPm
   357: 00000000000855b0    16 OBJECT  GLOBAL DEFAULT    19 _ZTIg
   358: 0000000000085660    32 OBJECT  GLOBAL DEFAULT    19 _ZTIPDs
   359: 00000000000743e0   133 FUNC    GLOBAL DEFAULT    13 _ZNSt4__n125notify_all_at_thread_exitERNS_18condition_variableENS_11unique_lockINS_5mutexEEE
   360: 0000000000076840   162 FUNC    WEAK   DEFAULT    13 _ZNKSt4__n112basic_stringIcNS_11char_traitsIcEENS_9allocatorIcEEE7compareEmmRKS5_mm
   361: 0000000000085100    16 OBJECT  GLOBAL DEFAULT    19 _ZTIh
   362: 000000000002139c     3 OBJECT  GLOBAL DEFAULT     9 _ZTSPn
   363: 0000000000074520   121 FUNC    GLOBAL DEFAULT    13 _ZNSt11logic_errorC1EPKc
   364: 0000000000074e30   134 FUNC    WEAK   DEFAULT    13 _ZNKSt4__n112basic_stringIcNS_11char_traitsIcEENS_9allocatorIcEEE16find_last_not_ofEPKcmm
   365: 00000000000530b0    30 FUNC    GLOBAL DEFAULT    13 _ZSt13set_terminatePFvvE
   366: 00000000000530d0    19 FUNC    GLOBAL DEFAULT    13 _ZSt15set_new_handlerPFvvE
   367: 0000000000070520    28 FUNC    GLOBAL DEFAULT    13 _ZNSt14overflow_errorD0Ev
   368: 0000000000085240    16 OBJECT  GLOBAL DEFAULT    19 _ZTIi
   369: 00000000000213a5     3 OBJECT  GLOBAL DEFAULT     9 _ZTSPo
   370: 0000000000085610    32 OBJECT  GLOBAL DEFAULT    19 _ZTIPDu
   371: 0000000000021492    12 OBJECT  GLOBAL DEFAULT     9 _ZTSSt8bad_cast
   372: 0000000000085290    16 OBJECT  GLOBAL DEFAULT    19 _ZTIj
   373: 000000000007fda0    17 FUNC    GLOBAL DEFAULT    13 _ZSt17rethrow_exceptionSt13exception_ptr
   374: 0000000000085778    56 OBJECT  GLOBAL DEFAULT    19 _ZTVN10__cxxabiv116__enum_type_infoE
   375: 000000000007f3c0   262 FUNC    GLOBAL DEFAULT    13 _ZNSt4__n117__assoc_sub_state4copyEv
   376: 00000000000772b0   157 FUNC    WEAK   DEFAULT    13 _ZNSt4__n112basic_stringIwNS_11char_traitsIwEENS_9allocatorIwEEEC2ERKS5_
   377: 00000000000852e0    16 OBJECT  GLOBAL DEFAULT    19 _ZTIl
   378: 00000000000217d8    24 OBJECT  GLOBAL DEFAULT     9 _ZTSNSt4__n112future_errorE
   379: 0000000000075d40   208 FUNC    WEAK   DEFAULT    13 _ZNSt4__n112basic_stringIcNS_11char_traitsIcEENS_9allocatorIcEEEC2ERKS5_mmRKS4_
   380: 000000000007dcf0   340 FUNC    GLOBAL DEFAULT    13 _ZNSt4__n112system_errorC2ENS_10error_codeEPKc
   381: 0000000000085ab0    24 OBJECT  GLOBAL DEFAULT    19 _ZTINSt4__n112system_errorE
   382: 0000000000072d20   514 FUNC    GLOBAL DEFAULT    13 __gxx_personality_v0
   383: 00000000000703a0    64 FUNC    GLOBAL DEFAULT    13 _ZNSt12domain_errorD2Ev
   384: 0000000000085a28    24 OBJECT  GLOBAL DEFAULT    19 _ZTISt10bad_typeid
   385: 0000000000021354     3 OBJECT  GLOBAL DEFAULT     9 _ZTSPs
   386: 0000000000085330    16 OBJECT  GLOBAL DEFAULT    19 _ZTIm
   387: 0000000000085d78    16 OBJECT  GLOBAL DEFAULT    19 _ZTINSt4__n114__shared_countE
   388: 0000000000021550     1 OBJECT  GLOBAL DEFAULT     9 _ZNSt4__n110defer_lockE
   389: 0000000000070410    64 FUNC    GLOBAL DEFAULT    13 _ZNSt15underflow_errorD2Ev
   390: 00000000000722d0    20 FUNC    GLOBAL DEFAULT    13 _ZNSt10bad_typeidC2Ev
   391: 00000000000722f0    10 FUNC    GLOBAL DEFAULT    13 _ZNSt10bad_typeidD1Ev
   392: 000000000002135d     3 OBJECT  GLOBAL DEFAULT     9 _ZTSPt
   393: 0000000000085420    16 OBJECT  GLOBAL DEFAULT    19 _ZTIn
   394: 0000000000072a30   177 FUNC    GLOBAL DEFAULT    13 __cxa_rethrow
   395: 000000000007f160   168 FUNC    GLOBAL DEFAULT    13 _ZNSt4__n117__assoc_sub_state24set_value_at_thread_exitEv
   396: 0000000000070400    10 FUNC    GLOBAL DEFAULT    13 _ZNKSt11logic_error4whatEv
   397: 0000000000085470    16 OBJECT  GLOBAL DEFAULT    19 _ZTIo
   398: 0000000000072490    10 FUNC    WEAK   DEFAULT    13 _ZdaPvRKSt9nothrow_t
   399: 000000000007eff0    28 FUNC    GLOBAL DEFAULT    13 _ZNSt4__n112future_errorD0Ev
   400: 0000000000075c80    70 FUNC    WEAK   DEFAULT    13 _ZNSt4__n112basic_stringIcNS_11char_traitsIcEENS_9allocatorIcEEE6assignERKS5_mm
   401: 00000000000702d0    28 FUNC    GLOBAL DEFAULT    13 _ZNSt13bad_exceptionD0Ev
   402: 0000000000070340    13 FUNC    GLOBAL DEFAULT    13 _ZNKSt9bad_alloc4whatEv
   403: 0000000000084bd0    24 OBJECT  GLOBAL DEFAULT    19 _ZTISt13bad_exception
   404: 0000000000085a10    24 OBJECT  GLOBAL DEFAULT    19 _ZTISt8bad_cast
   405: 00000000000212e8    40 OBJECT  GLOBAL DEFAULT     9 _ZTSN10__cxxabiv123__fundamental_type_infoE
   406: 0000000000021312     3 OBJECT  GLOBAL DEFAULT     9 _ZTSPv
   407: 000000000007fc50    13 FUNC    GLOBAL DEFAULT    13 _ZNSt13exception_ptrD1Ev
   408: 0000000000079b70    16 FUNC    GLOBAL DEFAULT    13 _ZNKSt4__n121__basic_string_commonILb1EE20__throw_length_errorEv
   409: 0000000000070320    28 FUNC    GLOBAL DEFAULT    13 _ZNSt9bad_allocD0Ev
   410: 0000000000070300    20 FUNC    GLOBAL DEFAULT    13 _ZNSt9bad_allocC1Ev
   411: 0000000000070410    64 FUNC    GLOBAL DEFAULT    13 _ZNSt11range_errorD2Ev
   412: 0000000000021330     3 OBJECT  GLOBAL DEFAULT     9 _ZTSPw
   413: 0000000000085160    32 OBJECT  GLOBAL DEFAULT    19 _ZTIPa
   414: 0000000000074730    58 FUNC    GLOBAL DEFAULT    13 _ZNSt13runtime_erroraSERKS_
   415: 0000000000078cb0   563 FUNC    WEAK   DEFAULT    13 _ZNSt4__n112basic_stringIwNS_11char_traitsIwEENS_9allocatorIwEEE6assignEmw
   416: 0000000000074da0   140 FUNC    WEAK   DEFAULT    13 _ZNSt4__n112basic_stringIcNS_11char_traitsIcEENS_9allocatorIcEEEC1ERKS5_RKS4_
   417: 0000000000046c50    87 FUNC    GLOBAL DEFAULT    13 _Unwind_SetGR
   418: 0000000000084d00    40 OBJECT  GLOBAL DEFAULT    19 _ZTVSt12length_error
   419: 0000000000085020    32 OBJECT  GLOBAL DEFAULT    19 _ZTIPb
   420: 000000000002138a     3 OBJECT  GLOBAL DEFAULT     9 _ZTSPx
   421: 00000000000850c0    32 OBJECT  GLOBAL DEFAULT    19 _ZTIPc
   422: 00000000000851a0    16 OBJECT  GLOBAL DEFAULT    19 _ZTIs
   423: 0000000000021393     3 OBJECT  GLOBAL DEFAULT     9 _ZTSPy
   424: 0000000000072d00    31 FUNC    GLOBAL DEFAULT    13 __cxa_uncaught_exceptions
   425: 0000000000073630   549 FUNC    GLOBAL DEFAULT    13 __cxa_call_unexpected
   426: 00000000000703a0    64 FUNC    GLOBAL DEFAULT    13 _ZNSt12out_of_rangeD2Ev
   427: 00000000000851f0    16 OBJECT  GLOBAL DEFAULT    19 _ZTIt
   428: 0000000000085570    32 OBJECT  GLOBAL DEFAULT    19 _ZTIPd
   429: 00000000000789a0   666 FUNC    WEAK   DEFAULT    13 _ZNSt4__n112basic_stringIwNS_11char_traitsIwEENS_9allocatorIwEEE6appendEmw
   430: 000000000007df30   352 FUNC    GLOBAL DEFAULT    13 _ZNSt4__n112system_errorC1EiRKNS_14error_categoryERKNS_12basic_stringIcNS_11char_traitsIcEENS_9allocatorIcEEEE
   431: 0000000000084d28    24 OBJECT  GLOBAL DEFAULT    19 _ZTISt12length_error
   432: 0000000000087ae0     8 OBJECT  GLOBAL DEFAULT    23 __cxa_unexpected_handler
   433: 0000000000074100   111 FUNC    GLOBAL DEFAULT    13 _ZNSt4__n121recursive_timed_mutex6unlockEv
   434: 0000000000053090    30 FUNC    GLOBAL DEFAULT    13 _ZSt14set_unexpectedPFvvE
   435: 0000000000084f70    16 OBJECT  GLOBAL DEFAULT    19 _ZTIv
   436: 000000000002134e     4 OBJECT  GLOBAL DEFAULT     9 _ZTSPKa
   437: 0000000000085520    32 OBJECT  GLOBAL DEFAULT    19 _ZTIPf
   438: 00000000000856f0    56 OBJECT  GLOBAL DEFAULT    19 _ZTVN10__cxxabiv117__array_type_infoE
   439: 0000000000074c40   131 FUNC    WEAK   DEFAULT    13 _ZNSt4__n112basic_stringIcNS_11char_traitsIcEENS_9allocatorIcEEE6__initEPKcmm
   440: 000000000007a500   231 FUNC    GLOBAL DEFAULT    13 _ZNSt4__n15stoulERKNS_12basic_stringIwNS_11char_traitsIwEENS_9allocatorIwEEEEPmi
   441: 0000000000021485    13 OBJECT  GLOBAL DEFAULT     9 _ZTSSt9type_info
   442: 000000000002132a     4 OBJECT  GLOBAL DEFAULT     9 _ZTSPKb
   443: 0000000000085060    16 OBJECT  GLOBAL DEFAULT    19 _ZTIw
   444: 00000000000855c0    32 OBJECT  GLOBAL DEFAULT    19 _ZTIPg
   445: 000000000007fe00     6 FUNC    GLOBAL DEFAULT    13 _ZNSt4__n119__shared_weak_countD1Ev
   446: 000000000007d750    11 FUNC    GLOBAL DEFAULT    13 _ZNKSt4__n114error_category23default_error_conditionEi
   447: 0000000000070350    20 FUNC    GLOBAL DEFAULT    13 _ZNSt20bad_array_new_lengthC1Ev
   448: 0000000000070370    28 FUNC    GLOBAL DEFAULT    13 _ZNSt20bad_array_new_lengthD0Ev
   449: 000000000002133c     4 OBJECT  GLOBAL DEFAULT     9 _ZTSPKc
   450: 0000000000085110    32 OBJECT  GLOBAL DEFAULT    19 _ZTIPh
   451: 0000000000085380    16 OBJECT  GLOBAL DEFAULT    19 _ZTIx
   452: 0000000000021419    33 OBJECT  GLOBAL DEFAULT     9 _ZTSN10__cxxabiv116__enum_type_infoE
   453: 0000000000073bc0   169 FUNC    GLOBAL DEFAULT    13 _ZNSt4__n115recursive_mutexC1Ev
   454: 00000000000784a0   232 FUNC    WEAK   DEFAULT    13 _ZNSt4__n112basic_stringIwNS_11char_traitsIwEENS_9allocatorIwEEEC2ERKS5_mmRKS4_
   455: 000000000007ebd0   257 FUNC    GLOBAL DEFAULT    13 _ZNSt4__n115__thread_struct27__make_ready_at_thread_exitEPNS_17__assoc_sub_stateE
   456: 0000000000052e50    16 FUNC    GLOBAL DEFAULT    13 _ZSt14get_unexpectedv
   457: 0000000000021108    13 OBJECT  GLOBAL DEFAULT     9 _ZTSSt9exception
   458: 0000000000084e00    24 OBJECT  GLOBAL DEFAULT    19 _ZTISt14overflow_error
   459: 00000000000703a0    64 FUNC    GLOBAL DEFAULT    13 _ZNSt16invalid_argumentD2Ev
   460: 0000000000085250    32 OBJECT  GLOBAL DEFAULT    19 _ZTIPi
   461: 00000000000853d0    16 OBJECT  GLOBAL DEFAULT    19 _ZTIy
   462: 00000000000213c6     4 OBJECT  GLOBAL DEFAULT     9 _ZTSPKd
   463: 00000000000727d0    10 FUNC    GLOBAL DEFAULT    13 __cxa_free_dependent_exception
   464: 0000000000021830    21 OBJECT  GLOBAL DEFAULT     9 _ZTSSt16nested_exception
   465: 0000000000075370   531 FUNC    WEAK   DEFAULT    13 _ZNSt4__n112basic_stringIcNS_11char_traitsIcEENS_9allocatorIcEEE6insertEmPKcm
   466: 000000000007e300    28 FUNC    GLOBAL DEFAULT    13 _ZNSt4__n112system_errorD0Ev
   467: 00000000000726f0   116 FUNC    GLOBAL DEFAULT    13 __cxa_begin_catch
   468: 00000000000852a0    32 OBJECT  GLOBAL DEFAULT    19 _ZTIPj
   469: 000000000007fc40    10 FUNC    GLOBAL DEFAULT    13 _ZSt19uncaught_exceptionsv
   470: 0000000000079510   394 FUNC    WEAK   DEFAULT    13 _ZNSt4__n112basic_stringIwNS_11char_traitsIwEENS_9allocatorIwEEEaSERKS5_
   471: 00000000000772b0   157 FUNC    WEAK   DEFAULT    13 _ZNSt4__n112basic_stringIwNS_11char_traitsIwEENS_9allocatorIwEEEC1ERKS5_
   472: 00000000000213bd     4 OBJECT  GLOBAL DEFAULT     9 _ZTSPKf
   473: 000000000007fe00     6 FUNC    GLOBAL DEFAULT    13 _ZNSt4__n114__shared_countD1Ev
   474: 0000000000078340   225 FUNC    WEAK   DEFAULT    13 _ZNSt4__n112basic_stringIwNS_11char_traitsIwEENS_9allocatorIwEEE6assignERKS5_mm
   475: 00000000000852f0    32 OBJECT  GLOBAL DEFAULT    19 _ZTIPl
   476: 00000000000213cf     4 OBJECT  GLOBAL DEFAULT     9 _ZTSPKg
   477: 0000000000085ce0    32 OBJECT  GLOBAL DEFAULT    19 _ZTVSt16nested_exception
   478: 0000000000076d60    70 FUNC    WEAK   DEFAULT    13 _ZNSt4__n112basic_stringIcNS_11char_traitsIcEENS_9allocatorIcEEE6insertEmRKS5_mm
   479: 0000000000084ea0    24 OBJECT  GLOBAL DEFAULT    19 _ZTIN10__cxxabiv119__pointer_type_infoE
   480: 0000000000021345     4 OBJECT  GLOBAL DEFAULT     9 _ZTSPKh
   481: 0000000000085340    32 OBJECT  GLOBAL DEFAULT    19 _ZTIPm
   482: 00000000000790c0   142 FUNC    WEAK   DEFAULT    13 _ZNKSt4__n112basic_stringIwNS_11char_traitsIwEENS_9allocatorIwEEE7compareEPKw
   483: 0000000000046590   176 FUNC    GLOBAL DEFAULT    13 _Unwind_Resume
   484: 0000000000074170   284 FUNC    GLOBAL DEFAULT    13 _ZNSt4__n111__call_onceERVmPvPFvS2_E
   485: 0000000000021369     4 OBJECT  GLOBAL DEFAULT     9 _ZTSPKi
   486: 0000000000085430    32 OBJECT  GLOBAL DEFAULT    19 _ZTIPn
   487: 000000000007fdd0    28 FUNC    GLOBAL DEFAULT    13 _ZNSt4__n112bad_weak_ptrD0Ev
   488: 00000000000799c0    82 FUNC    WEAK   DEFAULT    13 _ZNSt4__n112basic_stringIwNS_11char_traitsIwEENS_9allocatorIwEEE6resizeEmw
   489: 000000000008004e     0 NOTYPE  GLOBAL DEFAULT    15 _fini
   490: 0000000000046ad0   141 FUNC    GLOBAL DEFAULT    13 _Unwind_GetRegionStart
   491: 0000000000046b60    86 FUNC    GLOBAL DEFAULT    13 _Unwind_DeleteException
   492: 0000000000021372     4 OBJECT  GLOBAL DEFAULT     9 _ZTSPKj
   493: 0000000000085480    32 OBJECT  GLOBAL DEFAULT    19 _ZTIPo
   494: 0000000000074cd0   140 FUNC    WEAK   DEFAULT    13 _ZNSt4__n112basic_stringIcNS_11char_traitsIcEENS_9allocatorIcEEEC2ERKS5_
   495: 00000000000703e0    28 FUNC    GLOBAL DEFAULT    13 _ZNSt11logic_errorD0Ev
   496: 0000000000073cf0    32 FUNC    GLOBAL DEFAULT    13 _ZNSt4__n111timed_mutexC2Ev
   497: 0000000000073d10    79 FUNC    GLOBAL DEFAULT    13 _ZNSt4__n111timed_mutexD1Ev
   498: 00000000000778a0   292 FUNC    WEAK   DEFAULT    13 _ZNSt4__n112basic_stringIwNS_11char_traitsIwEENS_9allocatorIwEEE9__grow_byEmmmmmm
   499: 000000000007a410   229 FUNC    GLOBAL DEFAULT    13 _ZNSt4__n14stolERKNS_12basic_stringIwNS_11char_traitsIwEENS_9allocatorIwEEEEPmi
   500: 0000000000047240   133 FUNC    WEAK   DEFAULT    13 unw_get_proc_info
   501: 000000000002137b     4 OBJECT  GLOBAL DEFAULT     9 _ZTSPKl
   502: 000000000007fd00    28 FUNC    GLOBAL DEFAULT    13 _ZNSt16nested_exceptionD2Ev
   503: 0000000000073c90    29 FUNC    GLOBAL DEFAULT    13 _ZNSt4__n115recursive_mutex4lockEv
   504: 0000000000021748    26 OBJECT  GLOBAL DEFAULT     9 _ZTSNSt4__n114error_categoryE
   505: 0000000000047120   166 FUNC    WEAK   DEFAULT    13 unw_set_fpreg
   506: 0000000000084d68    24 OBJECT  GLOBAL DEFAULT    19 _ZTISt12out_of_range
   507: 0000000000021384     4 OBJECT  GLOBAL DEFAULT     9 _ZTSPKm
   508: 0000000000084f20    56 OBJECT  GLOBAL DEFAULT    19 _ZTVN10__cxxabiv123__fundamental_type_infoE
   509: 00000000000851b0    32 OBJECT  GLOBAL DEFAULT    19 _ZTIPs
   510: 000000000002139f     4 OBJECT  GLOBAL DEFAULT     9 _ZTSPKn
   511: 000000000007f210   176 FUNC    GLOBAL DEFAULT    13 _ZNSt4__n117__assoc_sub_state13set_exceptionESt13exception_ptr
   512: 0000000000085200    32 OBJECT  GLOBAL DEFAULT    19 _ZTIPt
   513: 00000000000213a8     4 OBJECT  GLOBAL DEFAULT     9 _ZTSPKo
   514: 0000000000084b48    40 OBJECT  GLOBAL DEFAULT    19 _ZTVSt20bad_array_new_length
   515: 000000000002114d    17 OBJECT  GLOBAL DEFAULT     9 _ZTSSt12domain_error
   516: 0000000000075330    60 FUNC    WEAK   DEFAULT    13 _ZNKSt4__n112basic_stringIcNS_11char_traitsIcEENS_9allocatorIcEEE2atEm
   517: 0000000000046cb0   129 FUNC    GLOBAL DEFAULT    13 _Unwind_GetIP
   518: 0000000000084f80    32 OBJECT  GLOBAL DEFAULT    19 _ZTIPv
   519: 0000000000073cb0    19 FUNC    GLOBAL DEFAULT    13 _ZNSt4__n115recursive_mutex6unlockEv
   520: 0000000000075e10   120 FUNC    WEAK   DEFAULT    13 _ZNKSt4__n112basic_stringIcNS_11char_traitsIcEENS_9allocatorIcEEE4findEcm
   521: 000000000002149e    15 OBJECT  GLOBAL DEFAULT     9 _ZTSSt10bad_typeid
   522: 0000000000021253    36 OBJECT  GLOBAL DEFAULT     9 _ZTSN10__cxxabiv119__pointer_type_infoE
   523: 0000000000085070    32 OBJECT  GLOBAL DEFAULT    19 _ZTIPw
   524: 000000000007ffa0    80 FUNC    GLOBAL DEFAULT    13 _ZNSt4__n112__get_sp_mutEPKv
   525: 000000000007e650    17 FUNC    GLOBAL DEFAULT    13 _ZNSt4__n16threadD1Ev
   526: 0000000000047b20   183 FUNC    GLOBAL DEFAULT    13 __unw_add_dynamic_eh_frame_section
   527: 0000000000021357     4 OBJECT  GLOBAL DEFAULT     9 _ZTSPKs
   528: 0000000000085390    32 OBJECT  GLOBAL DEFAULT    19 _ZTIPx
   529: 0000000000077430   140 FUNC    WEAK   DEFAULT    13 _ZNKSt4__n112basic_stringIwNS_11char_traitsIwEENS_9allocatorIwEEE16find_last_not_ofEPKwmm
   530: 0000000000074520   121 FUNC    GLOBAL DEFAULT    13 _ZNSt11logic_errorC2EPKc
   531: 0000000000087ad8     8 OBJECT  GLOBAL DEFAULT    23 __cxa_terminate_handler
   532: 00000000000211a5    16 OBJECT  GLOBAL DEFAULT     9 _ZTSSt11range_error
   533: 0000000000021360     4 OBJECT  GLOBAL DEFAULT     9 _ZTSPKt
   534: 00000000000853e0    32 OBJECT  GLOBAL DEFAULT    19 _ZTIPy
   535: 00000000000745c0    58 FUNC    GLOBAL DEFAULT    13 _ZNSt11logic_erroraSERKS_
   536: 0000000000070410    64 FUNC    GLOBAL DEFAULT    13 _ZNSt14overflow_errorD1Ev
   537: 0000000000085920    56 OBJECT  GLOBAL DEFAULT    19 _ZTVN10__cxxabiv119__pointer_type_infoE
   538: 0000000000021315     4 OBJECT  GLOBAL DEFAULT     9 _ZTSPKv
   539: 0000000000021846    24 OBJECT  GLOBAL DEFAULT     9 _ZTSNSt4__n112bad_weak_ptrE
   540: 0000000000047680   140 FUNC    GLOBAL DEFAULT    13 __unw_add_dynamic_fde
   541: 0000000000021333     4 OBJECT  GLOBAL DEFAULT     9 _ZTSPKw
   542: 0000000000085180    32 OBJECT  GLOBAL DEFAULT    19 _ZTIPKa
   543: 00000000000857c8    80 OBJECT  GLOBAL DEFAULT    19 _ZTVN10__cxxabiv117__class_type_infoE
   544: 0000000000084c18    40 OBJECT  GLOBAL DEFAULT    19 _ZTVSt11logic_error
   545: 0000000000072250    28 FUNC    GLOBAL DEFAULT    13 _ZNSt9type_infoD0Ev
   546: 0000000000085040    32 OBJECT  GLOBAL DEFAULT    19 _ZTIPKb
   547: 000000000002138d     4 OBJECT  GLOBAL DEFAULT     9 _ZTSPKx
   548: 00000000000729a0    70 FUNC    GLOBAL DEFAULT    13 __cxa_decrement_exception_refcount
   549: 000000000007f020   157 FUNC    GLOBAL DEFAULT    13 _ZNSt4__n117__assoc_sub_state9set_valueEv
   550: 000000000007a320   237 FUNC    GLOBAL DEFAULT    13 _ZNSt4__n14stoiERKNS_12basic_stringIwNS_11char_traitsIwEENS_9allocatorIwEEEEPmi
   551: 00000000000850e0    32 OBJECT  GLOBAL DEFAULT    19 _ZTIPKc
   552: 0000000000021396     4 OBJECT  GLOBAL DEFAULT     9 _ZTSPKy
   553: 00000000000724b0   213 FUNC    WEAK   DEFAULT    13 _ZnwmSt11align_val_t
   554: 00000000000768f0   485 FUNC    WEAK   DEFAULT    13 _ZNSt4__n112basic_stringIcNS_11char_traitsIcEENS_9allocatorIcEEEaSERKS5_
   555: 0000000000076db0   497 FUNC    WEAK   DEFAULT    13 _ZNSt4__n112basic_stringIwNS_11char_traitsIwEENS_9allocatorIwEEE7replaceEmmPKwm
   556: 0000000000074cd0   140 FUNC    WEAK   DEFAULT    13 _ZNSt4__n112basic_stringIcNS_11char_traitsIcEENS_9allocatorIcEEEC1ERKS5_
   557: 00000000000702f0    13 FUNC    GLOBAL DEFAULT    13 _ZNKSt13bad_exception4whatEv
   558: 00000000000722f0    10 FUNC    GLOBAL DEFAULT    13 _ZNSt10bad_typeidD2Ev
   559: 0000000000021231    34 OBJECT  GLOBAL DEFAULT     9 _ZTSN10__cxxabiv117__pbase_type_infoE
   560: 0000000000085590    32 OBJECT  GLOBAL DEFAULT    19 _ZTIPKd
   561: 000000000002143a    37 OBJECT  GLOBAL DEFAULT     9 _ZTSN10__cxxabiv120__si_class_type_infoE
   562: 000000000007f380    50 FUNC    GLOBAL DEFAULT    13 _ZNSt4__n117__assoc_sub_state12__make_readyEv
   563: 000000000007a8b0   222 FUNC    GLOBAL DEFAULT    13 _ZNSt4__n14stodERKNS_12basic_stringIwNS_11char_traitsIwEENS_9allocatorIwEEEEPm
   564: 000000000007efe0    10 FUNC    GLOBAL DEFAULT    13 _ZNSt4__n112future_errorD1Ev
   565: 0000000000070290     6 FUNC    GLOBAL DEFAULT    13 _ZNSt13bad_exceptionD1Ev
   566: 00000000000213b3     5 OBJECT  GLOBAL DEFAULT     9 _ZTSPKDh
   567: 0000000000085540    32 OBJECT  GLOBAL DEFAULT    19 _ZTIPKf
   568: 000000000007fc50    13 FUNC    GLOBAL DEFAULT    13 _ZNSt13exception_ptrD2Ev
   569: 0000000000077350    59 FUNC    WEAK   DEFAULT    13 _ZNSt4__n112basic_stringIwNS_11char_traitsIwEENS_9allocatorIwEEE7replaceEmmPKw
   570: 0000000000085818    80 OBJECT  GLOBAL DEFAULT    19 _ZTVN10__cxxabiv120__si_class_type_infoE
   571: 0000000000070300    20 FUNC    GLOBAL DEFAULT    13 _ZNSt9bad_allocC2Ev
   572: 0000000000070290     6 FUNC    GLOBAL DEFAULT    13 _ZNSt9bad_allocD1Ev
   573: 00000000000855e0    32 OBJECT  GLOBAL DEFAULT    19 _ZTIPKg
   574: 00000000000213f2     5 OBJECT  GLOBAL DEFAULT     9 _ZTSPKDi
   575: 000000000007f720    85 FUNC    GLOBAL DEFAULT    13 _ZNSt4__n17promiseIvEC1Ev
   576: 0000000000075fe0   270 FUNC    WEAK   DEFAULT    13 _ZNSt4__n112basic_stringIcNS_11char_traitsIcEENS_9allocatorIcEEE9push_backEc
   577: 00000000000211c7    19 OBJECT  GLOBAL DEFAULT     9 _ZTSSt14overflow_error
   578: 0000000000085130    32 OBJECT  GLOBAL DEFAULT    19 _ZTIPKh
   579: 0000000000085270    32 OBJECT  GLOBAL DEFAULT    19 _ZTIPKi
   580: 00000000000742b0    19 FUNC    GLOBAL DEFAULT    13 _ZNSt4__n118condition_variable10notify_oneEv
   581: 000000000007f620    84 FUNC    GLOBAL DEFAULT    13 _ZNSt4__n16futureIvEC1EPNS_17__assoc_sub_stateE
   582: 00000000000852c0    32 OBJECT  GLOBAL DEFAULT    19 _ZTIPKj
   583: 0000000000085868    24 OBJECT  GLOBAL DEFAULT    19 _ZTIN10__cxxabiv120__si_class_type_infoE
   584: 000000000007d760    36 FUNC    GLOBAL DEFAULT    13 _ZNKSt4__n114error_category10equivalentEiRKNS_15error_conditionE
   585: 00000000000726a0    75 FUNC    GLOBAL DEFAULT    13 __cxa_allocate_exception
   586: 0000000000021320     5 OBJECT  GLOBAL DEFAULT     9 _ZTSPKDn
   587: 0000000000085310    32 OBJECT  GLOBAL DEFAULT    19 _ZTIPKl
   588: 000000000007dba0   335 FUNC    GLOBAL DEFAULT    13 _ZNSt4__n112system_errorC1ENS_10error_codeERKNS_12basic_stringIcNS_11char_traitsIcEENS_9allocatorIcEEEE
   589: 0000000000085360    32 OBJECT  GLOBAL DEFAULT    19 _ZTIPKm
   590: 000000000007fe00     6 FUNC    GLOBAL DEFAULT    13 _ZNSt4__n119__shared_weak_countD2Ev
   591: 0000000000070290     6 FUNC    GLOBAL DEFAULT    13 _ZNSt20bad_array_new_lengthD1Ev
   592: 0000000000070350    20 FUNC    GLOBAL DEFAULT    13 _ZNSt20bad_array_new_lengthC2Ev
   593: 0000000000085450    32 OBJECT  GLOBAL DEFAULT    19 _ZTIPKn
   594: 00000000000725d0    36 FUNC    WEAK   DEFAULT    13 _ZnamSt11align_val_tRKSt9nothrow_t
   595: 0000000000073bc0   169 FUNC    GLOBAL DEFAULT    13 _ZNSt4__n115recursive_mutexC2Ev
   596: 0000000000073c70    19 FUNC    GLOBAL DEFAULT    13 _ZNSt4__n115recursive_mutexD1Ev
   597: 0000000000075590   127 FUNC    WEAK   DEFAULT    13 _ZNKSt4__n112basic_stringIcNS_11char_traitsIcEENS_9allocatorIcEEE13find_first_ofEPKcmm
   598: 0000000000076fc0   367 FUNC    WEAK   DEFAULT    13 _ZNSt4__n112basic_stringIwNS_11char_traitsIwEENS_9allocatorIwEEE21__grow_by_and_replaceEmmmmmmPKw
   599: 000000000007e090   354 FUNC    GLOBAL DEFAULT    13 _ZNSt4__n112system_errorC2EiRKNS_14error_categoryEPKc
   600: 000000000002120f    34 OBJECT  GLOBAL DEFAULT     9 _ZTSN10__cxxabiv117__class_type_infoE
   601: 00000000000854a0    32 OBJECT  GLOBAL DEFAULT    19 _ZTIPKo
   602: 0000000000021558     8 OBJECT  WEAK   DEFAULT     9 _ZNSt4__n112basic_stringIcNS_11char_traitsIcEENS_9allocatorIcEEE4nposE
   603: 000000000007e2f0    10 FUNC    GLOBAL DEFAULT    13 _ZNSt4__n112system_errorD1Ev
   604: 0000000000072af0    16 FUNC    GLOBAL DEFAULT    13 __cxa_increment_exception_refcount
   605: 00000000000213e6     5 OBJECT  GLOBAL DEFAULT     9 _ZTSPKDs
   606: 000000000007fe00     6 FUNC    GLOBAL DEFAULT    13 _ZNSt4__n114__shared_countD2Ev
   607: 0000000000075840    10 FUNC    WEAK   DEFAULT    13 _ZNSt4__n112basic_stringIcNS_11char_traitsIcEENS_9allocatorIcEEE6assignEPKcm
   608: 0000000000075f10    54 FUNC    WEAK   DEFAULT    13 _ZNSt4__n112basic_stringIcNS_11char_traitsIcEENS_9allocatorIcEEE6insertEmPKc
   609: 0000000000078000   167 FUNC    WEAK   DEFAULT    13 _ZNSt4__n112basic_stringIwNS_11char_traitsIwEENS_9allocatorIwEEE6assignEPKwm
   610: 000000000007fdf0    13 FUNC    GLOBAL DEFAULT    13 _ZNKSt4__n112bad_weak_ptr4whatEv
   611: 000000000007fef0    40 FUNC    GLOBAL DEFAULT    13 _ZNSt4__n119__shared_weak_count14__release_weakEv
   612: 00000000000779d0    53 FUNC    WEAK   DEFAULT    13 _ZNSt4__n112basic_stringIwNS_11char_traitsIwEENS_9allocatorIwEEEaSEw
   613: 00000000000851d0    32 OBJECT  GLOBAL DEFAULT    19 _ZTIPKs
   614: 00000000000213da     5 OBJECT  GLOBAL DEFAULT     9 _ZTSPKDu
   615: 0000000000074f80   479 FUNC    WEAK   DEFAULT    13 _ZNSt4__n112basic_stringIcNS_11char_traitsIcEENS_9allocatorIcEEE6insertEmmc
   616: 0000000000077390   157 FUNC    WEAK   DEFAULT    13 _ZNSt4__n112basic_stringIwNS_11char_traitsIwEENS_9allocatorIwEEEC2ERKS5_RKS4_
   617: 00000000000471d0   109 FUNC    WEAK   DEFAULT    13 unw_step
   618: 0000000000075af0   391 FUNC    WEAK   DEFAULT    13 _ZNSt4__n112basic_stringIcNS_11char_traitsIcEENS_9allocatorIcEEE6appendEPKcm
   619: 00000000000702a0    28 FUNC    GLOBAL DEFAULT    13 _ZNSt9exceptionD0Ev
   620: 0000000000085220    32 OBJECT  GLOBAL DEFAULT    19 _ZTIPKt
   621: 000000000007fdc0    10 FUNC    GLOBAL DEFAULT    13 _ZNSt4__n112bad_weak_ptrD1Ev
   622: 000000000007ff60    22 FUNC    GLOBAL DEFAULT    13 _ZNSt4__n18__sp_mut4lockEv
   623: 0000000000021552     1 OBJECT  GLOBAL DEFAULT     9 _ZNSt4__n110adopt_lockE
   624: 0000000000078270   197 FUNC    WEAK   DEFAULT    13 _ZNSt4__n112basic_stringIwNS_11char_traitsIwEENS_9allocatorIwEEE6appendEPKwm
   625: 0000000000045eb0   804 FUNC    GLOBAL DEFAULT    13 _Unwind_RaiseException
   626: 0000000000074690   121 FUNC    GLOBAL DEFAULT    13 _ZNSt13runtime_errorC1EPKc
   627: 0000000000046a20   172 FUNC    GLOBAL DEFAULT    13 _Unwind_GetLanguageSpecificData
   628: 0000000000074470    19 FUNC    GLOBAL DEFAULT    13 _ZNSt4__n15mutexD1Ev
   629: 00000000000703a0    64 FUNC    GLOBAL DEFAULT    13 _ZNSt11logic_errorD1Ev
   630: 0000000000084fa0    32 OBJECT  GLOBAL DEFAULT    19 _ZTIPKv
   631: 0000000000073d10    79 FUNC    GLOBAL DEFAULT    13 _ZNSt4__n111timed_mutexD2Ev
   632: 0000000000074b70   196 FUNC    WEAK   DEFAULT    13 _ZNKSt4__n112basic_stringIcNS_11char_traitsIcEENS_9allocatorIcEEE5rfindEPKcmm
   633: 0000000000076b10    70 FUNC    WEAK   DEFAULT    13 _ZNSt4__n112basic_stringIcNS_11char_traitsIcEENS_9allocatorIcEEE7replaceEmmRKS5_mm
   634: 0000000000077130   201 FUNC    WEAK   DEFAULT    13 _ZNKSt4__n112basic_stringIwNS_11char_traitsIwEENS_9allocatorIwEEE5rfindEPKwmm
   635: 0000000000076ae0    39 FUNC    WEAK   DEFAULT    13 _ZNSt4__n112basic_stringIcNS_11char_traitsIcEENS_9allocatorIcEEE6appendEPKc
   636: 0000000000085090    32 OBJECT  GLOBAL DEFAULT    19 _ZTIPKw
   637: 0000000000074070   134 FUNC    GLOBAL DEFAULT    13 _ZNSt4__n121recursive_timed_mutex8try_lockEv
   638: 00000000000853b0    32 OBJECT  GLOBAL DEFAULT    19 _ZTIPKx
   639: 0000000000085400    32 OBJECT  GLOBAL DEFAULT    19 _ZTIPKy
   640: 0000000000084e88    24 OBJECT  GLOBAL DEFAULT    19 _ZTIN10__cxxabiv117__pbase_type_infoE
   641: 0000000000076410   196 FUNC    WEAK   DEFAULT    13 _ZNSt4__n112basic_stringIcNS_11char_traitsIcEENS_9allocatorIcEEE5eraseEmm
   642: 000000000007df30   352 FUNC    GLOBAL DEFAULT    13 _ZNSt4__n112system_errorC2EiRKNS_14error_categoryERKNS_12basic_stringIcNS_11char_traitsIcEENS_9allocatorIcEEEE
   643: 0000000000053110   141 FUNC    GLOBAL DEFAULT    13 __cxa_get_globals
   644: 0000000000052ec0    19 FUNC    GLOBAL DEFAULT    13 _ZSt10unexpectedv
   645: 0000000000084f58    24 OBJECT  GLOBAL DEFAULT    19 _ZTIN10__cxxabiv123__fundamental_type_infoE
   646: 00000000000858d0    24 OBJECT  GLOBAL DEFAULT    19 _ZTIN10__cxxabiv121__vmi_class_type_infoE
   647: 00000000000854f0    32 OBJECT  GLOBAL DEFAULT    19 _ZTIPKDh
   648: 0000000000072b00    84 FUNC    GLOBAL DEFAULT    13 __cxa_current_primary_exception
   649: 000000000002185e    26 OBJECT  GLOBAL DEFAULT     9 _ZTSNSt4__n114__shared_countE
   650: 000000000004c064     0 FUNC    WEAK   DEFAULT    13 unw_getcontext
   651: 0000000000084c00    24 OBJECT  GLOBAL DEFAULT    19 _ZTISt20bad_array_new_length
   652: 0000000000084c68    40 OBJECT  GLOBAL DEFAULT    19 _ZTVSt12domain_error
   653: 00000000000856d0    32 OBJECT  GLOBAL DEFAULT    19 _ZTIPKDi
   654: 00000000000725c0    10 FUNC    WEAK   DEFAULT    13 _ZnamSt11align_val_t
   655: 000000000007dba0   335 FUNC    GLOBAL DEFAULT    13 _ZNSt4__n112system_errorC2ENS_10error_codeERKNS_12basic_stringIcNS_11char_traitsIcEENS_9allocatorIcEEEE
   656: 000000000007e650    17 FUNC    GLOBAL DEFAULT    13 _ZNSt4__n16threadD2Ev
   657: 000000000007f900    42 FUNC    GLOBAL DEFAULT    13 _ZNSt4__n17promiseIvE10get_futureEv
   658: 00000000000752a0   131 FUNC    WEAK   DEFAULT    13 _ZNSt4__n112basic_stringIcNS_11char_traitsIcEENS_9allocatorIcEEE6__initEPKcm
   659: 0000000000076280    78 FUNC    WEAK   DEFAULT    13 _ZNKSt4__n112basic_stringIcNS_11char_traitsIcEENS_9allocatorIcEEE5rfindEcm
   660: 0000000000077a10   152 FUNC    WEAK   DEFAULT    13 _ZNSt4__n112basic_stringIwNS_11char_traitsIwEENS_9allocatorIwEEE6__initEPKwm
   661: 0000000000078c40   107 FUNC    WEAK   DEFAULT    13 _ZNKSt4__n112basic_stringIwNS_11char_traitsIwEENS_9allocatorIwEEE5rfindEwm
   662: 00000000000886b8     8 OBJECT  GLOBAL DEFAULT    24 __cxa_new_handler
   663: 0000000000021115    18 OBJECT  GLOBAL DEFAULT     9 _ZTSSt13bad_exception
   664: 0000000000084e58    24 OBJECT  GLOBAL DEFAULT    19 _ZTIN10__cxxabiv116__shim_type_infoE
   665: 0000000000079a70   255 FUNC    WEAK   DEFAULT    13 _ZNSt4__n1plIcNS_11char_traitsIcEENS_9allocatorIcEEEENS_12basic_stringIT_T0_T1_EEPKS6_RKS9_
   666: 0000000000079db0   226 FUNC    GLOBAL DEFAULT    13 _ZNSt4__n15stoulERKNS_12basic_stringIcNS_11char_traitsIcEENS_9allocatorIcEEEEPmi
   667: 0000000000084ca8    24 OBJECT  GLOBAL DEFAULT    19 _ZTISt12domain_error
   668: 0000000000070410    64 FUNC    GLOBAL DEFAULT    13 _ZNSt14overflow_errorD2Ev
   669: 0000000000046f50   279 FUNC    WEAK   DEFAULT    13 unw_set_reg
   670: 0000000000084ba8    40 OBJECT  GLOBAL DEFAULT    19 _ZTVSt13bad_exception
   671: 0000000000085a00    16 OBJECT  GLOBAL DEFAULT    19 _ZTISt9type_info
   672: 0000000000084ff0    32 OBJECT  GLOBAL DEFAULT    19 _ZTIPKDn
   673: 0000000000072240     6 FUNC    GLOBAL DEFAULT    13 _ZNSt9type_infoD1Ev
   674: 000000000007fe90    82 FUNC    GLOBAL DEFAULT    13 _ZNSt4__n119__shared_weak_count16__release_sharedEv
   675: 0000000000074770   677 FUNC    WEAK   DEFAULT    13 _ZNSt4__n112basic_stringIcNS_11char_traitsIcEENS_9allocatorIcEEE7replaceEmmPKcm
   676: 0000000000084b98    16 OBJECT  GLOBAL DEFAULT    19 _ZTISt9exception
   677: 00000000000722c0    13 FUNC    GLOBAL DEFAULT    13 _ZNKSt8bad_cast4whatEv
   678: 0000000000072410    10 FUNC    WEAK   DEFAULT    13 _Znam
   679: 00000000000742f0    60 FUNC    GLOBAL DEFAULT    13 _ZNSt4__n118condition_variable4waitERNS_11unique_lockINS_5mutexEEE
   680: 0000000000053a40  2080 FUNC    GLOBAL DEFAULT    13 __cxa_demangle
   681: 0000000000072350    18 FUNC    GLOBAL DEFAULT    13 __cxa_deleted_virtual
   682: 0000000000072cd0    39 FUNC    GLOBAL DEFAULT    13 __cxa_uncaught_exception
   683: 0000000000073f50   279 FUNC    GLOBAL DEFAULT    13 _ZNSt4__n121recursive_timed_mutex4lockEv
   684: 000000000007efe0    10 FUNC    GLOBAL DEFAULT    13 _ZNSt4__n112future_errorD2Ev
   685: 000000000007fe80    11 FUNC    GLOBAL DEFAULT    13 _ZNSt4__n119__shared_weak_count10__add_weakEv
   686: 0000000000046d40    74 FUNC    GLOBAL DEFAULT    13 _Unwind_SetIP
   687: 0000000000021127    25 OBJECT  GLOBAL DEFAULT     9 _ZTSSt20bad_array_new_length
   688: 0000000000070290     6 FUNC    GLOBAL DEFAULT    13 _ZNSt13bad_exceptionD2Ev
   689: 0000000000085680    32 OBJECT  GLOBAL DEFAULT    19 _ZTIPKDs
   690: 0000000000070290     6 FUNC    GLOBAL DEFAULT    13 _ZNSt9bad_allocD2Ev
   691: 00000000000213f7    34 OBJECT  GLOBAL DEFAULT     9 _ZTSN10__cxxabiv117__array_type_infoE
   692: 000000000007f720    85 FUNC    GLOBAL DEFAULT    13 _ZNSt4__n17promiseIvEC2Ev
   693: 000000000007f780   379 FUNC    GLOBAL DEFAULT    13 _ZNSt4__n17promiseIvED1Ev
   694: 0000000000021878    31 OBJECT  GLOBAL DEFAULT     9 _ZTSNSt4__n119__shared_weak_countE
   695: 0000000000077cb0   836 FUNC    WEAK   DEFAULT    13 _ZNSt4__n112basic_stringIwNS_11char_traitsIwEENS_9allocatorIwEEE7replaceEmmmw
   696: 000000000007cca0   521 FUNC    GLOBAL DEFAULT    13 _ZNSt4__n110to_wstringEd
   697: 0000000000085630    32 OBJECT  GLOBAL DEFAULT    19 _ZTIPKDu
   698: 0000000000079cd0   224 FUNC    GLOBAL DEFAULT    13 _ZNSt4__n14stolERKNS_12basic_stringIcNS_11char_traitsIcEENS_9allocatorIcEEEEPmi
   699: 0000000000085a40    72 OBJECT  GLOBAL DEFAULT    19 _ZTVNSt4__n114error_categoryE
   700: 000000000007d740     6 FUNC    GLOBAL DEFAULT    13 _ZNSt4__n114error_categoryD0Ev
   701: 000000000007f620    84 FUNC    GLOBAL DEFAULT    13 _ZNSt4__n16futureIvEC2EPNS_17__assoc_sub_stateE
   702: 000000000007a080   217 FUNC    GLOBAL DEFAULT    13 _ZNSt4__n14stofERKNS_12basic_stringIcNS_11char_traitsIcEENS_9allocatorIcEEEEPm
   703: 000000000007ca90   521 FUNC    GLOBAL DEFAULT    13 _ZNSt4__n110to_wstringEf
   704: 0000000000047070   163 FUNC    WEAK   DEFAULT    13 unw_get_fpreg
   705: 00000000000474f0   113 FUNC    WEAK   DEFAULT    13 unw_is_signal_frame
   706: 000000000007fe30    11 FUNC    GLOBAL DEFAULT    13 _ZNSt4__n114__shared_count12__add_sharedEv
   707: 000000000007ceb0   505 FUNC    GLOBAL DEFAULT    13 _ZNSt4__n110to_wstringEg
   708: 0000000000084ce8    24 OBJECT  GLOBAL DEFAULT    19 _ZTISt16invalid_argument
   709: 0000000000084ee8    56 OBJECT  GLOBAL DEFAULT    19 _ZTVN10__cxxabiv116__shim_type_infoE
   710: 0000000000073ed0    40 FUNC    GLOBAL DEFAULT    13 _ZNSt4__n121recursive_timed_mutexC1Ev
   711: 0000000000076640   163 FUNC    WEAK   DEFAULT    13 _ZNKSt4__n112basic_stringIcNS_11char_traitsIcEENS_9allocatorIcEEE7compareEmmPKc
   712: 0000000000073d60   162 FUNC    GLOBAL DEFAULT    13 _ZNSt4__n111timed_mutex4lockEv
   713: 0000000000079a20    72 FUNC    WEAK   DEFAULT    13 _ZNSt4__n112basic_stringIwNS_11char_traitsIwEENS_9allocatorIwEEE6insertEmRKS5_mm
   714: 000000000007b430   595 FUNC    GLOBAL DEFAULT    13 _ZNSt4__n110to_wstringEi
   715: 0000000000073b60    29 FUNC    GLOBAL DEFAULT    13 _ZNSt4__n15mutex4lockEv
   716: 000000000007fce0    27 FUNC    GLOBAL DEFAULT    13 _ZSt17current_exceptionv
   717: 000000000007bd30   499 FUNC    GLOBAL DEFAULT    13 _ZNSt4__n110to_wstringEj
   718: 0000000000070290     6 FUNC    GLOBAL DEFAULT    13 _ZNSt20bad_array_new_lengthD2Ev
   719: 00000000000859b8    40 OBJECT  GLOBAL DEFAULT    19 _ZTVSt10bad_typeid
   720: 00000000000859e0    32 OBJECT  GLOBAL DEFAULT    19 _ZTVSt9type_info
   721: 0000000000072460    10 FUNC    WEAK   DEFAULT    13 _ZdlPvRKSt9nothrow_t
   722: 0000000000073c70    19 FUNC    GLOBAL DEFAULT    13 _ZNSt4__n115recursive_mutexD2Ev
   723: 0000000000047570   264 FUNC    WEAK   DEFAULT    13 unw_iterate_dwarf_unwind_cache
   724: 0000000000021140    13 OBJECT  GLOBAL DEFAULT     9 _ZTSSt9bad_alloc
   725: 000000000007fb30    72 FUNC    GLOBAL DEFAULT    13 _ZNSt4__n113shared_futureIvEaSERKS1_
   726: 0000000000073b80    24 FUNC    GLOBAL DEFAULT    13 _ZNSt4__n15mutex8try_lockEv
   727: 000000000007b690   835 FUNC    GLOBAL DEFAULT    13 _ZNSt4__n110to_wstringEl
   728: 000000000007daa0   242 FUNC    GLOBAL DEFAULT    13 _ZNSt4__n112system_error6__initERKNS_10error_codeENS_12basic_stringIcNS_11char_traitsIcEENS_9allocatorIcEEEE
   729: 000000000007e2f0    10 FUNC    GLOBAL DEFAULT    13 _ZNSt4__n112system_errorD2Ev
   730: 0000000000084b70    40 OBJECT  GLOBAL DEFAULT    19 _ZTVSt9exception
   731: 000000000007bf30   739 FUNC    GLOBAL DEFAULT    13 _ZNSt4__n110to_wstringEm
   732: 000000000007e6f0    35 FUNC    GLOBAL DEFAULT    13 _ZNSt4__n16thread20hardware_concurrencyEv
   733: 0000000000075260    49 FUNC    WEAK   DEFAULT    13 _ZNSt4__n112basic_stringIcNS_11char_traitsIcEENS_9allocatorIcEEEaSEc
   734: 000000000007a5f0   231 FUNC    GLOBAL DEFAULT    13 _ZNSt4__n15stollERKNS_12basic_stringIwNS_11char_traitsIwEENS_9allocatorIwEEEEPmi
   735: 00000000000774c0    21 FUNC    WEAK   DEFAULT    13 _ZNSt4__n112basic_stringIwNS_11char_traitsIwEENS_9allocatorIwEEED1Ev
   736: 0000000000073ba0    19 FUNC    GLOBAL DEFAULT    13 _ZNSt4__n15mutex6unlockEv
   737: 0000000000072590    36 FUNC    WEAK   DEFAULT    13 _ZnwmSt11align_val_tRKSt9nothrow_t
   738: 000000000007f930   172 FUNC    GLOBAL DEFAULT    13 _ZNSt4__n17promiseIvE9set_valueEv
   739: 0000000000076730    39 FUNC    WEAK   DEFAULT    13 _ZNSt4__n112basic_stringIcNS_11char_traitsIcEENS_9allocatorIcEEE6assignEPKc
   740: 0000000000070290     6 FUNC    GLOBAL DEFAULT    13 _ZNSt9exceptionD1Ev
   741: 0000000000084c90    24 OBJECT  GLOBAL DEFAULT    19 _ZTISt11logic_error
   742: 0000000000085c80    48 OBJECT  GLOBAL DEFAULT    19 _ZTVNSt4__n117__assoc_sub_stateE
   743: 000000000007fdc0    10 FUNC    GLOBAL DEFAULT    13 _ZNSt4__n112bad_weak_ptrD2Ev
   744: 0000000000074690   121 FUNC    GLOBAL DEFAULT    13 _ZNSt13runtime_errorC2EPKc
   745: 000000000002129c    46 OBJECT  GLOBAL DEFAULT     9 _ZTSN10__cxxabiv129__pointer_to_member_type_infoE
   746: 0000000000074710    32 FUNC    GLOBAL DEFAULT    13 _ZNSt13runtime_errorC1ERKS_
   747: 0000000000079be0   232 FUNC    GLOBAL DEFAULT    13 _ZNSt4__n14stoiERKNS_12basic_stringIcNS_11char_traitsIcEENS_9allocatorIcEEEEPmi
   748: 000000000007e6b0    59 FUNC    GLOBAL DEFAULT    13 _ZNSt4__n16thread6detachEv
   749: 00000000000703a0    64 FUNC    GLOBAL DEFAULT    13 _ZNSt11logic_errorD2Ev
   750: 0000000000085c68    24 OBJECT  GLOBAL DEFAULT    19 _ZTINSt4__n112future_errorE
   751: 000000000007fb00    39 FUNC    GLOBAL DEFAULT    13 _ZNSt4__n113shared_futureIvED1Ev
   752: 0000000000074470    19 FUNC    GLOBAL DEFAULT    13 _ZNSt4__n15mutexD2Ev
   753: 0000000000074600   135 FUNC    GLOBAL DEFAULT    13 _ZNSt13runtime_errorC1ERKNSt4__n112basic_stringIcNS0_11char_traitsIcEENS0_9allocatorIcEEEE
   754: 0000000000076b60   432 FUNC    WEAK   DEFAULT    13 _ZNSt4__n112basic_stringIcNS_11char_traitsIcEENS_9allocatorIcEEE6insertENS_11__wrap_iterIPKcEEc
   755: 0000000000079460   163 FUNC    WEAK   DEFAULT    13 _ZNKSt4__n112basic_stringIwNS_11char_traitsIwEENS_9allocatorIwEEE7compareEmmRKS5_mm
   756: 000000000007a6e0   235 FUNC    GLOBAL DEFAULT    13 _ZNSt4__n16stoullERKNS_12basic_stringIwNS_11char_traitsIwEENS_9allocatorIwEEEEPmi
   757: 00000000000211ee    33 OBJECT  GLOBAL DEFAULT     9 _ZTSN10__cxxabiv116__shim_type_infoE
   758: 0000000000075160   256 FUNC    WEAK   DEFAULT    13 _ZNSt4__n112basic_stringIcNS_11char_traitsIcEENS_9allocatorIcEEE9__grow_byEmmmmmm
   759: 0000000000075f50   131 FUNC    WEAK   DEFAULT    13 _ZNKSt4__n112basic_stringIcNS_11char_traitsIcEENS_9allocatorIcEEE12find_last_ofEPKcmm
   760: 0000000000046970   169 FUNC    GLOBAL DEFAULT    13 _Unwind_ForcedUnwind
   761: 0000000000072370   107 FUNC    WEAK   DEFAULT    13 _Znwm
   762: 000000000007f9e0   123 FUNC    GLOBAL DEFAULT    13 _ZNSt4__n17promiseIvE13set_exceptionESt13exception_ptr
   763: 000000000007d910    75 FUNC    GLOBAL DEFAULT    13 _ZNSt4__n116generic_categoryEv
   764: 000000000007e531   139 FUNC    GLOBAL DEFAULT    13 __cxa_guard_release
   765: 00000000000211da    20 OBJECT  GLOBAL DEFAULT     9 _ZTSSt15underflow_error
   766: 000000000007f610    14 FUNC    GLOBAL DEFAULT    13 _ZNSt4__n117__assoc_sub_state9__executeEv
   767: 0000000000075990   337 FUNC    WEAK   DEFAULT    13 _ZNSt4__n112basic_stringIcNS_11char_traitsIcEENS_9allocatorIcEEE7reserveEm
   768: 0000000000077200   154 FUNC    WEAK   DEFAULT    13 _ZNSt4__n112basic_stringIwNS_11char_traitsIwEENS_9allocatorIwEEE6__initEPKwmm
   769: 0000000000021730    24 OBJECT  GLOBAL DEFAULT     9 _ZTSNSt4__n112system_errorE
   770: 0000000000072630    10 FUNC    WEAK   DEFAULT    13 _ZdaPvSt11align_val_t
   771: 000000000007e7b0   106 FUNC    GLOBAL DEFAULT    13 _ZNSt4__n119__thread_local_dataEv
   772: 000000000007b9e0   835 FUNC    GLOBAL DEFAULT    13 _ZNSt4__n110to_wstringEx
   773: 0000000000070450    28 FUNC    GLOBAL DEFAULT    13 _ZNSt13runtime_errorD0Ev
   774: 000000000007eb60    43 FUNC    GLOBAL DEFAULT    13 _ZNSt4__n115__thread_structC1Ev
   775: 000000000007c220   739 FUNC    GLOBAL DEFAULT    13 _ZNSt4__n110to_wstringEy
   776: 0000000000084e18    40 OBJECT  GLOBAL DEFAULT    19 _ZTVSt15underflow_error
   777: 0000000000085728    24 OBJECT  GLOBAL DEFAULT    19 _ZTIN10__cxxabiv117__array_type_infoE
   778: 0000000000085dc0    40 OBJECT  GLOBAL DEFAULT    19 _ZTINSt4__n119__shared_weak_countE
   779: 0000000000021551     1 OBJECT  GLOBAL DEFAULT     9 _ZNSt4__n111try_to_lockE
   780: 0000000000074a30   306 FUNC    WEAK   DEFAULT    13 _ZNSt4__n112basic_stringIcNS_11char_traitsIcEENS_9allocatorIcEEE21__grow_by_and_replaceEmmmmmmPKc
   781: 0000000000077af0   302 FUNC    WEAK   DEFAULT    13 _ZNSt4__n112basic_stringIwNS_11char_traitsIwEENS_9allocatorIwEEE6insertEmPKwm
   782: 0000000000077c20   132 FUNC    WEAK   DEFAULT    13 _ZNKSt4__n112basic_stringIwNS_11char_traitsIwEENS_9allocatorIwEEE13find_first_ofEPKwmm
   783: 00000000000742d0    19 FUNC    GLOBAL DEFAULT    13 _ZNSt4__n118condition_variable10notify_allEv
   784: 0000000000075d40   208 FUNC    WEAK   DEFAULT    13 _ZNSt4__n112basic_stringIcNS_11char_traitsIcEENS_9allocatorIcEEEC1ERKS5_mmRKS4_
   785: 0000000000084d80    40 OBJECT  GLOBAL DEFAULT    19 _ZTVSt11range_error
   786: 0000000000074330   175 FUNC    GLOBAL DEFAULT    13 _ZNSt4__n118condition_variable15__do_timed_waitERNS_11unique_lockINS_5mutexEEENS_6chrono10time_pointINS5_12system_clockENS5_8durationIxNS_5ratioILl1ELl1000000000EEEEEEE
   787: 00000000000217f0    29 OBJECT  GLOBAL DEFAULT     9 _ZTSNSt4__n117__assoc_sub_stateE
   788: 0000000000074ee0   153 FUNC    WEAK   DEFAULT    13 _ZNKSt4__n112basic_stringIcNS_11char_traitsIcEENS_9allocatorIcEEE17find_first_not_ofEPKcmm
   789: 0000000000078430   102 FUNC    WEAK   DEFAULT    13 _ZNKSt4__n112basic_stringIwNS_11char_traitsIwEENS_9allocatorIwEEE4copyEPwmm
   790: 0000000000076760   211 FUNC    WEAK   DEFAULT    13 _ZNKSt4__n112basic_stringIcNS_11char_traitsIcEENS_9allocatorIcEEE4findEPKcmm
   791: 000000000007e3ec   325 FUNC    GLOBAL DEFAULT    13 __cxa_guard_acquire
   792: 0000000000021183    17 OBJECT  GLOBAL DEFAULT     9 _ZTSSt12length_error
   793: 0000000000072240     6 FUNC    GLOBAL DEFAULT    13 _ZNSt9type_infoD2Ev
   794: 0000000000085c40    40 OBJECT  GLOBAL DEFAULT    19 _ZTVNSt4__n112future_errorE
   795: 000000000007e720   133 FUNC    GLOBAL DEFAULT    13 _ZNSt4__n111this_thread9sleep_forERKNS_6chrono8durationIxNS_5ratioILl1ELl1000000000EEEEE
   796: 00000000000722a0    28 FUNC    GLOBAL DEFAULT    13 _ZNSt8bad_castD0Ev
   797: 0000000000072270    20 FUNC    GLOBAL DEFAULT    13 _ZNSt8bad_castC1Ev
   798: 000000000002145f    38 OBJECT  GLOBAL DEFAULT     9 _ZTSN10__cxxabiv121__vmi_class_type_infoE
   799: 000000000007fa60    28 FUNC    GLOBAL DEFAULT    13 _ZNSt4__n17promiseIvE24set_value_at_thread_exitEv
   800: 000000000007a240   217 FUNC    GLOBAL DEFAULT    13 _ZNSt4__n15stoldERKNS_12basic_stringIcNS_11char_traitsIcEENS_9allocatorIcEEEEPm
   801: 000000000002116e    21 OBJECT  GLOBAL DEFAULT     9 _ZTSSt16invalid_argument
   802: 0000000000077ab0    57 FUNC    WEAK   DEFAULT    13 _ZNKSt4__n112basic_stringIwNS_11char_traitsIwEENS_9allocatorIwEEE2atEm
   803: 000000000007eee0    87 FUNC    GLOBAL DEFAULT    13 _ZNSt4__n115future_categoryEv
   804: 0000000000074da0   140 FUNC    WEAK   DEFAULT    13 _ZNSt4__n112basic_stringIcNS_11char_traitsIcEENS_9allocatorIcEEEC2ERKS5_RKS4_
   805: 00000000000780b0   116 FUNC    WEAK   DEFAULT    13 _ZNSt4__n112basic_stringIwNS_11char_traitsIwEENS_9allocatorIwEEE7reserveEm
   806: 0000000000078870   291 FUNC    WEAK   DEFAULT    13 _ZNSt4__n112basic_stringIwNS_11char_traitsIwEENS_9allocatorIwEEE9push_backEw
   807: 0000000000085880    80 OBJECT  GLOBAL DEFAULT    19 _ZTVN10__cxxabiv121__vmi_class_type_infoE
   808: 0000000000075610   557 FUNC    WEAK   DEFAULT    13 _ZNSt4__n112basic_stringIcNS_11char_traitsIcEENS_9allocatorIcEEE7replaceEmmmc
   809: 0000000000084cc0    40 OBJECT  GLOBAL DEFAULT    19 _ZTVSt16invalid_argument
   810: 000000000007f780   379 FUNC    GLOBAL DEFAULT    13 _ZNSt4__n17promiseIvED2Ev
   811: 000000000007ff80    22 FUNC    GLOBAL DEFAULT    13 _ZNSt4__n18__sp_mut6unlockEv
   812: 00000000000787d0   151 FUNC    WEAK   DEFAULT    13 _ZNKSt4__n112basic_stringIwNS_11char_traitsIwEENS_9allocatorIwEEE12find_last_ofEPKwmm
   813: 00000000000704c0    28 FUNC    GLOBAL DEFAULT    13 _ZNSt12length_errorD0Ev
   814: 00000000000729f0    55 FUNC    GLOBAL DEFAULT    13 __cxa_current_exception_type
   815: 000000000007f550   183 FUNC    GLOBAL DEFAULT    13 _ZNSt4__n117__assoc_sub_state4waitEv
   816: 000000000007d720    20 FUNC    GLOBAL DEFAULT    13 _ZNSt4__n114error_categoryC2Ev
   817: 000000000007da30     6 FUNC    GLOBAL DEFAULT    13 _ZNSt4__n114error_categoryD1Ev
   818: 0000000000079280    57 FUNC    WEAK   DEFAULT    13 _ZNSt4__n112basic_stringIwNS_11char_traitsIwEENS_9allocatorIwEEE2atEm
   819: 0000000000021560     8 OBJECT  WEAK   DEFAULT     9 _ZNSt4__n112basic_stringIwNS_11char_traitsIwEENS_9allocatorIwEEE4nposE
   820: 00000000000784a0   232 FUNC    WEAK   DEFAULT    13 _ZNSt4__n112basic_stringIwNS_11char_traitsIwEENS_9allocatorIwEEEC1ERKS5_mmRKS4_
   821: 0000000000084da8    24 OBJECT  GLOBAL DEFAULT    19 _ZTISt13runtime_error
   822: 000000000007fc60    19 FUNC    GLOBAL DEFAULT    13 _ZNSt13exception_ptrC1ERKS_
   823: 0000000000073ed0    40 FUNC    GLOBAL DEFAULT    13 _ZNSt4__n121recursive_timed_mutexC2Ev
   824: 0000000000073f00    79 FUNC    GLOBAL DEFAULT    13 _ZNSt4__n121recursive_timed_mutexD1Ev
   825: 00000000000745a0    32 FUNC    GLOBAL DEFAULT    13 _ZNSt11logic_errorC1ERKS_
   826: 0000000000074490   135 FUNC    GLOBAL DEFAULT    13 _ZNSt11logic_errorC1ERKNSt4__n112basic_stringIcNS0_11char_traitsIcEENS0_9allocatorIcEEEE
   827: 0000000000070480    28 FUNC    GLOBAL DEFAULT    13 _ZNSt12domain_errorD0Ev
   828: 0000000000070540    28 FUNC    GLOBAL DEFAULT    13 _ZNSt15underflow_errorD0Ev
   829: 0000000000021194    17 OBJECT  GLOBAL DEFAULT     9 _ZTSSt12out_of_range
   830: 0000000000021845     1 OBJECT  GLOBAL DEFAULT     9 _ZNSt4__n113allocator_argE
   831: 0000000000078790    54 FUNC    WEAK   DEFAULT    13 _ZNSt4__n112basic_stringIwNS_11char_traitsIwEENS_9allocatorIwEEE6insertEmPKw
   832: 000000000007e5bc   143 FUNC    GLOBAL DEFAULT    13 __cxa_guard_abort
   833: 0000000000085990    40 OBJECT  GLOBAL DEFAULT    19 _ZTVSt8bad_cast
   834: 0000000000072480    10 FUNC    WEAK   DEFAULT    13 _ZdaPv
   835: 00000000000774c0    21 FUNC    WEAK   DEFAULT    13 _ZNSt4__n112basic_stringIwNS_11char_traitsIwEENS_9allocatorIwEEED2Ev
   836: 0000000000079370   238 FUNC    WEAK   DEFAULT    13 _ZNKSt4__n112basic_stringIwNS_11char_traitsIwEENS_9allocatorIwEEE4findEPKwmm
   837: 0000000000070500    28 FUNC    GLOBAL DEFAULT    13 _ZNSt11range_errorD0Ev
   838: 0000000000072620    13 FUNC    WEAK   DEFAULT    13 _ZdlPvmSt11align_val_t
   839: 000000000007ff20    46 FUNC    GLOBAL DEFAULT    13 _ZNSt4__n119__shared_weak_count4lockEv
   840: 0000000000084e70    24 OBJECT  GLOBAL DEFAULT    19 _ZTIN10__cxxabiv117__class_type_infoE
   841: 0000000000070290     6 FUNC    GLOBAL DEFAULT    13 _ZNSt9exceptionD2Ev
   842: 0000000000085d38    24 OBJECT  GLOBAL DEFAULT    19 _ZTINSt4__n112bad_weak_ptrE
   843: 000000000007ebc0    13 FUNC    GLOBAL DEFAULT    13 _ZNSt4__n115__thread_struct25notify_all_at_thread_exitEPNS_18condition_variableEPNS_5mutexE
   844: 000000000007a7d0   222 FUNC    GLOBAL DEFAULT    13 _ZNSt4__n14stofERKNS_12basic_stringIwNS_11char_traitsIwEENS_9allocatorIwEEEEPm
   845: 00000000000704e0    28 FUNC    GLOBAL DEFAULT    13 _ZNSt12out_of_rangeD0Ev
   846: 00000000000211b5    18 OBJECT  GLOBAL DEFAULT     9 _ZTSSt13runtime_error
   847: 0000000000074710    32 FUNC    GLOBAL DEFAULT    13 _ZNSt13runtime_errorC2ERKS_
   848: 00000000000531a0    53 FUNC    GLOBAL DEFAULT    13 __cxa_get_globals_fast
   849: 000000000007fb00    39 FUNC    GLOBAL DEFAULT    13 _ZNSt4__n113shared_futureIvED2Ev
   850: 000000000007d790    20 FUNC    GLOBAL DEFAULT    13 _ZNKSt4__n114error_category10equivalentERKNS_10error_codeEi
